../Core/Src/lcd_touch.c:96:14:fclamp	24	static
../Core/Src/lcd_touch.c:100:14:adc_norm_x	16	static
../Core/Src/lcd_touch.c:104:14:adc_norm_y	16	static
../Core/Src/lcd_touch.c:127:13:LCD_GPIO_Init	48	static
../Core/Src/lcd_touch.c:191:20:LCD_Write8	16	static
../Core/Src/lcd_touch.c:203:6:TFT_24S_Write_Command	16	static
../Core/Src/lcd_touch.c:211:6:TFT_24S_Write_Data	16	static
../Core/Src/lcd_touch.c:218:20:LCD_Write8Register8	16	static
../Core/Src/lcd_touch.c:225:20:LCD_Write16Register8	16	static
../Core/Src/lcd_touch.c:242:20:LCD_Write32Register8	16	static
../Core/Src/lcd_touch.c:304:6:LCD_init	8	static
../Core/Src/lcd_touch.c:425:6:LCD_Flood	24	static
../Core/Src/lcd_touch.c:449:6:LCD_SetAddrWindow	24	static
../Core/Src/lcd_touch.c:457:6:LCD_FillScreen	16	static
../Core/Src/lcd_touch.c:463:6:LCD_SetRotation	24	static
../Core/Src/lcd_touch.c:492:6:LCD_DrawBMP	72	static
../Core/Src/lcd_touch.c:571:6:LCD_DrawPixel	16	static
../Core/Src/lcd_touch.c:582:6:LCD_DrawLine	48	static
../Core/Src/lcd_touch.c:623:6:LCD_DrawFastHLine	32	static
../Core/Src/lcd_touch.c:646:6:LCD_DrawFastVLine	32	static
../Core/Src/lcd_touch.c:666:6:LCD_DrawRect	24	static
../Core/Src/lcd_touch.c:673:6:LCD_FillRect	32	static
../Core/Src/lcd_touch.c:703:6:LCD_DrawCircle	40	static
../Core/Src/lcd_touch.c:736:6:LCD_DrawCircleHelper	40	static
../Core/Src/lcd_touch.c:771:6:LCD_FillCircle	32	static
../Core/Src/lcd_touch.c:776:6:LCD_FillCircleHelper	40	static
../Core/Src/lcd_touch.c:805:6:LCD_DrawTriangle	32	static
../Core/Src/lcd_touch.c:811:6:LCD_FillTriangle	72	static
../Core/Src/lcd_touch.c:887:6:LCD_DrawRoundRect	32	static
../Core/Src/lcd_touch.c:900:6:LCD_FillRoundRect	32	static
../Core/Src/lcd_touch.c:909:6:LCD_SetCursor	16	static
../Core/Src/lcd_touch.c:914:6:LCD_DrawChar	64	static
../Core/Src/lcd_touch.c:975:6:LCD_Printf	40	static
../Core/Src/lcd_touch.c:1026:6:GPIO_DrawMode	40	static
../Core/Src/lcd_touch.c:1093:17:ADC_GetValue	40	static
../Core/Src/lcd_touch.c:1114:13:GPIO_SetPinMode	48	static
../Core/Src/lcd_touch.c:1124:13:ADC_GPIOA_init	40	static
../Core/Src/lcd_touch.c:1132:13:ADC_GPIOB_init	40	static
../Core/Src/lcd_touch.c:1140:10:touchX	8	static
../Core/Src/lcd_touch.c:1156:10:touchY	16	static
../Core/Src/lcd_touch.c:1175:20:LCD_Touch_Read	24	static
