Archive member included to satisfy reference by file (symbol)

c:/st/stm32cubeide_1.10.1/stm32cubeide/plugins/com.st.stm32cube.ide.mcu.externaltools.gnu-tools-for-stm32.10.3-2021.10.win32_1.0.0.202111181127/tools/bin/../lib/gcc/arm-none-eabi/10.3.1/../../../../arm-none-eabi/lib/thumb/v7e-m+fp/hard\libc_nano.a(lib_a-errno.o)
                              ./Core/Src/syscalls.o (__errno)
c:/st/stm32cubeide_1.10.1/stm32cubeide/plugins/com.st.stm32cube.ide.mcu.externaltools.gnu-tools-for-stm32.10.3-2021.10.win32_1.0.0.202111181127/tools/bin/../lib/gcc/arm-none-eabi/10.3.1/../../../../arm-none-eabi/lib/thumb/v7e-m+fp/hard\libc_nano.a(lib_a-exit.o)
                              c:/st/stm32cubeide_1.10.1/stm32cubeide/plugins/com.st.stm32cube.ide.mcu.externaltools.gnu-tools-for-stm32.10.3-2021.10.win32_1.0.0.202111181127/tools/bin/../lib/gcc/arm-none-eabi/10.3.1/../../../../arm-none-eabi/lib/thumb/v7e-m+fp/hard/crt0.o (exit)
c:/st/stm32cubeide_1.10.1/stm32cubeide/plugins/com.st.stm32cube.ide.mcu.externaltools.gnu-tools-for-stm32.10.3-2021.10.win32_1.0.0.202111181127/tools/bin/../lib/gcc/arm-none-eabi/10.3.1/../../../../arm-none-eabi/lib/thumb/v7e-m+fp/hard\libc_nano.a(lib_a-impure.o)
                              c:/st/stm32cubeide_1.10.1/stm32cubeide/plugins/com.st.stm32cube.ide.mcu.externaltools.gnu-tools-for-stm32.10.3-2021.10.win32_1.0.0.202111181127/tools/bin/../lib/gcc/arm-none-eabi/10.3.1/../../../../arm-none-eabi/lib/thumb/v7e-m+fp/hard\libc_nano.a(lib_a-exit.o) (_global_impure_ptr)
c:/st/stm32cubeide_1.10.1/stm32cubeide/plugins/com.st.stm32cube.ide.mcu.externaltools.gnu-tools-for-stm32.10.3-2021.10.win32_1.0.0.202111181127/tools/bin/../lib/gcc/arm-none-eabi/10.3.1/../../../../arm-none-eabi/lib/thumb/v7e-m+fp/hard\libc_nano.a(lib_a-init.o)
                              c:/st/stm32cubeide_1.10.1/stm32cubeide/plugins/com.st.stm32cube.ide.mcu.externaltools.gnu-tools-for-stm32.10.3-2021.10.win32_1.0.0.202111181127/tools/bin/../lib/gcc/arm-none-eabi/10.3.1/../../../../arm-none-eabi/lib/thumb/v7e-m+fp/hard/crt0.o (__libc_init_array)
c:/st/stm32cubeide_1.10.1/stm32cubeide/plugins/com.st.stm32cube.ide.mcu.externaltools.gnu-tools-for-stm32.10.3-2021.10.win32_1.0.0.202111181127/tools/bin/../lib/gcc/arm-none-eabi/10.3.1/../../../../arm-none-eabi/lib/thumb/v7e-m+fp/hard\libc_nano.a(lib_a-malloc.o)
                              ./Middlewares/ST/STM32_USB_Host_Library/Class/CDC/Src/usbh_cdc.o (malloc)
c:/st/stm32cubeide_1.10.1/stm32cubeide/plugins/com.st.stm32cube.ide.mcu.externaltools.gnu-tools-for-stm32.10.3-2021.10.win32_1.0.0.202111181127/tools/bin/../lib/gcc/arm-none-eabi/10.3.1/../../../../arm-none-eabi/lib/thumb/v7e-m+fp/hard\libc_nano.a(lib_a-memset.o)
                              c:/st/stm32cubeide_1.10.1/stm32cubeide/plugins/com.st.stm32cube.ide.mcu.externaltools.gnu-tools-for-stm32.10.3-2021.10.win32_1.0.0.202111181127/tools/bin/../lib/gcc/arm-none-eabi/10.3.1/../../../../arm-none-eabi/lib/thumb/v7e-m+fp/hard/crt0.o (memset)
c:/st/stm32cubeide_1.10.1/stm32cubeide/plugins/com.st.stm32cube.ide.mcu.externaltools.gnu-tools-for-stm32.10.3-2021.10.win32_1.0.0.202111181127/tools/bin/../lib/gcc/arm-none-eabi/10.3.1/../../../../arm-none-eabi/lib/thumb/v7e-m+fp/hard\libc_nano.a(lib_a-nano-freer.o)
                              c:/st/stm32cubeide_1.10.1/stm32cubeide/plugins/com.st.stm32cube.ide.mcu.externaltools.gnu-tools-for-stm32.10.3-2021.10.win32_1.0.0.202111181127/tools/bin/../lib/gcc/arm-none-eabi/10.3.1/../../../../arm-none-eabi/lib/thumb/v7e-m+fp/hard\libc_nano.a(lib_a-malloc.o) (_free_r)
c:/st/stm32cubeide_1.10.1/stm32cubeide/plugins/com.st.stm32cube.ide.mcu.externaltools.gnu-tools-for-stm32.10.3-2021.10.win32_1.0.0.202111181127/tools/bin/../lib/gcc/arm-none-eabi/10.3.1/../../../../arm-none-eabi/lib/thumb/v7e-m+fp/hard\libc_nano.a(lib_a-nano-mallocr.o)
                              c:/st/stm32cubeide_1.10.1/stm32cubeide/plugins/com.st.stm32cube.ide.mcu.externaltools.gnu-tools-for-stm32.10.3-2021.10.win32_1.0.0.202111181127/tools/bin/../lib/gcc/arm-none-eabi/10.3.1/../../../../arm-none-eabi/lib/thumb/v7e-m+fp/hard\libc_nano.a(lib_a-malloc.o) (_malloc_r)
c:/st/stm32cubeide_1.10.1/stm32cubeide/plugins/com.st.stm32cube.ide.mcu.externaltools.gnu-tools-for-stm32.10.3-2021.10.win32_1.0.0.202111181127/tools/bin/../lib/gcc/arm-none-eabi/10.3.1/../../../../arm-none-eabi/lib/thumb/v7e-m+fp/hard\libc_nano.a(lib_a-sbrkr.o)
                              c:/st/stm32cubeide_1.10.1/stm32cubeide/plugins/com.st.stm32cube.ide.mcu.externaltools.gnu-tools-for-stm32.10.3-2021.10.win32_1.0.0.202111181127/tools/bin/../lib/gcc/arm-none-eabi/10.3.1/../../../../arm-none-eabi/lib/thumb/v7e-m+fp/hard\libc_nano.a(lib_a-nano-mallocr.o) (_sbrk_r)
c:/st/stm32cubeide_1.10.1/stm32cubeide/plugins/com.st.stm32cube.ide.mcu.externaltools.gnu-tools-for-stm32.10.3-2021.10.win32_1.0.0.202111181127/tools/bin/../lib/gcc/arm-none-eabi/10.3.1/../../../../arm-none-eabi/lib/thumb/v7e-m+fp/hard\libc_nano.a(lib_a-setbuf.o)
[...]
Memory Configuration

Name             Origin             Length             Attributes
CCMRAM           0x0000000010000000 0x0000000000010000 xrw
RAM              0x0000000020000000 0x0000000000020000 xrw
FLASH            0x0000000008000000 0x0000000000100000 xr
*default*        0x0000000000000000 0xffffffffffffffff

Linker script and memory map

LOAD c:/st/stm32cubeide_1.10.1/stm32cubeide/plugins/com.st.stm32cube.ide.mcu.externaltools.gnu-tools-for-stm32.10.3-2021.10.win32_1.0.0.202111181127/tools/bin/../lib/gcc/arm-none-eabi/10.3.1/thumb/v7e-m+fp/hard/crti.o
LOAD c:/st/stm32cubeide_1.10.1/stm32cubeide/plugins/com.st.stm32cube.ide.mcu.externaltools.gnu-tools-for-stm32.10.3-2021.10.win32_1.0.0.202111181127/tools/bin/../lib/gcc/arm-none-eabi/10.3.1/thumb/v7e-m+fp/hard/crtbegin.o
LOAD c:/st/stm32cubeide_1.10.1/stm32cubeide/plugins/com.st.stm32cube.ide.mcu.externaltools.gnu-tools-for-stm32.10.3-2021.10.win32_1.0.0.202111181127/tools/bin/../lib/gcc/arm-none-eabi/10.3.1/../../../../arm-none-eabi/lib/thumb/v7e-m+fp/hard/crt0.o
LOAD ./Core/Src/lcdIli9341/lcdIli9341.o
LOAD ./Core/Src/main.o
LOAD ./Core/Src/retarget.o
LOAD ./Core/Src/stm32f4xx_hal_msp.o
LOAD ./Core/Src/stm32f4xx_it.o
LOAD ./Core/Src/syscalls.o
LOAD ./Core/Src/sysmem.o
LOAD ./Core/Src/system_stm32f4xx.o
LOAD ./Core/Src/ov7670/ov7670.o
LOAD ./Core/Src/uartTerminal/uartTerminal.o
LOAD ./Core/Startup/startup_stm32f407vgtx.o
LOAD ./Drivers/STM32F4xx_HAL_Driver/Src/stm32f4xx_hal.o
LOAD ./Drivers/STM32F4xx_HAL_Driver/Src/stm32f4xx_hal_cortex.o
LOAD ./Drivers/STM32F4xx_HAL_Driver/Src/stm32f4xx_hal_dcmi.o
LOAD ./Drivers/STM32F4xx_HAL_Driver/Src/stm32f4xx_hal_dcmi_ex.o
LOAD ./Drivers/STM32F4xx_HAL_Driver/Src/stm32f4xx_hal_dma.o
LOAD ./Drivers/STM32F4xx_HAL_Driver/Src/stm32f4xx_hal_dma_ex.o
LOAD ./Drivers/STM32F4xx_HAL_Driver/Src/stm32f4xx_hal_exti.o
LOAD ./Drivers/STM32F4xx_HAL_Driver/Src/stm32f4xx_hal_flash.o
LOAD ./Drivers/STM32F4xx_HAL_Driver/Src/stm32f4xx_hal_flash_ex.o
LOAD ./Drivers/STM32F4xx_HAL_Driver/Src/stm32f4xx_hal_flash_ramfunc.o
LOAD ./Drivers/STM32F4xx_HAL_Driver/Src/stm32f4xx_hal_gpio.o
LOAD ./Drivers/STM32F4xx_HAL_Driver/Src/stm32f4xx_hal_hcd.o
LOAD ./Drivers/STM32F4xx_HAL_Driver/Src/stm32f4xx_hal_i2c.o
LOAD ./Drivers/STM32F4xx_HAL_Driver/Src/stm32f4xx_hal_i2c_ex.o
LOAD ./Drivers/STM32F4xx_HAL_Driver/Src/stm32f4xx_hal_pwr.o
LOAD ./Drivers/STM32F4xx_HAL_Driver/Src/stm32f4xx_hal_pwr_ex.o
LOAD ./Drivers/STM32F4xx_HAL_Driver/Src/stm32f4xx_hal_rcc.o
LOAD ./Drivers/STM32F4xx_HAL_Driver/Src/stm32f4xx_hal_rcc_ex.o
LOAD ./Drivers/STM32F4xx_HAL_Driver/Src/stm32f4xx_hal_spi.o
LOAD ./Drivers/STM32F4xx_HAL_Driver/Src/stm32f4xx_hal_sram.o
LOAD ./Drivers/STM32F4xx_HAL_Driver/Src/stm32f4xx_hal_tim.o
LOAD ./Drivers/STM32F4xx_HAL_Driver/Src/stm32f4xx_hal_tim_ex.o
LOAD ./Drivers/STM32F4xx_HAL_Driver/Src/stm32f4xx_hal_uart.o
LOAD ./Drivers/STM32F4xx_HAL_Driver/Src/stm32f4xx_ll_fsmc.o
LOAD ./Drivers/STM32F4xx_HAL_Driver/Src/stm32f4xx_ll_usb.o
LOAD ./Middlewares/ST/STM32_USB_Host_Library/Class/CDC/Src/usbh_cdc.o
LOAD ./Middlewares/ST/STM32_USB_Host_Library/Core/Src/usbh_core.o
LOAD ./Middlewares/ST/STM32_USB_Host_Library/Core/Src/usbh_ctlreq.o
LOAD ./Middlewares/ST/STM32_USB_Host_Library/Core/Src/usbh_ioreq.o
LOAD ./Middlewares/ST/STM32_USB_Host_Library/Core/Src/usbh_pipes.o
LOAD ./USB_HOST/App/usb_host.o
LOAD ./USB_HOST/Target/usbh_conf.o
LOAD ./USB_HOST/Target/usbh_platform.o
START GROUP
LOAD c:/st/stm32cubeide_1.10.1/stm32cubeide/plugins/com.st.stm32cube.ide.mcu.externaltools.gnu-tools-for-stm32.10.3-2021.10.win32_1.0.0.202111181127/tools/bin/../lib/gcc/arm-none-eabi/10.3.1/../../../../arm-none-eabi/lib/thumb/v7e-m+fp/hard\libc_nano.a
LOAD c:/st/stm32cubeide_1.10.1/stm32cubeide/plugins/com.st.stm32cube.ide.mcu.externaltools.gnu-tools-for-stm32.10.3-2021.10.win32_1.0.0.202111181127/tools/bin/../lib/gcc/arm-none-eabi/10.3.1/../../../../arm-none-eabi/lib/thumb/v7e-m+fp/hard\libm.a
END GROUP
START GROUP
LOAD c:/st/stm32cubeide_1.10.1/stm32cubeide/plugins/com.st.stm32cube.ide.mcu.externaltools.gnu-tools-for-stm32.10.3-2021.10.win32_1.0.0.202111181127/tools/bin/../lib/gcc/arm-none-eabi/10.3.1/thumb/v7e-m+fp/hard\libgcc.a
LOAD c:/st/stm32cubeide_1.10.1/stm32cubeide/plugins/com.st.stm32cube.ide.mcu.externaltools.gnu-tools-for-stm32.10.3-2021.10.win32_1.0.0.202111181127/tools/bin/../lib/gcc/arm-none-eabi/10.3.1/../../../../arm-none-eabi/lib/thumb/v7e-m+fp/hard\libc_nano.a
END GROUP
START GROUP
LOAD c:/st/stm32cubeide_1.10.1/stm32cubeide/plugins/com.st.stm32cube.ide.mcu.externaltools.gnu-tools-for-stm32.10.3-2021.10.win32_1.0.0.202111181127/tools/bin/../lib/gcc/arm-none-eabi/10.3.1/thumb/v7e-m+fp/hard\libgcc.a
LOAD c:/st/stm32cubeide_1.10.1/stm32cubeide/plugins/com.st.stm32cube.ide.mcu.externaltools.gnu-tools-for-stm32.10.3-2021.10.win32_1.0.0.202111181127/tools/bin/../lib/gcc/arm-none-eabi/10.3.1/../../../../arm-none-eabi/lib/thumb/v7e-m+fp/hard\libc_nano.a
LOAD c:/st/stm32cubeide_1.10.1/stm32cubeide/plugins/com.st.stm32cube.ide.mcu.externaltools.gnu-tools-for-stm32.10.3-2021.10.win32_1.0.0.202111181127/tools/bin/../lib/gcc/arm-none-eabi/10.3.1/../../../../arm-none-eabi/lib/thumb/v7e-m+fp/hard\libnosys.a
END GROUP
START GROUP
LOAD c:/st/stm32cubeide_1.10.1/stm32cubeide/plugins/com.st.stm32cube.ide.mcu.externaltools.gnu-tools-for-stm32.10.3-2021.10.win32_1.0.0.202111181127/tools/bin/../lib/gcc/arm-none-eabi/10.3.1/thumb/v7e-m+fp/hard\libgcc.a
LOAD c:/st/stm32cubeide_1.10.1/stm32cubeide/plugins/com.st.stm32cube.ide.mcu.externaltools.gnu-tools-for-stm32.10.3-2021.10.win32_1.0.0.202111181127/tools/bin/../lib/gcc/arm-none-eabi/10.3.1/../../../../arm-none-eabi/lib/thumb/v7e-m+fp/hard\libc_nano.a
LOAD c:/st/stm32cubeide_1.10.1/stm32cubeide/plugins/com.st.stm32cube.ide.mcu.externaltools.gnu-tools-for-stm32.10.3-2021.10.win32_1.0.0.202111181127/tools/bin/../lib/gcc/arm-none-eabi/10.3.1/../../../../arm-none-eabi/lib/thumb/v7e-m+fp/hard\libnosys.a
END GROUP
LOAD c:/st/stm32cubeide_1.10.1/stm32cubeide/plugins/com.st.stm32cube.ide.mcu.externaltools.gnu-tools-for-stm32.10.3-2021.10.win32_1.0.0.202111181127/tools/bin/../lib/gcc/arm-none-eabi/10.3.1/thumb/v7e-m+fp/hard/crtend.o
LOAD c:/st/stm32cubeide_1.10.1/stm32cubeide/plugins/com.st.stm32cube.ide.mcu.externaltools.gnu-tools-for-stm32.10.3-2021.10.win32_1.0.0.202111181127/tools/bin/../lib/gcc/arm-none-eabi/10.3.1/thumb/v7e-m+fp/hard/crtn.o
                0x0000000020020000                _estack = (ORIGIN (RAM) + LENGTH (RAM))
                0x0000000000000200                _Min_Heap_Size = 0x200
                0x0000000000000400                _Min_Stack_Size = 0x400

.isr_vector     0x0000000008000000      0x188
                0x0000000008000000                . = ALIGN (0x4)
 *(.isr_vector)
 .isr_vector    0x0000000008000000      0x188 ./Core/Startup/startup_stm32f407vgtx.o
                0x0000000008000000                g_pfnVectors
                0x0000000008000188                . = ALIGN (0x4)

.text           0x0000000008000188     0xc788
                0x0000000008000188                . = ALIGN (0x4)
 *(.text)
 .text          0x0000000008000188       0x40 c:/st/stm32cubeide_1.10.1/stm32cubeide/plugins/com.st.stm32cube.ide.mcu.externaltools.gnu-tools-for-stm32.10.3-2021.10.win32_1.0.0.202111181127/tools/bin/../lib/gcc/arm-none-eabi/10.3.1/thumb/v7e-m+fp/hard/crtbegin.o
 .text          0x00000000080001c8       0x30 c:/st/stm32cubeide_1.10.1/stm32cubeide/plugins/com.st.stm32cube.ide.mcu.externaltools.gnu-tools-for-stm32.10.3-2021.10.win32_1.0.0.202111181127/tools/bin/../lib/gcc/arm-none-eabi/10.3.1/thumb/v7e-m+fp/hard\libgcc.a(_aeabi_uldivmod.o)
                0x00000000080001c8                __aeabi_uldivmod
 .text          0x00000000080001f8      0x2d0 c:/st/stm32cubeide_1.10.1/stm32cubeide/plugins/com.st.stm32cube.ide.mcu.externaltools.gnu-tools-for-stm32.10.3-2021.10.win32_1.0.0.202111181127/tools/bin/../lib/gcc/arm-none-eabi/10.3.1/thumb/v7e-m+fp/hard\libgcc.a(_udivmoddi4.o)
                0x00000000080001f8                __udivmoddi4
 .text          0x00000000080004c8        0x4 c:/st/stm32cubeide_1.10.1/stm32cubeide/plugins/com.st.stm32cube.ide.mcu.externaltools.gnu-tools-for-stm32.10.3-2021.10.win32_1.0.0.202111181127/tools/bin/../lib/gcc/arm-none-eabi/10.3.1/thumb/v7e-m+fp/hard\libgcc.a(_dvmd_tls.o)
                0x00000000080004c8                __aeabi_idiv0
                0x00000000080004c8                __aeabi_ldiv0
 *(.text*)
 .text.lcdIli9341_getDrawAddress
                0x00000000080004cc       0x14 ./Core/Src/lcdIli9341/lcdIli9341.o
                0x00000000080004cc                lcdIli9341_getDrawAddress
 .text.ILI9341_SendCommand
                0x00000000080004e0       0x1e ./Core/Src/lcdIli9341/lcdIli9341.o
                0x00000000080004e0                ILI9341_SendCommand
 *fill*         0x00000000080004fe        0x2 
 .text.ILI9341_SendData
                0x0000000008000500       0x20 ./Core/Src/lcdIli9341/lcdIli9341.o
                0x0000000008000500                ILI9341_SendData
 .text.ILI9341_SetCursorPosition
                0x0000000008000520       0x98 ./Core/Src/lcdIli9341/lcdIli9341.o
                0x0000000008000520                ILI9341_SetCursorPosition
 .text.ILI9341_Init
                0x00000000080005b8      0x10a ./Core/Src/lcdIli9341/lcdIli9341.o
                0x00000000080005b8                ILI9341_Init
 *fill*         0x00000000080006c2        0x2 
 .text.ILI9341_Fill
                0x00000000080006c4       0x84 ./Core/Src/lcdIli9341/lcdIli9341.o
                0x00000000080006c4                ILI9341_Fill
 .text.ILI9341_setRotation
                0x0000000008000748       0x98 ./Core/Src/lcdIli9341/lcdIli9341.o
                0x0000000008000748                ILI9341_setRotation
 .text.main     0x00000000080007e0       0xc8 ./Core/Src/main.o
                0x00000000080007e0                main
 .text.SystemClock_Config
                0x00000000080008a8       0xe4 ./Core/Src/main.o
                0x00000000080008a8                SystemClock_Config
 .text.MX_DCMI_Init
                0x000000000800098c       0x50 ./Core/Src/main.o
 .text.MX_I2C2_Init
                0x00000000080009dc       0x5c ./Core/Src/main.o
 .text.MX_SPI1_Init
                0x0000000008000a38       0x6c ./Core/Src/main.o
 .text.MX_TIM5_Init
                0x0000000008000aa4       0xa8 ./Core/Src/main.o
 .text.MX_USART2_UART_Init
                0x0000000008000b4c       0x54 ./Core/Src/main.o
 .text.MX_USART3_UART_Init
                0x0000000008000ba0       0x54 ./Core/Src/main.o
 .text.MX_DMA_Init
                0x0000000008000bf4       0x7c ./Core/Src/main.o
 .text.MX_GPIO_Init
                0x0000000008000c70      0x1dc ./Core/Src/main.o
 .text.MX_FSMC_Init
                0x0000000008000e4c       0xc0 ./Core/Src/main.o
 .text.Error_Handler
                0x0000000008000f0c        0xa ./Core/Src/main.o
                0x0000000008000f0c                Error_Handler
 *fill*         0x0000000008000f16        0x2 
 .text.retarget_init
                0x0000000008000f18       0x40 ./Core/Src/retarget.o
                0x0000000008000f18                retarget_init
 .text.__io_putchar
                0x0000000008000f58       0x1c ./Core/Src/retarget.o
                0x0000000008000f58                __io_putchar
 .text.__io_getchar
                0x0000000008000f74        0xe ./Core/Src/retarget.o
                0x0000000008000f74                __io_getchar
 *fill*         0x0000000008000f82        0x2 
 .text.HAL_MspInit
                0x0000000008000f84       0x50 ./Core/Src/stm32f4xx_hal_msp.o
                0x0000000008000f84                HAL_MspInit
 .text.HAL_DCMI_MspInit
                0x0000000008000fd4      0x18c ./Core/Src/stm32f4xx_hal_msp.o
                0x0000000008000fd4                HAL_DCMI_MspInit
 .text.HAL_I2C_MspInit
                0x0000000008001160       0x90 ./Core/Src/stm32f4xx_hal_msp.o
                0x0000000008001160                HAL_I2C_MspInit
 .text.HAL_SPI_MspInit
                0x00000000080011f0       0xd0 ./Core/Src/stm32f4xx_hal_msp.o
                0x00000000080011f0                HAL_SPI_MspInit
 .text.HAL_TIM_Encoder_MspInit
                0x00000000080012c0       0x90 ./Core/Src/stm32f4xx_hal_msp.o
                0x00000000080012c0                HAL_TIM_Encoder_MspInit
 .text.HAL_UART_MspInit
                0x0000000008001350      0x1c8 ./Core/Src/stm32f4xx_hal_msp.o
                0x0000000008001350                HAL_UART_MspInit
 .text.HAL_FSMC_MspInit
                0x0000000008001518       0x98 ./Core/Src/stm32f4xx_hal_msp.o
 .text.HAL_SRAM_MspInit
                0x00000000080015b0       0x14 ./Core/Src/stm32f4xx_hal_msp.o
                0x00000000080015b0                HAL_SRAM_MspInit
 .text.NMI_Handler
                0x00000000080015c4        0x6 ./Core/Src/stm32f4xx_it.o
                0x00000000080015c4                NMI_Handler
 .text.HardFault_Handler
                0x00000000080015ca        0x6 ./Core/Src/stm32f4xx_it.o
                0x00000000080015ca                HardFault_Handler
 .text.MemManage_Handler
                0x00000000080015d0        0x6 ./Core/Src/stm32f4xx_it.o
                0x00000000080015d0                MemManage_Handler
 .text.BusFault_Handler
                0x00000000080015d6        0x6 ./Core/Src/stm32f4xx_it.o
                0x00000000080015d6                BusFault_Handler
 .text.UsageFault_Handler
                0x00000000080015dc        0x6 ./Core/Src/stm32f4xx_it.o
                0x00000000080015dc                UsageFault_Handler
 .text.SVC_Handler
                0x00000000080015e2        0xe ./Core/Src/stm32f4xx_it.o
                0x00000000080015e2                SVC_Handler
 .text.DebugMon_Handler
                0x00000000080015f0        0xe ./Core/Src/stm32f4xx_it.o
                0x00000000080015f0                DebugMon_Handler
 .text.PendSV_Handler
                0x00000000080015fe        0xe ./Core/Src/stm32f4xx_it.o
                0x00000000080015fe                PendSV_Handler
 .text.SysTick_Handler
                0x000000000800160c        0xc ./Core/Src/stm32f4xx_it.o
                0x000000000800160c                SysTick_Handler
 .text.DMA1_Stream1_IRQHandler
                0x0000000008001618       0x14 ./Core/Src/stm32f4xx_it.o
                0x0000000008001618                DMA1_Stream1_IRQHandler
 .text.DMA1_Stream5_IRQHandler
                0x000000000800162c       0x14 ./Core/Src/stm32f4xx_it.o
                0x000000000800162c                DMA1_Stream5_IRQHandler
 .text.DMA2_Stream1_IRQHandler
                0x0000000008001640       0x14 ./Core/Src/stm32f4xx_it.o
                0x0000000008001640                DMA2_Stream1_IRQHandler
 .text.OTG_FS_IRQHandler
                0x0000000008001654       0x14 ./Core/Src/stm32f4xx_it.o
                0x0000000008001654                OTG_FS_IRQHandler
 .text.DCMI_IRQHandler
                0x0000000008001668       0x14 ./Core/Src/stm32f4xx_it.o
                0x0000000008001668                DCMI_IRQHandler
 .text._read    0x000000000800167c       0x3a ./Core/Src/syscalls.o
                0x000000000800167c                _read
 .text._write   0x00000000080016b6       0x38 ./Core/Src/syscalls.o
                0x00000000080016b6                _write
 .text._close   0x00000000080016ee       0x18 ./Core/Src/syscalls.o
                0x00000000080016ee                _close
 .text._fstat   0x0000000008001706       0x20 ./Core/Src/syscalls.o
                0x0000000008001706                _fstat
 .text._lseek   0x0000000008001726       0x1a ./Core/Src/syscalls.o
                0x0000000008001726                _lseek
 .text._sbrk    0x0000000008001740       0x6c ./Core/Src/sysmem.o
                0x0000000008001740                _sbrk
 .text.SystemInit
                0x00000000080017ac       0x24 ./Core/Src/system_stm32f4xx.o
                0x00000000080017ac                SystemInit
 .text.ov7670_init
                0x00000000080017d0       0x7c ./Core/Src/ov7670/ov7670.o
                0x00000000080017d0                ov7670_init
 .text.ov7670_config
                0x000000000800184c       0x60 ./Core/Src/ov7670/ov7670.o
                0x000000000800184c                ov7670_config
 .text.ov7670_startCap
                0x00000000080018ac       0x68 ./Core/Src/ov7670/ov7670.o
                0x00000000080018ac                ov7670_startCap
 .text.ov7670_stopCap
                0x0000000008001914       0x18 ./Core/Src/ov7670/ov7670.o
                0x0000000008001914                ov7670_stopCap
 .text.HAL_DCMI_FrameEventCallback
                0x000000000800192c       0x64 ./Core/Src/ov7670/ov7670.o
                0x000000000800192c                HAL_DCMI_FrameEventCallback
 .text.HAL_DCMI_VsyncEventCallback
                0x0000000008001990       0x14 ./Core/Src/ov7670/ov7670.o
                0x0000000008001990                HAL_DCMI_VsyncEventCallback
 .text.ov7670_write
                0x00000000080019a4       0x40 ./Core/Src/ov7670/ov7670.o
 .text.ov7670_read
                0x00000000080019e4       0x4c ./Core/Src/ov7670/ov7670.o
 .text.uartTerminal_init
                0x0000000008001a30       0x38 ./Core/Src/uartTerminal/uartTerminal.o
                0x0000000008001a30                uartTerminal_init
 .text.uartTerminal_send
                0x0000000008001a68       0x38 ./Core/Src/uartTerminal/uartTerminal.o
                0x0000000008001a68                uartTerminal_send
 .text.uartTerminal_recv
                0x0000000008001aa0       0x68 ./Core/Src/uartTerminal/uartTerminal.o
                0x0000000008001aa0                uartTerminal_recv
 .text.Reset_Handler
                0x0000000008001b08       0x50 ./Core/Startup/startup_stm32f407vgtx.o
                0x0000000008001b08                Reset_Handler
 .text.Default_Handler
                0x0000000008001b58        0x2 ./Core/Startup/startup_stm32f407vgtx.o
                0x0000000008001b58                RTC_Alarm_IRQHandler
                0x0000000008001b58                HASH_RNG_IRQHandler
                0x0000000008001b58                EXTI2_IRQHandler
                0x0000000008001b58                TIM8_CC_IRQHandler
                0x0000000008001b58                TIM1_CC_IRQHandler
                0x0000000008001b58                DMA2_Stream5_IRQHandler
                0x0000000008001b58                PVD_IRQHandler
                0x0000000008001b58                SDIO_IRQHandler
                0x0000000008001b58                TAMP_STAMP_IRQHandler
                0x0000000008001b58                CAN2_RX1_IRQHandler
                0x0000000008001b58                EXTI3_IRQHandler
                0x0000000008001b58                TIM8_TRG_COM_TIM14_IRQHandler
                0x0000000008001b58                TIM1_UP_TIM10_IRQHandler
                0x0000000008001b58                TIM8_UP_TIM13_IRQHandler
                0x0000000008001b58                I2C3_ER_IRQHandler
                0x0000000008001b58                EXTI0_IRQHandler
                0x0000000008001b58                I2C2_EV_IRQHandler
                0x0000000008001b58                DMA1_Stream2_IRQHandler
                0x0000000008001b58                CAN1_RX0_IRQHandler
                0x0000000008001b58                FPU_IRQHandler
                0x0000000008001b58                OTG_HS_WKUP_IRQHandler
                0x0000000008001b58                CAN2_SCE_IRQHandler
                0x0000000008001b58                DMA2_Stream2_IRQHandler
                0x0000000008001b58                SPI1_IRQHandler
                0x0000000008001b58                TIM6_DAC_IRQHandler
                0x0000000008001b58                TIM1_BRK_TIM9_IRQHandler
                0x0000000008001b58                CAN2_RX0_IRQHandler
                0x0000000008001b58                DMA2_Stream3_IRQHandler
                0x0000000008001b58                USART6_IRQHandler
                0x0000000008001b58                USART3_IRQHandler
                0x0000000008001b58                CAN1_RX1_IRQHandler
                0x0000000008001b58                UART5_IRQHandler
                0x0000000008001b58                DMA2_Stream0_IRQHandler
                0x0000000008001b58                TIM4_IRQHandler
                0x0000000008001b58                I2C1_EV_IRQHandler
                0x0000000008001b58                DMA1_Stream6_IRQHandler
                0x0000000008001b58                UART4_IRQHandler
                0x0000000008001b58                TIM3_IRQHandler
                0x0000000008001b58                RCC_IRQHandler
                0x0000000008001b58                TIM8_BRK_TIM12_IRQHandler
                0x0000000008001b58                Default_Handler
                0x0000000008001b58                EXTI15_10_IRQHandler
                0x0000000008001b58                ADC_IRQHandler
                0x0000000008001b58                DMA1_Stream7_IRQHandler
                0x0000000008001b58                TIM7_IRQHandler
                0x0000000008001b58                CAN2_TX_IRQHandler
                0x0000000008001b58                TIM5_IRQHandler
                0x0000000008001b58                DMA2_Stream7_IRQHandler
                0x0000000008001b58                I2C3_EV_IRQHandler
                0x0000000008001b58                EXTI9_5_IRQHandler
                0x0000000008001b58                RTC_WKUP_IRQHandler
                0x0000000008001b58                ETH_WKUP_IRQHandler
                0x0000000008001b58                SPI2_IRQHandler
                0x0000000008001b58                OTG_HS_EP1_IN_IRQHandler
                0x0000000008001b58                DMA1_Stream0_IRQHandler
                0x0000000008001b58                CAN1_TX_IRQHandler
                0x0000000008001b58                EXTI4_IRQHandler
                0x0000000008001b58                FSMC_IRQHandler
                0x0000000008001b58                ETH_IRQHandler
                0x0000000008001b58                OTG_HS_EP1_OUT_IRQHandler
                0x0000000008001b58                WWDG_IRQHandler
                0x0000000008001b58                TIM2_IRQHandler
                0x0000000008001b58                OTG_FS_WKUP_IRQHandler
                0x0000000008001b58                TIM1_TRG_COM_TIM11_IRQHandler
                0x0000000008001b58                OTG_HS_IRQHandler
                0x0000000008001b58                EXTI1_IRQHandler
                0x0000000008001b58                USART2_IRQHandler
                0x0000000008001b58                I2C2_ER_IRQHandler
                0x0000000008001b58                CAN1_SCE_IRQHandler
                0x0000000008001b58                FLASH_IRQHandler
                0x0000000008001b58                DMA2_Stream4_IRQHandler
                0x0000000008001b58                USART1_IRQHandler
                0x0000000008001b58                SPI3_IRQHandler
                0x0000000008001b58                DMA1_Stream4_IRQHandler
                0x0000000008001b58                I2C1_ER_IRQHandler
                0x0000000008001b58                DMA2_Stream6_IRQHandler
                0x0000000008001b58                DMA1_Stream3_IRQHandler
 *fill*         0x0000000008001b5a        0x2 
 .text.HAL_Init
                0x0000000008001b5c       0x44 ./Drivers/STM32F4xx_HAL_Driver/Src/stm32f4xx_hal.o
                0x0000000008001b5c                HAL_Init
 .text.HAL_InitTick
                0x0000000008001ba0       0x60 ./Drivers/STM32F4xx_HAL_Driver/Src/stm32f4xx_hal.o
                0x0000000008001ba0                HAL_InitTick
 .text.HAL_IncTick
                0x0000000008001c00       0x28 ./Drivers/STM32F4xx_HAL_Driver/Src/stm32f4xx_hal.o
                0x0000000008001c00                HAL_IncTick
 .text.HAL_GetTick
                0x0000000008001c28       0x18 ./Drivers/STM32F4xx_HAL_Driver/Src/stm32f4xx_hal.o
                0x0000000008001c28                HAL_GetTick
 .text.HAL_Delay
                0x0000000008001c40       0x48 ./Drivers/STM32F4xx_HAL_Driver/Src/stm32f4xx_hal.o
                0x0000000008001c40                HAL_Delay
 .text.__NVIC_SetPriorityGrouping
                0x0000000008001c88       0x48 ./Drivers/STM32F4xx_HAL_Driver/Src/stm32f4xx_hal_cortex.o
 .text.__NVIC_GetPriorityGrouping
                0x0000000008001cd0       0x1c ./Drivers/STM32F4xx_HAL_Driver/Src/stm32f4xx_hal_cortex.o
 .text.__NVIC_EnableIRQ
                0x0000000008001cec       0x3c ./Drivers/STM32F4xx_HAL_Driver/Src/stm32f4xx_hal_cortex.o
 .text.__NVIC_SetPriority
                0x0000000008001d28       0x54 ./Drivers/STM32F4xx_HAL_Driver/Src/stm32f4xx_hal_cortex.o
 .text.NVIC_EncodePriority
                0x0000000008001d7c       0x66 ./Drivers/STM32F4xx_HAL_Driver/Src/stm32f4xx_hal_cortex.o
 *fill*         0x0000000008001de2        0x2 
 .text.SysTick_Config
                0x0000000008001de4       0x44 ./Drivers/STM32F4xx_HAL_Driver/Src/stm32f4xx_hal_cortex.o
 .text.HAL_NVIC_SetPriorityGrouping
                0x0000000008001e28       0x16 ./Drivers/STM32F4xx_HAL_Driver/Src/stm32f4xx_hal_cortex.o
                0x0000000008001e28                HAL_NVIC_SetPriorityGrouping
 .text.HAL_NVIC_SetPriority
                0x0000000008001e3e       0x38 ./Drivers/STM32F4xx_HAL_Driver/Src/stm32f4xx_hal_cortex.o
                0x0000000008001e3e                HAL_NVIC_SetPriority
 .text.HAL_NVIC_EnableIRQ
                0x0000000008001e76       0x1c ./Drivers/STM32F4xx_HAL_Driver/Src/stm32f4xx_hal_cortex.o
                0x0000000008001e76                HAL_NVIC_EnableIRQ
 .text.HAL_SYSTICK_Config
                0x0000000008001e92       0x18 ./Drivers/STM32F4xx_HAL_Driver/Src/stm32f4xx_hal_cortex.o
                0x0000000008001e92                HAL_SYSTICK_Config
 *fill*         0x0000000008001eaa        0x2 
 .text.HAL_DCMI_Start_DMA
                0x0000000008001eac      0x140 ./Drivers/STM32F4xx_HAL_Driver/Src/stm32f4xx_hal_dcmi.o
                0x0000000008001eac                HAL_DCMI_Start_DMA
 .text.HAL_DCMI_Stop
                0x0000000008001fec       0xb8 ./Drivers/STM32F4xx_HAL_Driver/Src/stm32f4xx_hal_dcmi.o
                0x0000000008001fec                HAL_DCMI_Stop
 .text.HAL_DCMI_IRQHandler
                0x00000000080020a4       0xfc ./Drivers/STM32F4xx_HAL_Driver/Src/stm32f4xx_hal_dcmi.o
                0x00000000080020a4                HAL_DCMI_IRQHandler
 .text.HAL_DCMI_ErrorCallback
                0x00000000080021a0       0x14 ./Drivers/STM32F4xx_HAL_Driver/Src/stm32f4xx_hal_dcmi.o
                0x00000000080021a0                HAL_DCMI_ErrorCallback
 .text.HAL_DCMI_LineEventCallback
                0x00000000080021b4       0x14 ./Drivers/STM32F4xx_HAL_Driver/Src/stm32f4xx_hal_dcmi.o
                0x00000000080021b4                HAL_DCMI_LineEventCallback
 .text.DCMI_DMAXferCplt
                0x00000000080021c8      0x12a ./Drivers/STM32F4xx_HAL_Driver/Src/stm32f4xx_hal_dcmi.o
 .text.DCMI_DMAError
                0x00000000080022f2       0x2e ./Drivers/STM32F4xx_HAL_Driver/Src/stm32f4xx_hal_dcmi.o
 .text.HAL_DCMI_Init
                0x0000000008002320       0xda ./Drivers/STM32F4xx_HAL_Driver/Src/stm32f4xx_hal_dcmi_ex.o
                0x0000000008002320                HAL_DCMI_Init
 *fill*         0x00000000080023fa        0x2 
 .text.HAL_DMA_Init
                0x00000000080023fc      0x15c ./Drivers/STM32F4xx_HAL_Driver/Src/stm32f4xx_hal_dma.o
                0x00000000080023fc                HAL_DMA_Init
 .text.HAL_DMA_Start_IT
                0x0000000008002558       0xb0 ./Drivers/STM32F4xx_HAL_Driver/Src/stm32f4xx_hal_dma.o
                0x0000000008002558                HAL_DMA_Start_IT
 .text.HAL_DMA_Abort
                0x0000000008002608       0xe0 ./Drivers/STM32F4xx_HAL_Driver/Src/stm32f4xx_hal_dma.o
                0x0000000008002608                HAL_DMA_Abort
 .text.HAL_DMA_Abort_IT
                0x00000000080026e8       0x44 ./Drivers/STM32F4xx_HAL_Driver/Src/stm32f4xx_hal_dma.o
                0x00000000080026e8                HAL_DMA_Abort_IT
 .text.HAL_DMA_IRQHandler
                0x000000000800272c      0x314 ./Drivers/STM32F4xx_HAL_Driver/Src/stm32f4xx_hal_dma.o
                0x000000000800272c                HAL_DMA_IRQHandler
 .text.DMA_SetConfig
                0x0000000008002a40       0x5c ./Drivers/STM32F4xx_HAL_Driver/Src/stm32f4xx_hal_dma.o
 .text.DMA_CalcBaseAndBitshift
                0x0000000008002a9c       0x6c ./Drivers/STM32F4xx_HAL_Driver/Src/stm32f4xx_hal_dma.o
 .text.DMA_CheckFifoParam
                0x0000000008002b08       0xf8 ./Drivers/STM32F4xx_HAL_Driver/Src/stm32f4xx_hal_dma.o
 .text.HAL_DMAEx_MultiBufferStart_IT
                0x0000000008002c00     0x1290 ./Drivers/STM32F4xx_HAL_Driver/Src/stm32f4xx_hal_dma_ex.o
                0x0000000008002c00                HAL_DMAEx_MultiBufferStart_IT
 .text.HAL_DMAEx_ChangeMemory
                0x0000000008003e90       0x34 ./Drivers/STM32F4xx_HAL_Driver/Src/stm32f4xx_hal_dma_ex.o
                0x0000000008003e90                HAL_DMAEx_ChangeMemory
 .text.DMA_MultiBufferSetConfig
                0x0000000008003ec4       0x4c ./Drivers/STM32F4xx_HAL_Driver/Src/stm32f4xx_hal_dma_ex.o
 .text.HAL_GPIO_Init
                0x0000000008003f10      0x338 ./Drivers/STM32F4xx_HAL_Driver/Src/stm32f4xx_hal_gpio.o
                0x0000000008003f10                HAL_GPIO_Init
 .text.HAL_GPIO_WritePin
                0x0000000008004248       0x32 ./Drivers/STM32F4xx_HAL_Driver/Src/stm32f4xx_hal_gpio.o
                0x0000000008004248                HAL_GPIO_WritePin
 .text.HAL_HCD_Init
                0x000000000800427a       0xc4 ./Drivers/STM32F4xx_HAL_Driver/Src/stm32f4xx_hal_hcd.o
                0x000000000800427a                HAL_HCD_Init
 .text.HAL_HCD_HC_Init
                0x000000000800433e      0x11e ./Drivers/STM32F4xx_HAL_Driver/Src/stm32f4xx_hal_hcd.o
                0x000000000800433e                HAL_HCD_HC_Init
 .text.HAL_HCD_HC_Halt
                0x000000000800445c       0x46 ./Drivers/STM32F4xx_HAL_Driver/Src/stm32f4xx_hal_hcd.o
                0x000000000800445c                HAL_HCD_HC_Halt
 *fill*         0x00000000080044a2        0x2 
 .text.HAL_HCD_HC_SubmitRequest
                0x00000000080044a4      0x2ac ./Drivers/STM32F4xx_HAL_Driver/Src/stm32f4xx_hal_hcd.o
                0x00000000080044a4                HAL_HCD_HC_SubmitRequest
 .text.HAL_HCD_IRQHandler
                0x0000000008004750      0x216 ./Drivers/STM32F4xx_HAL_Driver/Src/stm32f4xx_hal_hcd.o
                0x0000000008004750                HAL_HCD_IRQHandler
 .text.HAL_HCD_Start
                0x0000000008004966       0x46 ./Drivers/STM32F4xx_HAL_Driver/Src/stm32f4xx_hal_hcd.o
                0x0000000008004966                HAL_HCD_Start
 .text.HAL_HCD_Stop
                0x00000000080049ac       0x3a ./Drivers/STM32F4xx_HAL_Driver/Src/stm32f4xx_hal_hcd.o
                0x00000000080049ac                HAL_HCD_Stop
 .text.HAL_HCD_ResetPort
                0x00000000080049e6       0x1c ./Drivers/STM32F4xx_HAL_Driver/Src/stm32f4xx_hal_hcd.o
                0x00000000080049e6                HAL_HCD_ResetPort
 .text.HAL_HCD_HC_GetURBState
                0x0000000008004a02       0x28 ./Drivers/STM32F4xx_HAL_Driver/Src/stm32f4xx_hal_hcd.o
                0x0000000008004a02                HAL_HCD_HC_GetURBState
 .text.HAL_HCD_HC_GetXferCount
                0x0000000008004a2a       0x28 ./Drivers/STM32F4xx_HAL_Driver/Src/stm32f4xx_hal_hcd.o
                0x0000000008004a2a                HAL_HCD_HC_GetXferCount
 .text.HAL_HCD_GetCurrentFrame
                0x0000000008004a52       0x1c ./Drivers/STM32F4xx_HAL_Driver/Src/stm32f4xx_hal_hcd.o
                0x0000000008004a52                HAL_HCD_GetCurrentFrame
 .text.HAL_HCD_GetCurrentSpeed
                0x0000000008004a6e       0x1c ./Drivers/STM32F4xx_HAL_Driver/Src/stm32f4xx_hal_hcd.o
                0x0000000008004a6e                HAL_HCD_GetCurrentSpeed
 .text.HCD_HC_IN_IRQHandler
                0x0000000008004a8a      0x6aa ./Drivers/STM32F4xx_HAL_Driver/Src/stm32f4xx_hal_hcd.o
 .text.HCD_HC_OUT_IRQHandler
                0x0000000008005134      0x6d2 ./Drivers/STM32F4xx_HAL_Driver/Src/stm32f4xx_hal_hcd.o
 .text.HCD_RXQLVL_IRQHandler
                0x0000000008005806      0x1a4 ./Drivers/STM32F4xx_HAL_Driver/Src/stm32f4xx_hal_hcd.o
 .text.HCD_Port_IRQHandler
                0x00000000080059aa       0xe6 ./Drivers/STM32F4xx_HAL_Driver/Src/stm32f4xx_hal_hcd.o
 .text.HAL_I2C_Init
                0x0000000008005a90      0x288 ./Drivers/STM32F4xx_HAL_Driver/Src/stm32f4xx_hal_i2c.o
                0x0000000008005a90                HAL_I2C_Init
 .text.HAL_I2C_Master_Transmit
                0x0000000008005d18      0x1fc ./Drivers/STM32F4xx_HAL_Driver/Src/stm32f4xx_hal_i2c.o
                0x0000000008005d18                HAL_I2C_Master_Transmit
 .text.HAL_I2C_Master_Receive
                0x0000000008005f14      0x44c ./Drivers/STM32F4xx_HAL_Driver/Src/stm32f4xx_hal_i2c.o
                0x0000000008005f14                HAL_I2C_Master_Receive
 .text.HAL_I2C_Mem_Write
                0x0000000008006360      0x1f4 ./Drivers/STM32F4xx_HAL_Driver/Src/stm32f4xx_hal_i2c.o
                0x0000000008006360                HAL_I2C_Mem_Write
 .text.I2C_MasterRequestWrite
                0x0000000008006554      0x104 ./Drivers/STM32F4xx_HAL_Driver/Src/stm32f4xx_hal_i2c.o
 .text.I2C_MasterRequestRead
                0x0000000008006658      0x19c ./Drivers/STM32F4xx_HAL_Driver/Src/stm32f4xx_hal_i2c.o
 .text.I2C_RequestMemoryWrite
                0x00000000080067f4      0x12c ./Drivers/STM32F4xx_HAL_Driver/Src/stm32f4xx_hal_i2c.o
 .text.I2C_WaitOnFlagUntilTimeout
                0x0000000008006920       0xae ./Drivers/STM32F4xx_HAL_Driver/Src/stm32f4xx_hal_i2c.o
 .text.I2C_WaitOnMasterAddressFlagUntilTimeout
                0x00000000080069ce       0xfe ./Drivers/STM32F4xx_HAL_Driver/Src/stm32f4xx_hal_i2c.o
 .text.I2C_WaitOnTXEFlagUntilTimeout
                0x0000000008006acc       0x82 ./Drivers/STM32F4xx_HAL_Driver/Src/stm32f4xx_hal_i2c.o
 .text.I2C_WaitOnBTFFlagUntilTimeout
                0x0000000008006b4e       0x82 ./Drivers/STM32F4xx_HAL_Driver/Src/stm32f4xx_hal_i2c.o
 .text.I2C_WaitOnRXNEFlagUntilTimeout
                0x0000000008006bd0       0xac ./Drivers/STM32F4xx_HAL_Driver/Src/stm32f4xx_hal_i2c.o
 .text.I2C_IsAcknowledgeFailed
                0x0000000008006c7c       0x5e ./Drivers/STM32F4xx_HAL_Driver/Src/stm32f4xx_hal_i2c.o
 *fill*         0x0000000008006cda        0x2 
 .text.HAL_RCC_OscConfig
                0x0000000008006cdc      0x4f0 ./Drivers/STM32F4xx_HAL_Driver/Src/stm32f4xx_hal_rcc.o
                0x0000000008006cdc                HAL_RCC_OscConfig
 .text.HAL_RCC_ClockConfig
                0x00000000080071cc      0x1cc ./Drivers/STM32F4xx_HAL_Driver/Src/stm32f4xx_hal_rcc.o
                0x00000000080071cc                HAL_RCC_ClockConfig
 .text.HAL_RCC_MCOConfig
                0x0000000008007398       0xd0 ./Drivers/STM32F4xx_HAL_Driver/Src/stm32f4xx_hal_rcc.o
                0x0000000008007398                HAL_RCC_MCOConfig
 .text.HAL_RCC_GetSysClockFreq
                0x0000000008007468      0x20c ./Drivers/STM32F4xx_HAL_Driver/Src/stm32f4xx_hal_rcc.o
                0x0000000008007468                HAL_RCC_GetSysClockFreq
 .text.HAL_RCC_GetHCLKFreq
                0x0000000008007674       0x18 ./Drivers/STM32F4xx_HAL_Driver/Src/stm32f4xx_hal_rcc.o
                0x0000000008007674                HAL_RCC_GetHCLKFreq
 .text.HAL_RCC_GetPCLK1Freq
                0x000000000800768c       0x28 ./Drivers/STM32F4xx_HAL_Driver/Src/stm32f4xx_hal_rcc.o
                0x000000000800768c                HAL_RCC_GetPCLK1Freq
 .text.HAL_RCC_GetPCLK2Freq
                0x00000000080076b4       0x28 ./Drivers/STM32F4xx_HAL_Driver/Src/stm32f4xx_hal_rcc.o
                0x00000000080076b4                HAL_RCC_GetPCLK2Freq
 .text.HAL_SPI_Init
                0x00000000080076dc      0x112 ./Drivers/STM32F4xx_HAL_Driver/Src/stm32f4xx_hal_spi.o
                0x00000000080076dc                HAL_SPI_Init
 .text.HAL_SRAM_Init
                0x00000000080077ee       0x90 ./Drivers/STM32F4xx_HAL_Driver/Src/stm32f4xx_hal_sram.o
                0x00000000080077ee                HAL_SRAM_Init
 .text.HAL_TIM_Encoder_Init
                0x000000000800787e      0x14c ./Drivers/STM32F4xx_HAL_Driver/Src/stm32f4xx_hal_tim.o
                0x000000000800787e                HAL_TIM_Encoder_Init
 *fill*         0x00000000080079ca        0x2 
 .text.TIM_Base_SetConfig
                0x00000000080079cc      0x140 ./Drivers/STM32F4xx_HAL_Driver/Src/stm32f4xx_hal_tim.o
                0x00000000080079cc                TIM_Base_SetConfig
 .text.HAL_TIMEx_MasterConfigSynchronization
                0x0000000008007b0c       0xf8 ./Drivers/STM32F4xx_HAL_Driver/Src/stm32f4xx_hal_tim_ex.o
                0x0000000008007b0c                HAL_TIMEx_MasterConfigSynchronization
 .text.HAL_UART_Init
                0x0000000008007c04       0x9a ./Drivers/STM32F4xx_HAL_Driver/Src/stm32f4xx_hal_uart.o
                0x0000000008007c04                HAL_UART_Init
 .text.HAL_UART_Transmit
                0x0000000008007c9e      0x124 ./Drivers/STM32F4xx_HAL_Driver/Src/stm32f4xx_hal_uart.o
                0x0000000008007c9e                HAL_UART_Transmit
 .text.HAL_UART_Receive_DMA
                0x0000000008007dc2       0x60 ./Drivers/STM32F4xx_HAL_Driver/Src/stm32f4xx_hal_uart.o
                0x0000000008007dc2                HAL_UART_Receive_DMA
 .text.HAL_UART_RxCpltCallback
                0x0000000008007e22       0x14 ./Drivers/STM32F4xx_HAL_Driver/Src/stm32f4xx_hal_uart.o
                0x0000000008007e22                HAL_UART_RxCpltCallback
 .text.HAL_UART_RxHalfCpltCallback
                0x0000000008007e36       0x14 ./Drivers/STM32F4xx_HAL_Driver/Src/stm32f4xx_hal_uart.o
                0x0000000008007e36                HAL_UART_RxHalfCpltCallback
 .text.HAL_UART_ErrorCallback
                0x0000000008007e4a       0x14 ./Drivers/STM32F4xx_HAL_Driver/Src/stm32f4xx_hal_uart.o
                0x0000000008007e4a                HAL_UART_ErrorCallback
 .text.HAL_UARTEx_RxEventCallback
                0x0000000008007e5e       0x18 ./Drivers/STM32F4xx_HAL_Driver/Src/stm32f4xx_hal_uart.o
                0x0000000008007e5e                HAL_UARTEx_RxEventCallback
 .text.UART_DMAReceiveCplt
                0x0000000008007e76      0x126 ./Drivers/STM32F4xx_HAL_Driver/Src/stm32f4xx_hal_uart.o
 .text.UART_DMARxHalfCplt
                0x0000000008007f9c       0x36 ./Drivers/STM32F4xx_HAL_Driver/Src/stm32f4xx_hal_uart.o
 .text.UART_DMAError
                0x0000000008007fd2       0x94 ./Drivers/STM32F4xx_HAL_Driver/Src/stm32f4xx_hal_uart.o
 .text.UART_WaitOnFlagUntilTimeout
                0x0000000008008066       0xdc ./Drivers/STM32F4xx_HAL_Driver/Src/stm32f4xx_hal_uart.o
 *fill*         0x0000000008008142        0x2 
 .text.UART_Start_Receive_DMA
                0x0000000008008144      0x13c ./Drivers/STM32F4xx_HAL_Driver/Src/stm32f4xx_hal_uart.o
                0x0000000008008144                UART_Start_Receive_DMA
 .text.UART_EndTxTransfer
                0x0000000008008280       0x50 ./Drivers/STM32F4xx_HAL_Driver/Src/stm32f4xx_hal_uart.o
 .text.UART_EndRxTransfer
                0x00000000080082d0       0xc6 ./Drivers/STM32F4xx_HAL_Driver/Src/stm32f4xx_hal_uart.o
 *fill*         0x0000000008008396        0x2 
 .text.UART_SetConfig
                0x0000000008008398      0x4e8 ./Drivers/STM32F4xx_HAL_Driver/Src/stm32f4xx_hal_uart.o
 .text.FSMC_NORSRAM_Init
                0x0000000008008880       0xd4 ./Drivers/STM32F4xx_HAL_Driver/Src/stm32f4xx_ll_fsmc.o
                0x0000000008008880                FSMC_NORSRAM_Init
 .text.FSMC_NORSRAM_Timing_Init
                0x0000000008008954       0x6a ./Drivers/STM32F4xx_HAL_Driver/Src/stm32f4xx_ll_fsmc.o
                0x0000000008008954                FSMC_NORSRAM_Timing_Init
 *fill*         0x00000000080089be        0x2 
 .text.FSMC_NORSRAM_Extended_Timing_Init
                0x00000000080089c0       0x70 ./Drivers/STM32F4xx_HAL_Driver/Src/stm32f4xx_ll_fsmc.o
                0x00000000080089c0                FSMC_NORSRAM_Extended_Timing_Init
 .text.USB_CoreInit
                0x0000000008008a30       0xc2 ./Drivers/STM32F4xx_HAL_Driver/Src/stm32f4xx_ll_usb.o
                0x0000000008008a30                USB_CoreInit
 .text.USB_EnableGlobalInt
                0x0000000008008af2       0x22 ./Drivers/STM32F4xx_HAL_Driver/Src/stm32f4xx_ll_usb.o
                0x0000000008008af2                USB_EnableGlobalInt
 .text.USB_DisableGlobalInt
                0x0000000008008b14       0x22 ./Drivers/STM32F4xx_HAL_Driver/Src/stm32f4xx_ll_usb.o
                0x0000000008008b14                USB_DisableGlobalInt
 .text.USB_SetCurrentMode
                0x0000000008008b36       0x98 ./Drivers/STM32F4xx_HAL_Driver/Src/stm32f4xx_ll_usb.o
                0x0000000008008b36                USB_SetCurrentMode
 *fill*         0x0000000008008bce        0x2 
 .text.USB_FlushTxFifo
                0x0000000008008bd0       0x68 ./Drivers/STM32F4xx_HAL_Driver/Src/stm32f4xx_ll_usb.o
                0x0000000008008bd0                USB_FlushTxFifo
 .text.USB_FlushRxFifo
                0x0000000008008c38       0x60 ./Drivers/STM32F4xx_HAL_Driver/Src/stm32f4xx_ll_usb.o
                0x0000000008008c38                USB_FlushRxFifo
 .text.USB_WritePacket
                0x0000000008008c98       0x7c ./Drivers/STM32F4xx_HAL_Driver/Src/stm32f4xx_ll_usb.o
                0x0000000008008c98                USB_WritePacket
 .text.USB_ReadPacket
                0x0000000008008d14       0xb0 ./Drivers/STM32F4xx_HAL_Driver/Src/stm32f4xx_ll_usb.o
                0x0000000008008d14                USB_ReadPacket
 .text.USB_ReadInterrupts
                0x0000000008008dc4       0x26 ./Drivers/STM32F4xx_HAL_Driver/Src/stm32f4xx_ll_usb.o
                0x0000000008008dc4                USB_ReadInterrupts
 .text.USB_GetMode
                0x0000000008008dea       0x1c ./Drivers/STM32F4xx_HAL_Driver/Src/stm32f4xx_ll_usb.o
                0x0000000008008dea                USB_GetMode
 *fill*         0x0000000008008e06        0x2 
 .text.USB_CoreReset
                0x0000000008008e08       0x68 ./Drivers/STM32F4xx_HAL_Driver/Src/stm32f4xx_ll_usb.o
 .text.USB_HostInit
                0x0000000008008e70      0x180 ./Drivers/STM32F4xx_HAL_Driver/Src/stm32f4xx_ll_usb.o
                0x0000000008008e70                USB_HostInit
 .text.USB_InitFSLSPClkSel
                0x0000000008008ff0       0x74 ./Drivers/STM32F4xx_HAL_Driver/Src/stm32f4xx_ll_usb.o
                0x0000000008008ff0                USB_InitFSLSPClkSel
 .text.USB_ResetPort
                0x0000000008009064       0x54 ./Drivers/STM32F4xx_HAL_Driver/Src/stm32f4xx_ll_usb.o
                0x0000000008009064                USB_ResetPort
 .text.USB_DriveVbus
                0x00000000080090b8       0x72 ./Drivers/STM32F4xx_HAL_Driver/Src/stm32f4xx_ll_usb.o
                0x00000000080090b8                USB_DriveVbus
 .text.USB_GetHostSpeed
                0x000000000800912a       0x2e ./Drivers/STM32F4xx_HAL_Driver/Src/stm32f4xx_ll_usb.o
                0x000000000800912a                USB_GetHostSpeed
 .text.USB_GetCurrentFrame
                0x0000000008009158       0x22 ./Drivers/STM32F4xx_HAL_Driver/Src/stm32f4xx_ll_usb.o
                0x0000000008009158                USB_GetCurrentFrame
 *fill*         0x000000000800917a        0x2 
 .text.USB_HC_Init
                0x000000000800917c      0x244 ./Drivers/STM32F4xx_HAL_Driver/Src/stm32f4xx_ll_usb.o
                0x000000000800917c                USB_HC_Init
 .text.USB_HC_StartXfer
                0x00000000080093c0      0x284 ./Drivers/STM32F4xx_HAL_Driver/Src/stm32f4xx_ll_usb.o
                0x00000000080093c0                USB_HC_StartXfer
 .text.USB_HC_ReadInterrupt
                0x0000000008009644       0x22 ./Drivers/STM32F4xx_HAL_Driver/Src/stm32f4xx_ll_usb.o
                0x0000000008009644                USB_HC_ReadInterrupt
 .text.USB_HC_Halt
                0x0000000008009666      0x1f8 ./Drivers/STM32F4xx_HAL_Driver/Src/stm32f4xx_ll_usb.o
                0x0000000008009666                USB_HC_Halt
 *fill*         0x000000000800985e        0x2 
 .text.USB_DoPing
                0x0000000008009860       0x78 ./Drivers/STM32F4xx_HAL_Driver/Src/stm32f4xx_ll_usb.o
                0x0000000008009860                USB_DoPing
 .text.USB_StopHost
                0x00000000080098d8      0x124 ./Drivers/STM32F4xx_HAL_Driver/Src/stm32f4xx_ll_usb.o
                0x00000000080098d8                USB_StopHost
 .text.USBH_CDC_InterfaceInit
                0x00000000080099fc      0x2ac ./Middlewares/ST/STM32_USB_Host_Library/Class/CDC/Src/usbh_cdc.o
 .text.USBH_CDC_InterfaceDeInit
                0x0000000008009ca8       0xb2 ./Middlewares/ST/STM32_USB_Host_Library/Class/CDC/Src/usbh_cdc.o
 .text.USBH_CDC_ClassRequest
                0x0000000008009d5a       0x3e ./Middlewares/ST/STM32_USB_Host_Library/Class/CDC/Src/usbh_cdc.o
 .text.USBH_CDC_Process
                0x0000000008009d98      0x12c ./Middlewares/ST/STM32_USB_Host_Library/Class/CDC/Src/usbh_cdc.o
 .text.USBH_CDC_SOFProcess
                0x0000000008009ec4       0x16 ./Middlewares/ST/STM32_USB_Host_Library/Class/CDC/Src/usbh_cdc.o
 .text.GetLineCoding
                0x0000000008009eda       0x3e ./Middlewares/ST/STM32_USB_Host_Library/Class/CDC/Src/usbh_cdc.o
 .text.SetLineCoding
                0x0000000008009f18       0x3e ./Middlewares/ST/STM32_USB_Host_Library/Class/CDC/Src/usbh_cdc.o
 .text.CDC_ProcessTransmission
                0x0000000008009f56       0xec ./Middlewares/ST/STM32_USB_Host_Library/Class/CDC/Src/usbh_cdc.o
 .text.CDC_ProcessReception
                0x000000000800a042       0xb6 ./Middlewares/ST/STM32_USB_Host_Library/Class/CDC/Src/usbh_cdc.o
 .text.USBH_CDC_TransmitCallback
                0x000000000800a0f8       0x14 ./Middlewares/ST/STM32_USB_Host_Library/Class/CDC/Src/usbh_cdc.o
                0x000000000800a0f8                USBH_CDC_TransmitCallback
 .text.USBH_CDC_ReceiveCallback
                0x000000000800a10c       0x14 ./Middlewares/ST/STM32_USB_Host_Library/Class/CDC/Src/usbh_cdc.o
                0x000000000800a10c                USBH_CDC_ReceiveCallback
 .text.USBH_CDC_LineCodingChanged
                0x000000000800a120       0x14 ./Middlewares/ST/STM32_USB_Host_Library/Class/CDC/Src/usbh_cdc.o
                0x000000000800a120                USBH_CDC_LineCodingChanged
 .text.USBH_Init
                0x000000000800a134       0x74 ./Middlewares/ST/STM32_USB_Host_Library/Core/Src/usbh_core.o
                0x000000000800a134                USBH_Init
 .text.DeInitStateMachine
                0x000000000800a1a8       0xa8 ./Middlewares/ST/STM32_USB_Host_Library/Core/Src/usbh_core.o
 .text.USBH_RegisterClass
                0x000000000800a250       0x54 ./Middlewares/ST/STM32_USB_Host_Library/Core/Src/usbh_core.o
                0x000000000800a250                USBH_RegisterClass
 .text.USBH_SelectInterface
                0x000000000800a2a4       0x38 ./Middlewares/ST/STM32_USB_Host_Library/Core/Src/usbh_core.o
                0x000000000800a2a4                USBH_SelectInterface
 .text.USBH_FindInterface
                0x000000000800a2dc       0x8c ./Middlewares/ST/STM32_USB_Host_Library/Core/Src/usbh_core.o
                0x000000000800a2dc                USBH_FindInterface
 .text.USBH_Start
                0x000000000800a368       0x20 ./Middlewares/ST/STM32_USB_Host_Library/Core/Src/usbh_core.o
                0x000000000800a368                USBH_Start
 .text.USBH_Process
                0x000000000800a388      0x3d8 ./Middlewares/ST/STM32_USB_Host_Library/Core/Src/usbh_core.o
                0x000000000800a388                USBH_Process
 .text.USBH_HandleEnum
                0x000000000800a760      0x3c8 ./Middlewares/ST/STM32_USB_Host_Library/Core/Src/usbh_core.o
 .text.USBH_LL_SetTimer
                0x000000000800ab28       0x1e ./Middlewares/ST/STM32_USB_Host_Library/Core/Src/usbh_core.o
                0x000000000800ab28                USBH_LL_SetTimer
 .text.USBH_LL_IncTimer
                0x000000000800ab46       0x24 ./Middlewares/ST/STM32_USB_Host_Library/Core/Src/usbh_core.o
                0x000000000800ab46                USBH_LL_IncTimer
 .text.USBH_HandleSof
                0x000000000800ab6a       0x30 ./Middlewares/ST/STM32_USB_Host_Library/Core/Src/usbh_core.o
 .text.USBH_LL_PortEnabled
                0x000000000800ab9a       0x1c ./Middlewares/ST/STM32_USB_Host_Library/Core/Src/usbh_core.o
                0x000000000800ab9a                USBH_LL_PortEnabled
 .text.USBH_LL_PortDisabled
                0x000000000800abb6       0x1c ./Middlewares/ST/STM32_USB_Host_Library/Core/Src/usbh_core.o
                0x000000000800abb6                USBH_LL_PortDisabled
 .text.USBH_LL_Connect
                0x000000000800abd2       0x2e ./Middlewares/ST/STM32_USB_Host_Library/Core/Src/usbh_core.o
                0x000000000800abd2                USBH_LL_Connect
 .text.USBH_LL_Disconnect
                0x000000000800ac00       0x48 ./Middlewares/ST/STM32_USB_Host_Library/Core/Src/usbh_core.o
                0x000000000800ac00                USBH_LL_Disconnect
 .text.USBH_Get_DevDesc
                0x000000000800ac48       0x50 ./Middlewares/ST/STM32_USB_Host_Library/Core/Src/usbh_ctlreq.o
                0x000000000800ac48                USBH_Get_DevDesc
 .text.USBH_Get_CfgDesc
                0x000000000800ac98       0x48 ./Middlewares/ST/STM32_USB_Host_Library/Core/Src/usbh_ctlreq.o
                0x000000000800ac98                USBH_Get_CfgDesc
 .text.USBH_Get_StringDesc
                0x000000000800ace0       0x56 ./Middlewares/ST/STM32_USB_Host_Library/Core/Src/usbh_ctlreq.o
                0x000000000800ace0                USBH_Get_StringDesc
 .text.USBH_GetDescriptor
                0x000000000800ad36       0x6a ./Middlewares/ST/STM32_USB_Host_Library/Core/Src/usbh_ctlreq.o
                0x000000000800ad36                USBH_GetDescriptor
 .text.USBH_SetAddress
                0x000000000800ada0       0x48 ./Middlewares/ST/STM32_USB_Host_Library/Core/Src/usbh_ctlreq.o
                0x000000000800ada0                USBH_SetAddress
 .text.USBH_SetCfg
                0x000000000800ade8       0x46 ./Middlewares/ST/STM32_USB_Host_Library/Core/Src/usbh_ctlreq.o
                0x000000000800ade8                USBH_SetCfg
 .text.USBH_SetFeature
                0x000000000800ae2e       0x48 ./Middlewares/ST/STM32_USB_Host_Library/Core/Src/usbh_ctlreq.o
                0x000000000800ae2e                USBH_SetFeature
 .text.USBH_ClrFeature
                0x000000000800ae76       0x48 ./Middlewares/ST/STM32_USB_Host_Library/Core/Src/usbh_ctlreq.o
                0x000000000800ae76                USBH_ClrFeature
 .text.USBH_ParseDevDesc
                0x000000000800aebe      0x122 ./Middlewares/ST/STM32_USB_Host_Library/Core/Src/usbh_ctlreq.o
 .text.USBH_ParseCfgDesc
                0x000000000800afe0      0x1ec ./Middlewares/ST/STM32_USB_Host_Library/Core/Src/usbh_ctlreq.o
 .text.USBH_ParseInterfaceDesc
                0x000000000800b1cc       0x5e ./Middlewares/ST/STM32_USB_Host_Library/Core/Src/usbh_ctlreq.o
 .text.USBH_ParseEPDesc
                0x000000000800b22a      0x14a ./Middlewares/ST/STM32_USB_Host_Library/Core/Src/usbh_ctlreq.o
 .text.USBH_ParseStringDesc
                0x000000000800b374       0x66 ./Middlewares/ST/STM32_USB_Host_Library/Core/Src/usbh_ctlreq.o
 .text.USBH_GetNextDesc
                0x000000000800b3da       0x36 ./Middlewares/ST/STM32_USB_Host_Library/Core/Src/usbh_ctlreq.o
                0x000000000800b3da                USBH_GetNextDesc
 .text.USBH_CtlReq
                0x000000000800b410       0x7a ./Middlewares/ST/STM32_USB_Host_Library/Core/Src/usbh_ctlreq.o
                0x000000000800b410                USBH_CtlReq
 *fill*         0x000000000800b48a        0x2 
 .text.USBH_HandleControl
                0x000000000800b48c      0x2e8 ./Middlewares/ST/STM32_USB_Host_Library/Core/Src/usbh_ctlreq.o
 .text.USBH_CtlSendSetup
                0x000000000800b774       0x34 ./Middlewares/ST/STM32_USB_Host_Library/Core/Src/usbh_ioreq.o
                0x000000000800b774                USBH_CtlSendSetup
 .text.USBH_CtlSendData
                0x000000000800b7a8       0x4a ./Middlewares/ST/STM32_USB_Host_Library/Core/Src/usbh_ioreq.o
                0x000000000800b7a8                USBH_CtlSendData
 .text.USBH_CtlReceiveData
                0x000000000800b7f2       0x3c ./Middlewares/ST/STM32_USB_Host_Library/Core/Src/usbh_ioreq.o
                0x000000000800b7f2                USBH_CtlReceiveData
 .text.USBH_BulkSendData
                0x000000000800b82e       0x4a ./Middlewares/ST/STM32_USB_Host_Library/Core/Src/usbh_ioreq.o
                0x000000000800b82e                USBH_BulkSendData
 .text.USBH_BulkReceiveData
                0x000000000800b878       0x3c ./Middlewares/ST/STM32_USB_Host_Library/Core/Src/usbh_ioreq.o
                0x000000000800b878                USBH_BulkReceiveData
 .text.USBH_OpenPipe
                0x000000000800b8b4       0x3e ./Middlewares/ST/STM32_USB_Host_Library/Core/Src/usbh_pipes.o
                0x000000000800b8b4                USBH_OpenPipe
 .text.USBH_ClosePipe
                0x000000000800b8f2       0x20 ./Middlewares/ST/STM32_USB_Host_Library/Core/Src/usbh_pipes.o
                0x000000000800b8f2                USBH_ClosePipe
 .text.USBH_AllocPipe
                0x000000000800b912       0x42 ./Middlewares/ST/STM32_USB_Host_Library/Core/Src/usbh_pipes.o
                0x000000000800b912                USBH_AllocPipe
 .text.USBH_FreePipe
                0x000000000800b954       0x3c ./Middlewares/ST/STM32_USB_Host_Library/Core/Src/usbh_pipes.o
                0x000000000800b954                USBH_FreePipe
 .text.USBH_GetFreePipe
                0x000000000800b990       0x48 ./Middlewares/ST/STM32_USB_Host_Library/Core/Src/usbh_pipes.o
 .text.MX_USB_HOST_Init
                0x000000000800b9d8       0x4c ./USB_HOST/App/usb_host.o
                0x000000000800b9d8                MX_USB_HOST_Init
 .text.MX_USB_HOST_Process
                0x000000000800ba24       0x14 ./USB_HOST/App/usb_host.o
                0x000000000800ba24                MX_USB_HOST_Process
 .text.USBH_UserProcess
                0x000000000800ba38       0x5c ./USB_HOST/App/usb_host.o
 .text.HAL_HCD_MspInit
                0x000000000800ba94       0xc4 ./USB_HOST/Target/usbh_conf.o
                0x000000000800ba94                HAL_HCD_MspInit
 .text.HAL_HCD_SOF_Callback
                0x000000000800bb58       0x1c ./USB_HOST/Target/usbh_conf.o
                0x000000000800bb58                HAL_HCD_SOF_Callback
 .text.HAL_HCD_Connect_Callback
                0x000000000800bb74       0x1c ./USB_HOST/Target/usbh_conf.o
                0x000000000800bb74                HAL_HCD_Connect_Callback
 .text.HAL_HCD_Disconnect_Callback
                0x000000000800bb90       0x1c ./USB_HOST/Target/usbh_conf.o
                0x000000000800bb90                HAL_HCD_Disconnect_Callback
 .text.HAL_HCD_HC_NotifyURBChange_Callback
                0x000000000800bbac       0x1c ./USB_HOST/Target/usbh_conf.o
                0x000000000800bbac                HAL_HCD_HC_NotifyURBChange_Callback
 .text.HAL_HCD_PortEnabled_Callback
                0x000000000800bbc8       0x1c ./USB_HOST/Target/usbh_conf.o
                0x000000000800bbc8                HAL_HCD_PortEnabled_Callback
 .text.HAL_HCD_PortDisabled_Callback
                0x000000000800bbe4       0x1c ./USB_HOST/Target/usbh_conf.o
                0x000000000800bbe4                HAL_HCD_PortDisabled_Callback
 .text.USBH_LL_Init
                0x000000000800bc00       0x78 ./USB_HOST/Target/usbh_conf.o
                0x000000000800bc00                USBH_LL_Init
 .text.USBH_LL_Start
                0x000000000800bc78       0x36 ./USB_HOST/Target/usbh_conf.o
                0x000000000800bc78                USBH_LL_Start
 .text.USBH_LL_Stop
                0x000000000800bcae       0x36 ./USB_HOST/Target/usbh_conf.o
                0x000000000800bcae                USBH_LL_Stop
 .text.USBH_LL_GetSpeed
                0x000000000800bce4       0x4e ./USB_HOST/Target/usbh_conf.o
                0x000000000800bce4                USBH_LL_GetSpeed
 .text.USBH_LL_ResetPort
                0x000000000800bd32       0x36 ./USB_HOST/Target/usbh_conf.o
                0x000000000800bd32                USBH_LL_ResetPort
 .text.USBH_LL_GetLastXferSize
                0x000000000800bd68       0x26 ./USB_HOST/Target/usbh_conf.o
                0x000000000800bd68                USBH_LL_GetLastXferSize
 .text.USBH_LL_OpenPipe
                0x000000000800bd8e       0x5e ./USB_HOST/Target/usbh_conf.o
                0x000000000800bd8e                USBH_LL_OpenPipe
 .text.USBH_LL_ClosePipe
                0x000000000800bdec       0x3e ./USB_HOST/Target/usbh_conf.o
                0x000000000800bdec                USBH_LL_ClosePipe
 .text.USBH_LL_SubmitURB
                0x000000000800be2a       0x62 ./USB_HOST/Target/usbh_conf.o
                0x000000000800be2a                USBH_LL_SubmitURB
 .text.USBH_LL_GetURBState
                0x000000000800be8c       0x26 ./USB_HOST/Target/usbh_conf.o
                0x000000000800be8c                USBH_LL_GetURBState
 .text.USBH_LL_DriverVBUS
                0x000000000800beb2       0x2e ./USB_HOST/Target/usbh_conf.o
                0x000000000800beb2                USBH_LL_DriverVBUS
 .text.USBH_LL_SetToggle
                0x000000000800bee0       0x60 ./USB_HOST/Target/usbh_conf.o
                0x000000000800bee0                USBH_LL_SetToggle
 .text.USBH_Delay
                0x000000000800bf40       0x16 ./USB_HOST/Target/usbh_conf.o
                0x000000000800bf40                USBH_Delay
 *fill*         0x000000000800bf56        0x2 
 .text.USBH_Get_USB_Status
                0x000000000800bf58       0x58 ./USB_HOST/Target/usbh_conf.o
                0x000000000800bf58                USBH_Get_USB_Status
 .text.MX_DriverVbusFS
                0x000000000800bfb0       0x38 ./USB_HOST/Target/usbh_platform.o
                0x000000000800bfb0                MX_DriverVbusFS
 .text.__errno  0x000000000800bfe8        0xc c:/st/stm32cubeide_1.10.1/stm32cubeide/plugins/com.st.stm32cube.ide.mcu.externaltools.gnu-tools-for-stm32.10.3-2021.10.win32_1.0.0.202111181127/tools/bin/../lib/gcc/arm-none-eabi/10.3.1/../../../../arm-none-eabi/lib/thumb/v7e-m+fp/hard\libc_nano.a(lib_a-errno.o)
                0x000000000800bfe8                __errno
 .text.__libc_init_array
                0x000000000800bff4       0x48 c:/st/stm32cubeide_1.10.1/stm32cubeide/plugins/com.st.stm32cube.ide.mcu.externaltools.gnu-tools-for-stm32.10.3-2021.10.win32_1.0.0.202111181127/tools/bin/../lib/gcc/arm-none-eabi/10.3.1/../../../../arm-none-eabi/lib/thumb/v7e-m+fp/hard\libc_nano.a(lib_a-init.o)
                0x000000000800bff4                __libc_init_array
 .text.malloc   0x000000000800c03c       0x10 c:/st/stm32cubeide_1.10.1/stm32cubeide/plugins/com.st.stm32cube.ide.mcu.externaltools.gnu-tools-for-stm32.10.3-2021.10.win32_1.0.0.202111181127/tools/bin/../lib/gcc/arm-none-eabi/10.3.1/../../../../arm-none-eabi/lib/thumb/v7e-m+fp/hard\libc_nano.a(lib_a-malloc.o)
                0x000000000800c03c                malloc
 .text.free     0x000000000800c04c       0x10 c:/st/stm32cubeide_1.10.1/stm32cubeide/plugins/com.st.stm32cube.ide.mcu.externaltools.gnu-tools-for-stm32.10.3-2021.10.win32_1.0.0.202111181127/tools/bin/../lib/gcc/arm-none-eabi/10.3.1/../../../../arm-none-eabi/lib/thumb/v7e-m+fp/hard\libc_nano.a(lib_a-malloc.o)
                0x000000000800c04c                free
 .text.memset   0x000000000800c05c       0x10 c:/st/stm32cubeide_1.10.1/stm32cubeide/plugins/com.st.stm32cube.ide.mcu.externaltools.gnu-tools-for-stm32.10.3-2021.10.win32_1.0.0.202111181127/tools/bin/../lib/gcc/arm-none-eabi/10.3.1/../../../../arm-none-eabi/lib/thumb/v7e-m+fp/hard\libc_nano.a(lib_a-memset.o)
                0x000000000800c05c                memset
 .text._free_r  0x000000000800c06c       0x98 c:/st/stm32cubeide_1.10.1/stm32cubeide/plugins/com.st.stm32cube.ide.mcu.externaltools.gnu-tools-for-stm32.10.3-2021.10.win32_1.0.0.202111181127/tools/bin/../lib/gcc/arm-none-eabi/10.3.1/../../../../arm-none-eabi/lib/thumb/v7e-m+fp/hard\libc_nano.a(lib_a-nano-freer.o)
                0x000000000800c06c                _free_r
 .text.sbrk_aligned
                0x000000000800c104       0x40 c:/st/stm32cubeide_1.10.1/stm32cubeide/plugins/com.st.stm32cube.ide.mcu.externaltools.gnu-tools-for-stm32.10.3-2021.10.win32_1.0.0.202111181127/tools/bin/../lib/gcc/arm-none-eabi/10.3.1/../../../../arm-none-eabi/lib/thumb/v7e-m+fp/hard\libc_nano.a(lib_a-nano-mallocr.o)
 .text._malloc_r
                0x000000000800c144       0xe8 c:/st/stm32cubeide_1.10.1/stm32cubeide/plugins/com.st.stm32cube.ide.mcu.externaltools.gnu-tools-for-stm32.10.3-2021.10.win32_1.0.0.202111181127/tools/bin/../lib/gcc/arm-none-eabi/10.3.1/../../../../arm-none-eabi/lib/thumb/v7e-m+fp/hard\libc_nano.a(lib_a-nano-mallocr.o)
                0x000000000800c144                _malloc_r
 .text._sbrk_r  0x000000000800c22c       0x20 c:/st/stm32cubeide_1.10.1/stm32cubeide/plugins/com.st.stm32cube.ide.mcu.externaltools.gnu-tools-for-stm32.10.3-2021.10.win32_1.0.0.202111181127/tools/bin/../lib/gcc/arm-none-eabi/10.3.1/../../../../arm-none-eabi/lib/thumb/v7e-m+fp/hard\libc_nano.a(lib_a-sbrkr.o)
                0x000000000800c22c                _sbrk_r
 .text.setbuf   0x000000000800c24c       0x10 c:/st/stm32cubeide_1.10.1/stm32cubeide/plugins/com.st.stm32cube.ide.mcu.externaltools.gnu-tools-for-stm32.10.3-2021.10.win32_1.0.0.202111181127/tools/bin/../lib/gcc/arm-none-eabi/10.3.1/../../../../arm-none-eabi/lib/thumb/v7e-m+fp/hard\libc_nano.a(lib_a-setbuf.o)
                0x000000000800c24c                setbuf
 .text.setvbuf  0x000000000800c25c      0x18c c:/st/stm32cubeide_1.10.1/stm32cubeide/plugins/com.st.stm32cube.ide.mcu.externaltools.gnu-tools-for-stm32.10.3-2021.10.win32_1.0.0.202111181127/tools/bin/../lib/gcc/arm-none-eabi/10.3.1/../../../../arm-none-eabi/lib/thumb/v7e-m+fp/hard\libc_nano.a(lib_a-setvbuf.o)
                0x000000000800c25c                setvbuf
 .text.__sflush_r
                0x000000000800c3e8      0x10c c:/st/stm32cubeide_1.10.1/stm32cubeide/plugins/com.st.stm32cube.ide.mcu.externaltools.gnu-tools-for-stm32.10.3-2021.10.win32_1.0.0.202111181127/tools/bin/../lib/gcc/arm-none-eabi/10.3.1/../../../../arm-none-eabi/lib/thumb/v7e-m+fp/hard\libc_nano.a(lib_a-fflush.o)
                0x000000000800c3e8                __sflush_r
 .text._fflush_r
                0x000000000800c4f4       0x78 c:/st/stm32cubeide_1.10.1/stm32cubeide/plugins/com.st.stm32cube.ide.mcu.externaltools.gnu-tools-for-stm32.10.3-2021.10.win32_1.0.0.202111181127/tools/bin/../lib/gcc/arm-none-eabi/10.3.1/../../../../arm-none-eabi/lib/thumb/v7e-m+fp/hard\libc_nano.a(lib_a-fflush.o)
                0x000000000800c4f4                _fflush_r
 .text.std      0x000000000800c56c       0x48 c:/st/stm32cubeide_1.10.1/stm32cubeide/plugins/com.st.stm32cube.ide.mcu.externaltools.gnu-tools-for-stm32.10.3-2021.10.win32_1.0.0.202111181127/tools/bin/../lib/gcc/arm-none-eabi/10.3.1/../../../../arm-none-eabi/lib/thumb/v7e-m+fp/hard\libc_nano.a(lib_a-findfp.o)
 .text._cleanup_r
                0x000000000800c5b4        0xc c:/st/stm32cubeide_1.10.1/stm32cubeide/plugins/com.st.stm32cube.ide.mcu.externaltools.gnu-tools-for-stm32.10.3-2021.10.win32_1.0.0.202111181127/tools/bin/../lib/gcc/arm-none-eabi/10.3.1/../../../../arm-none-eabi/lib/thumb/v7e-m+fp/hard\libc_nano.a(lib_a-findfp.o)
                0x000000000800c5b4                _cleanup_r
 .text.__sfmoreglue
                0x000000000800c5c0       0x2c c:/st/stm32cubeide_1.10.1/stm32cubeide/plugins/com.st.stm32cube.ide.mcu.externaltools.gnu-tools-for-stm32.10.3-2021.10.win32_1.0.0.202111181127/tools/bin/../lib/gcc/arm-none-eabi/10.3.1/../../../../arm-none-eabi/lib/thumb/v7e-m+fp/hard\libc_nano.a(lib_a-findfp.o)
                0x000000000800c5c0                __sfmoreglue
 .text.__sfp_lock_acquire
                0x000000000800c5ec        0xc c:/st/stm32cubeide_1.10.1/stm32cubeide/plugins/com.st.stm32cube.ide.mcu.externaltools.gnu-tools-for-stm32.10.3-2021.10.win32_1.0.0.202111181127/tools/bin/../lib/gcc/arm-none-eabi/10.3.1/../../../../arm-none-eabi/lib/thumb/v7e-m+fp/hard\libc_nano.a(lib_a-findfp.o)
                0x000000000800c5ec                __sfp_lock_acquire
 .text.__sfp_lock_release
                0x000000000800c5f8        0xc c:/st/stm32cubeide_1.10.1/stm32cubeide/plugins/com.st.stm32cube.ide.mcu.externaltools.gnu-tools-for-stm32.10.3-2021.10.win32_1.0.0.202111181127/tools/bin/../lib/gcc/arm-none-eabi/10.3.1/../../../../arm-none-eabi/lib/thumb/v7e-m+fp/hard\libc_nano.a(lib_a-findfp.o)
                0x000000000800c5f8                __sfp_lock_release
 .text.__sinit_lock_acquire
                0x000000000800c604        0xc c:/st/stm32cubeide_1.10.1/stm32cubeide/plugins/com.st.stm32cube.ide.mcu.externaltools.gnu-tools-for-stm32.10.3-2021.10.win32_1.0.0.202111181127/tools/bin/../lib/gcc/arm-none-eabi/10.3.1/../../../../arm-none-eabi/lib/thumb/v7e-m+fp/hard\libc_nano.a(lib_a-findfp.o)
                0x000000000800c604                __sinit_lock_acquire
 .text.__sinit_lock_release
                0x000000000800c610        0xc c:/st/stm32cubeide_1.10.1/stm32cubeide/plugins/com.st.stm32cube.ide.mcu.externaltools.gnu-tools-for-stm32.10.3-2021.10.win32_1.0.0.202111181127/tools/bin/../lib/gcc/arm-none-eabi/10.3.1/../../../../arm-none-eabi/lib/thumb/v7e-m+fp/hard\libc_nano.a(lib_a-findfp.o)
                0x000000000800c610                __sinit_lock_release
 .text.__sinit  0x000000000800c61c       0x70 c:/st/stm32cubeide_1.10.1/stm32cubeide/plugins/com.st.stm32cube.ide.mcu.externaltools.gnu-tools-for-stm32.10.3-2021.10.win32_1.0.0.202111181127/tools/bin/../lib/gcc/arm-none-eabi/10.3.1/../../../../arm-none-eabi/lib/thumb/v7e-m+fp/hard\libc_nano.a(lib_a-findfp.o)
                0x000000000800c61c                __sinit
 .text.__sfp    0x000000000800c68c       0x8c c:/st/stm32cubeide_1.10.1/stm32cubeide/plugins/com.st.stm32cube.ide.mcu.externaltools.gnu-tools-for-stm32.10.3-2021.10.win32_1.0.0.202111181127/tools/bin/../lib/gcc/arm-none-eabi/10.3.1/../../../../arm-none-eabi/lib/thumb/v7e-m+fp/hard\libc_nano.a(lib_a-findfp.o)
                0x000000000800c68c                __sfp
 .text._fwalk_reent
                0x000000000800c718       0x3e c:/st/stm32cubeide_1.10.1/stm32cubeide/plugins/com.st.stm32cube.ide.mcu.externaltools.gnu-tools-for-stm32.10.3-2021.10.win32_1.0.0.202111181127/tools/bin/../lib/gcc/arm-none-eabi/10.3.1/../../../../arm-none-eabi/lib/thumb/v7e-m+fp/hard\libc_nano.a(lib_a-fwalk.o)
                0x000000000800c718                _fwalk_reent
 .text.__retarget_lock_init_recursive
                0x000000000800c756        0x2 c:/st/stm32cubeide_1.10.1/stm32cubeide/plugins/com.st.stm32cube.ide.mcu.externaltools.gnu-tools-for-stm32.10.3-2021.10.win32_1.0.0.202111181127/tools/bin/../lib/gcc/arm-none-eabi/10.3.1/../../../../arm-none-eabi/lib/thumb/v7e-m+fp/hard\libc_nano.a(lib_a-lock.o)
                0x000000000800c756                __retarget_lock_init_recursive
 .text.__retarget_lock_acquire_recursive
                0x000000000800c758        0x2 c:/st/stm32cubeide_1.10.1/stm32cubeide/plugins/com.st.stm32cube.ide.mcu.externaltools.gnu-tools-for-stm32.10.3-2021.10.win32_1.0.0.202111181127/tools/bin/../lib/gcc/arm-none-eabi/10.3.1/../../../../arm-none-eabi/lib/thumb/v7e-m+fp/hard\libc_nano.a(lib_a-lock.o)
                0x000000000800c758                __retarget_lock_acquire_recursive
 .text.__retarget_lock_release_recursive
                0x000000000800c75a        0x2 c:/st/stm32cubeide_1.10.1/stm32cubeide/plugins/com.st.stm32cube.ide.mcu.externaltools.gnu-tools-for-stm32.10.3-2021.10.win32_1.0.0.202111181127/tools/bin/../lib/gcc/arm-none-eabi/10.3.1/../../../../arm-none-eabi/lib/thumb/v7e-m+fp/hard\libc_nano.a(lib_a-lock.o)
                0x000000000800c75a                __retarget_lock_release_recursive
 .text.__swhatbuf_r
                0x000000000800c75c       0x4a c:/st/stm32cubeide_1.10.1/stm32cubeide/plugins/com.st.stm32cube.ide.mcu.externaltools.gnu-tools-for-stm32.10.3-2021.10.win32_1.0.0.202111181127/tools/bin/../lib/gcc/arm-none-eabi/10.3.1/../../../../arm-none-eabi/lib/thumb/v7e-m+fp/hard\libc_nano.a(lib_a-makebuf.o)
                0x000000000800c75c                __swhatbuf_r
 *fill*         0x000000000800c7a6        0x2 
 .text.__malloc_lock
                0x000000000800c7a8        0xc c:/st/stm32cubeide_1.10.1/stm32cubeide/plugins/com.st.stm32cube.ide.mcu.externaltools.gnu-tools-for-stm32.10.3-2021.10.win32_1.0.0.202111181127/tools/bin/../lib/gcc/arm-none-eabi/10.3.1/../../../../arm-none-eabi/lib/thumb/v7e-m+fp/hard\libc_nano.a(lib_a-mlock.o)
                0x000000000800c7a8                __malloc_lock
 .text.__malloc_unlock
                0x000000000800c7b4        0xc c:/st/stm32cubeide_1.10.1/stm32cubeide/plugins/com.st.stm32cube.ide.mcu.externaltools.gnu-tools-for-stm32.10.3-2021.10.win32_1.0.0.202111181127/tools/bin/../lib/gcc/arm-none-eabi/10.3.1/../../../../arm-none-eabi/lib/thumb/v7e-m+fp/hard\libc_nano.a(lib_a-mlock.o)
                0x000000000800c7b4                __malloc_unlock
 .text.__sread  0x000000000800c7c0       0x22 c:/st/stm32cubeide_1.10.1/stm32cubeide/plugins/com.st.stm32cube.ide.mcu.externaltools.gnu-tools-for-stm32.10.3-2021.10.win32_1.0.0.202111181127/tools/bin/../lib/gcc/arm-none-eabi/10.3.1/../../../../arm-none-eabi/lib/thumb/v7e-m+fp/hard\libc_nano.a(lib_a-stdio.o)
                0x000000000800c7c0                __sread
 .text.__swrite
                0x000000000800c7e2       0x38 c:/st/stm32cubeide_1.10.1/stm32cubeide/plugins/com.st.stm32cube.ide.mcu.externaltools.gnu-tools-for-stm32.10.3-2021.10.win32_1.0.0.202111181127/tools/bin/../lib/gcc/arm-none-eabi/10.3.1/../../../../arm-none-eabi/lib/thumb/v7e-m+fp/hard\libc_nano.a(lib_a-stdio.o)
                0x000000000800c7e2                __swrite
 .text.__sseek  0x000000000800c81a       0x24 c:/st/stm32cubeide_1.10.1/stm32cubeide/plugins/com.st.stm32cube.ide.mcu.externaltools.gnu-tools-for-stm32.10.3-2021.10.win32_1.0.0.202111181127/tools/bin/../lib/gcc/arm-none-eabi/10.3.1/../../../../arm-none-eabi/lib/thumb/v7e-m+fp/hard\libc_nano.a(lib_a-stdio.o)
                0x000000000800c81a                __sseek
 .text.__sclose
                0x000000000800c83e        0x8 c:/st/stm32cubeide_1.10.1/stm32cubeide/plugins/com.st.stm32cube.ide.mcu.externaltools.gnu-tools-for-stm32.10.3-2021.10.win32_1.0.0.202111181127/tools/bin/../lib/gcc/arm-none-eabi/10.3.1/../../../../arm-none-eabi/lib/thumb/v7e-m+fp/hard\libc_nano.a(lib_a-stdio.o)
                0x000000000800c83e                __sclose
 *fill*         0x000000000800c846        0x2 
 .text._write_r
                0x000000000800c848       0x24 c:/st/stm32cubeide_1.10.1/stm32cubeide/plugins/com.st.stm32cube.ide.mcu.externaltools.gnu-tools-for-stm32.10.3-2021.10.win32_1.0.0.202111181127/tools/bin/../lib/gcc/arm-none-eabi/10.3.1/../../../../arm-none-eabi/lib/thumb/v7e-m+fp/hard\libc_nano.a(lib_a-writer.o)
                0x000000000800c848                _write_r
 .text._close_r
                0x000000000800c86c       0x20 c:/st/stm32cubeide_1.10.1/stm32cubeide/plugins/com.st.stm32cube.ide.mcu.externaltools.gnu-tools-for-stm32.10.3-2021.10.win32_1.0.0.202111181127/tools/bin/../lib/gcc/arm-none-eabi/10.3.1/../../../../arm-none-eabi/lib/thumb/v7e-m+fp/hard\libc_nano.a(lib_a-closer.o)
                0x000000000800c86c                _close_r
 .text._fstat_r
                0x000000000800c88c       0x24 c:/st/stm32cubeide_1.10.1/stm32cubeide/plugins/com.st.stm32cube.ide.mcu.externaltools.gnu-tools-for-stm32.10.3-2021.10.win32_1.0.0.202111181127/tools/bin/../lib/gcc/arm-none-eabi/10.3.1/../../../../arm-none-eabi/lib/thumb/v7e-m+fp/hard\libc_nano.a(lib_a-fstatr.o)
                0x000000000800c88c                _fstat_r
 .text._lseek_r
                0x000000000800c8b0       0x24 c:/st/stm32cubeide_1.10.1/stm32cubeide/plugins/com.st.stm32cube.ide.mcu.externaltools.gnu-tools-for-stm32.10.3-2021.10.win32_1.0.0.202111181127/tools/bin/../lib/gcc/arm-none-eabi/10.3.1/../../../../arm-none-eabi/lib/thumb/v7e-m+fp/hard\libc_nano.a(lib_a-lseekr.o)
                0x000000000800c8b0                _lseek_r
 .text._read_r  0x000000000800c8d4       0x24 c:/st/stm32cubeide_1.10.1/stm32cubeide/plugins/com.st.stm32cube.ide.mcu.externaltools.gnu-tools-for-stm32.10.3-2021.10.win32_1.0.0.202111181127/tools/bin/../lib/gcc/arm-none-eabi/10.3.1/../../../../arm-none-eabi/lib/thumb/v7e-m+fp/hard\libc_nano.a(lib_a-readr.o)
                0x000000000800c8d4                _read_r
 *(.glue_7)
 .glue_7        0x000000000800c8f8        0x0 linker stubs
 *(.glue_7t)
 .glue_7t       0x000000000800c8f8        0x0 linker stubs
 *(.eh_frame)
 .eh_frame      0x000000000800c8f8        0x0 c:/st/stm32cubeide_1.10.1/stm32cubeide/plugins/com.st.stm32cube.ide.mcu.externaltools.gnu-tools-for-stm32.10.3-2021.10.win32_1.0.0.202111181127/tools/bin/../lib/gcc/arm-none-eabi/10.3.1/thumb/v7e-m+fp/hard/crtbegin.o
 *(.init)
 .init          0x000000000800c8f8        0x4 c:/st/stm32cubeide_1.10.1/stm32cubeide/plugins/com.st.stm32cube.ide.mcu.externaltools.gnu-tools-for-stm32.10.3-2021.10.win32_1.0.0.202111181127/tools/bin/../lib/gcc/arm-none-eabi/10.3.1/thumb/v7e-m+fp/hard/crti.o
                0x000000000800c8f8                _init
 .init          0x000000000800c8fc        0x8 c:/st/stm32cubeide_1.10.1/stm32cubeide/plugins/com.st.stm32cube.ide.mcu.externaltools.gnu-tools-for-stm32.10.3-2021.10.win32_1.0.0.202111181127/tools/bin/../lib/gcc/arm-none-eabi/10.3.1/thumb/v7e-m+fp/hard/crtn.o
 *(.fini)
 .fini          0x000000000800c904        0x4 c:/st/stm32cubeide_1.10.1/stm32cubeide/plugins/com.st.stm32cube.ide.mcu.externaltools.gnu-tools-for-stm32.10.3-2021.10.win32_1.0.0.202111181127/tools/bin/../lib/gcc/arm-none-eabi/10.3.1/thumb/v7e-m+fp/hard/crti.o
                0x000000000800c904                _fini
 .fini          0x000000000800c908        0x8 c:/st/stm32cubeide_1.10.1/stm32cubeide/plugins/com.st.stm32cube.ide.mcu.externaltools.gnu-tools-for-stm32.10.3-2021.10.win32_1.0.0.202111181127/tools/bin/../lib/gcc/arm-none-eabi/10.3.1/thumb/v7e-m+fp/hard/crtn.o
                0x000000000800c910                . = ALIGN (0x4)
                0x000000000800c910                _etext = .

.vfp11_veneer   0x000000000800c910        0x0
 .vfp11_veneer  0x000000000800c910        0x0 linker stubs

.v4_bx          0x000000000800c910        0x0
 .v4_bx         0x000000000800c910        0x0 linker stubs

.iplt           0x000000000800c910        0x0
 .iplt          0x000000000800c910        0x0 c:/st/stm32cubeide_1.10.1/stm32cubeide/plugins/com.st.stm32cube.ide.mcu.externaltools.gnu-tools-for-stm32.10.3-2021.10.win32_1.0.0.202111181127/tools/bin/../lib/gcc/arm-none-eabi/10.3.1/thumb/v7e-m+fp/hard/crtbegin.o

.rodata         0x000000000800c910       0xe4
                0x000000000800c910                . = ALIGN (0x4)
 *(.rodata)
 .rodata        0x000000000800c910        0x4 ./Middlewares/ST/STM32_USB_Host_Library/Class/CDC/Src/usbh_cdc.o
 *(.rodata*)
 .rodata.AHBPrescTable
                0x000000000800c914       0x10 ./Core/Src/system_stm32f4xx.o
                0x000000000800c914                AHBPrescTable
 .rodata.APBPrescTable
                0x000000000800c924        0x8 ./Core/Src/system_stm32f4xx.o
                0x000000000800c924                APBPrescTable
 .rodata.OV7670_reg
                0x000000000800c92c       0x5a ./Core/Src/ov7670/ov7670.o
                0x000000000800c92c                OV7670_reg
 *fill*         0x000000000800c986        0x2 
 .rodata.flagBitshiftOffset.0
                0x000000000800c988        0x8 ./Drivers/STM32F4xx_HAL_Driver/Src/stm32f4xx_hal_dma.o
 .rodata._global_impure_ptr
                0x000000000800c990        0x4 c:/st/stm32cubeide_1.10.1/stm32cubeide/plugins/com.st.stm32cube.ide.mcu.externaltools.gnu-tools-for-stm32.10.3-2021.10.win32_1.0.0.202111181127/tools/bin/../lib/gcc/arm-none-eabi/10.3.1/../../../../arm-none-eabi/lib/thumb/v7e-m+fp/hard\libc_nano.a(lib_a-impure.o)
                0x000000000800c990                _global_impure_ptr
 .rodata.__sf_fake_stderr
                0x000000000800c994       0x20 c:/st/stm32cubeide_1.10.1/stm32cubeide/plugins/com.st.stm32cube.ide.mcu.externaltools.gnu-tools-for-stm32.10.3-2021.10.win32_1.0.0.202111181127/tools/bin/../lib/gcc/arm-none-eabi/10.3.1/../../../../arm-none-eabi/lib/thumb/v7e-m+fp/hard\libc_nano.a(lib_a-findfp.o)
                0x000000000800c994                __sf_fake_stderr
 .rodata.__sf_fake_stdin
                0x000000000800c9b4       0x20 c:/st/stm32cubeide_1.10.1/stm32cubeide/plugins/com.st.stm32cube.ide.mcu.externaltools.gnu-tools-for-stm32.10.3-2021.10.win32_1.0.0.202111181127/tools/bin/../lib/gcc/arm-none-eabi/10.3.1/../../../../arm-none-eabi/lib/thumb/v7e-m+fp/hard\libc_nano.a(lib_a-findfp.o)
                0x000000000800c9b4                __sf_fake_stdin
 .rodata.__sf_fake_stdout
                0x000000000800c9d4       0x20 c:/st/stm32cubeide_1.10.1/stm32cubeide/plugins/com.st.stm32cube.ide.mcu.externaltools.gnu-tools-for-stm32.10.3-2021.10.win32_1.0.0.202111181127/tools/bin/../lib/gcc/arm-none-eabi/10.3.1/../../../../arm-none-eabi/lib/thumb/v7e-m+fp/hard\libc_nano.a(lib_a-findfp.o)
                0x000000000800c9d4                __sf_fake_stdout
                0x000000000800c9f4                . = ALIGN (0x4)

.ARM.extab      0x000000000800c9f4        0x0
                0x000000000800c9f4                . = ALIGN (0x4)
 *(.ARM.extab* .gnu.linkonce.armextab.*)
                0x000000000800c9f4                . = ALIGN (0x4)

.ARM            0x000000000800c9f4        0x8
                0x000000000800c9f4                . = ALIGN (0x4)
                0x000000000800c9f4                __exidx_start = .
 *(.ARM.exidx*)
 .ARM.exidx     0x000000000800c9f4        0x8 c:/st/stm32cubeide_1.10.1/stm32cubeide/plugins/com.st.stm32cube.ide.mcu.externaltools.gnu-tools-for-stm32.10.3-2021.10.win32_1.0.0.202111181127/tools/bin/../lib/gcc/arm-none-eabi/10.3.1/thumb/v7e-m+fp/hard\libgcc.a(_udivmoddi4.o)
                0x000000000800c9fc                __exidx_end = .
                0x000000000800c9fc                . = ALIGN (0x4)

.rel.dyn        0x000000000800c9fc        0x0
 .rel.iplt      0x000000000800c9fc        0x0 c:/st/stm32cubeide_1.10.1/stm32cubeide/plugins/com.st.stm32cube.ide.mcu.externaltools.gnu-tools-for-stm32.10.3-2021.10.win32_1.0.0.202111181127/tools/bin/../lib/gcc/arm-none-eabi/10.3.1/thumb/v7e-m+fp/hard/crtbegin.o

.preinit_array  0x000000000800c9fc        0x0
                0x000000000800c9fc                . = ALIGN (0x4)
                0x000000000800c9fc                PROVIDE (__preinit_array_start = .)
 *(.preinit_array*)
                0x000000000800c9fc                PROVIDE (__preinit_array_end = .)
                0x000000000800c9fc                . = ALIGN (0x4)

.init_array     0x000000000800c9fc        0x4
                0x000000000800c9fc                . = ALIGN (0x4)
                0x000000000800c9fc                PROVIDE (__init_array_start = .)
 *(SORT_BY_NAME(.init_array.*))
 *(.init_array*)
 .init_array    0x000000000800c9fc        0x4 c:/st/stm32cubeide_1.10.1/stm32cubeide/plugins/com.st.stm32cube.ide.mcu.externaltools.gnu-tools-for-stm32.10.3-2021.10.win32_1.0.0.202111181127/tools/bin/../lib/gcc/arm-none-eabi/10.3.1/thumb/v7e-m+fp/hard/crtbegin.o
                0x000000000800ca00                PROVIDE (__init_array_end = .)
                0x000000000800ca00                . = ALIGN (0x4)

.fini_array     0x000000000800ca00        0x4
                0x000000000800ca00                . = ALIGN (0x4)
                [!provide]                        PROVIDE (__fini_array_start = .)
 *(SORT_BY_NAME(.fini_array.*))
 *(.fini_array*)
 .fini_array    0x000000000800ca00        0x4 c:/st/stm32cubeide_1.10.1/stm32cubeide/plugins/com.st.stm32cube.ide.mcu.externaltools.gnu-tools-for-stm32.10.3-2021.10.win32_1.0.0.202111181127/tools/bin/../lib/gcc/arm-none-eabi/10.3.1/thumb/v7e-m+fp/hard/crtbegin.o
                [!provide]                        PROVIDE (__fini_array_end = .)
                0x000000000800ca04                . = ALIGN (0x4)
                0x000000000800ca04                _sidata = LOADADDR (.data)

.data           0x0000000020000000       0x94 load address 0x000000000800ca04
                0x0000000020000000                . = ALIGN (0x4)
                0x0000000020000000                _sdata = .
 *(.data)
 *(.data*)
 .data.rotationNum
                0x0000000020000000        0x1 ./Core/Src/lcdIli9341/lcdIli9341.o
 *fill*         0x0000000020000001        0x3 
 .data.SystemCoreClock
                0x0000000020000004        0x4 ./Core/Src/system_stm32f4xx.o
                0x0000000020000004                SystemCoreClock
 .data.uwTickPrio
                0x0000000020000008        0x4 ./Drivers/STM32F4xx_HAL_Driver/Src/stm32f4xx_hal.o
                0x0000000020000008                uwTickPrio
 .data.uwTickFreq
                0x000000002000000c        0x1 ./Drivers/STM32F4xx_HAL_Driver/Src/stm32f4xx_hal.o
                0x000000002000000c                uwTickFreq
 *fill*         0x000000002000000d        0x3 
 .data.CDC_Class
                0x0000000020000010       0x20 ./Middlewares/ST/STM32_USB_Host_Library/Class/CDC/Src/usbh_cdc.o
                0x0000000020000010                CDC_Class
 .data._impure_ptr
                0x0000000020000030        0x4 c:/st/stm32cubeide_1.10.1/stm32cubeide/plugins/com.st.stm32cube.ide.mcu.externaltools.gnu-tools-for-stm32.10.3-2021.10.win32_1.0.0.202111181127/tools/bin/../lib/gcc/arm-none-eabi/10.3.1/../../../../arm-none-eabi/lib/thumb/v7e-m+fp/hard\libc_nano.a(lib_a-impure.o)
                0x0000000020000030                _impure_ptr
 .data.impure_data
                0x0000000020000034       0x60 c:/st/stm32cubeide_1.10.1/stm32cubeide/plugins/com.st.stm32cube.ide.mcu.externaltools.gnu-tools-for-stm32.10.3-2021.10.win32_1.0.0.202111181127/tools/bin/../lib/gcc/arm-none-eabi/10.3.1/../../../../arm-none-eabi/lib/thumb/v7e-m+fp/hard\libc_nano.a(lib_a-impure.o)
 *(.RamFunc)
 *(.RamFunc*)
                0x0000000020000094                . = ALIGN (0x4)
                0x0000000020000094                _edata = .
                0x000000000800ca98                _siccmram = LOADADDR (.ccmram)

.igot.plt       0x0000000020000094        0x0 load address 0x000000000800ca98
 .igot.plt      0x0000000020000094        0x0 c:/st/stm32cubeide_1.10.1/stm32cubeide/plugins/com.st.stm32cube.ide.mcu.externaltools.gnu-tools-for-stm32.10.3-2021.10.win32_1.0.0.202111181127/tools/bin/../lib/gcc/arm-none-eabi/10.3.1/thumb/v7e-m+fp/hard/crtbegin.o

.ccmram         0x0000000010000000        0x0 load address 0x000000000800ca98
                0x0000000010000000                . = ALIGN (0x4)
                0x0000000010000000                _sccmram = .
 *(.ccmram)
 *(.ccmram*)
                0x0000000010000000                . = ALIGN (0x4)
                0x0000000010000000                _eccmram = .
                0x0000000010000000                . = ALIGN (0x4)

.bss            0x0000000020000094      0xa78
                0x0000000020000094                _sbss = .
                0x0000000020000094                __bss_start__ = _sbss
 *(.bss)
 .bss           0x0000000020000094       0x1c c:/st/stm32cubeide_1.10.1/stm32cubeide/plugins/com.st.stm32cube.ide.mcu.externaltools.gnu-tools-for-stm32.10.3-2021.10.win32_1.0.0.202111181127/tools/bin/../lib/gcc/arm-none-eabi/10.3.1/thumb/v7e-m+fp/hard/crtbegin.o
 *(.bss*)
 .bss.hdcmi     0x00000000200000b0       0x40 ./Core/Src/main.o
                0x00000000200000b0                hdcmi
 .bss.hdma_dcmi
                0x00000000200000f0       0x60 ./Core/Src/main.o
                0x00000000200000f0                hdma_dcmi
 .bss.hi2c2     0x0000000020000150       0x54 ./Core/Src/main.o
                0x0000000020000150                hi2c2
 .bss.hspi1     0x00000000200001a4       0x58 ./Core/Src/main.o
                0x00000000200001a4                hspi1
 .bss.htim5     0x00000000200001fc       0x48 ./Core/Src/main.o
                0x00000000200001fc                htim5
 .bss.huart2    0x0000000020000244       0x44 ./Core/Src/main.o
                0x0000000020000244                huart2
 .bss.huart3    0x0000000020000288       0x44 ./Core/Src/main.o
                0x0000000020000288                huart3
 .bss.hdma_usart2_rx
                0x00000000200002cc       0x60 ./Core/Src/main.o
                0x00000000200002cc                hdma_usart2_rx
 .bss.hdma_usart3_rx
                0x000000002000032c       0x60 ./Core/Src/main.o
                0x000000002000032c                hdma_usart3_rx
 .bss.hsram1    0x000000002000038c       0x50 ./Core/Src/main.o
                0x000000002000038c                hsram1
 .bss.FSMC_Initialized
                0x00000000200003dc        0x4 ./Core/Src/stm32f4xx_hal_msp.o
 .bss.__sbrk_heap_end
                0x00000000200003e0        0x4 ./Core/Src/sysmem.o
 .bss.sp_hdcmi  0x00000000200003e4        0x4 ./Core/Src/ov7670/ov7670.o
 .bss.sp_hdma_dcmi
                0x00000000200003e8        0x4 ./Core/Src/ov7670/ov7670.o
 .bss.sp_hi2c   0x00000000200003ec        0x4 ./Core/Src/ov7670/ov7670.o
 .bss.s_destAddressForContiuousMode
                0x00000000200003f0        0x4 ./Core/Src/ov7670/ov7670.o
 .bss.s_cbVsync
                0x00000000200003f4        0x4 ./Core/Src/ov7670/ov7670.o
 .bss.s_currentH
                0x00000000200003f8        0x4 ./Core/Src/ov7670/ov7670.o
 .bss.s_currentV
                0x00000000200003fc        0x4 ./Core/Src/ov7670/ov7670.o
 .bss.sp_huart  0x0000000020000400        0x4 ./Core/Src/uartTerminal/uartTerminal.o
 .bss.s_bufferRx
                0x0000000020000404       0x10 ./Core/Src/uartTerminal/uartTerminal.o
 .bss.s_bufferRxRp
                0x0000000020000414        0x1 ./Core/Src/uartTerminal/uartTerminal.o
 *fill*         0x0000000020000415        0x3 
 .bss.uwTick    0x0000000020000418        0x4 ./Drivers/STM32F4xx_HAL_Driver/Src/stm32f4xx_hal.o
                0x0000000020000418                uwTick
 .bss.hUsbHostFS
                0x000000002000041c      0x3d8 ./USB_HOST/App/usb_host.o
                0x000000002000041c                hUsbHostFS
 .bss.Appli_state
                0x00000000200007f4        0x1 ./USB_HOST/App/usb_host.o
                0x00000000200007f4                Appli_state
 *fill*         0x00000000200007f5        0x3 
 .bss.hhcd_USB_OTG_FS
                0x00000000200007f8      0x304 ./USB_HOST/Target/usbh_conf.o
                0x00000000200007f8                hhcd_USB_OTG_FS
 .bss.__malloc_free_list
                0x0000000020000afc        0x4 c:/st/stm32cubeide_1.10.1/stm32cubeide/plugins/com.st.stm32cube.ide.mcu.externaltools.gnu-tools-for-stm32.10.3-2021.10.win32_1.0.0.202111181127/tools/bin/../lib/gcc/arm-none-eabi/10.3.1/../../../../arm-none-eabi/lib/thumb/v7e-m+fp/hard\libc_nano.a(lib_a-nano-mallocr.o)
                0x0000000020000afc                __malloc_free_list
 .bss.__malloc_sbrk_start
                0x0000000020000b00        0x4 c:/st/stm32cubeide_1.10.1/stm32cubeide/plugins/com.st.stm32cube.ide.mcu.externaltools.gnu-tools-for-stm32.10.3-2021.10.win32_1.0.0.202111181127/tools/bin/../lib/gcc/arm-none-eabi/10.3.1/../../../../arm-none-eabi/lib/thumb/v7e-m+fp/hard\libc_nano.a(lib_a-nano-mallocr.o)
                0x0000000020000b00                __malloc_sbrk_start
 .bss.__lock___malloc_recursive_mutex
                0x0000000020000b04        0x1 c:/st/stm32cubeide_1.10.1/stm32cubeide/plugins/com.st.stm32cube.ide.mcu.externaltools.gnu-tools-for-stm32.10.3-2021.10.win32_1.0.0.202111181127/tools/bin/../lib/gcc/arm-none-eabi/10.3.1/../../../../arm-none-eabi/lib/thumb/v7e-m+fp/hard\libc_nano.a(lib_a-lock.o)
                0x0000000020000b04                __lock___malloc_recursive_mutex
 .bss.__lock___sfp_recursive_mutex
                0x0000000020000b05        0x1 c:/st/stm32cubeide_1.10.1/stm32cubeide/plugins/com.st.stm32cube.ide.mcu.externaltools.gnu-tools-for-stm32.10.3-2021.10.win32_1.0.0.202111181127/tools/bin/../lib/gcc/arm-none-eabi/10.3.1/../../../../arm-none-eabi/lib/thumb/v7e-m+fp/hard\libc_nano.a(lib_a-lock.o)
                0x0000000020000b05                __lock___sfp_recursive_mutex
 .bss.__lock___sinit_recursive_mutex
                0x0000000020000b06        0x1 c:/st/stm32cubeide_1.10.1/stm32cubeide/plugins/com.st.stm32cube.ide.mcu.externaltools.gnu-tools-for-stm32.10.3-2021.10.win32_1.0.0.202111181127/tools/bin/../lib/gcc/arm-none-eabi/10.3.1/../../../../arm-none-eabi/lib/thumb/v7e-m+fp/hard\libc_nano.a(lib_a-lock.o)
                0x0000000020000b06                __lock___sinit_recursive_mutex
 *fill*         0x0000000020000b07        0x1 
 .bss.errno     0x0000000020000b08        0x4 c:/st/stm32cubeide_1.10.1/stm32cubeide/plugins/com.st.stm32cube.ide.mcu.externaltools.gnu-tools-for-stm32.10.3-2021.10.win32_1.0.0.202111181127/tools/bin/../lib/gcc/arm-none-eabi/10.3.1/../../../../arm-none-eabi/lib/thumb/v7e-m+fp/hard\libc_nano.a(lib_a-reent.o)
                0x0000000020000b08                errno
 *(COMMON)
                0x0000000020000b0c                . = ALIGN (0x4)
                0x0000000020000b0c                _ebss = .
                0x0000000020000b0c                __bss_end__ = _ebss

._user_heap_stack
                0x0000000020000b0c      0x604
                0x0000000020000b10                . = ALIGN (0x8)
 *fill*         0x0000000020000b0c        0x4 
                [!provide]                        PROVIDE (end = .)
                0x0000000020000b10                PROVIDE (_end = .)
                0x0000000020000d10                . = (. + _Min_Heap_Size)
 *fill*         0x0000000020000b10      0x200 
                0x0000000020001110                . = (. + _Min_Stack_Size)
 *fill*         0x0000000020000d10      0x400 
                0x0000000020001110                . = ALIGN (0x8)

/DISCARD/
 libc.a(*)
 libm.a(*)
 libgcc.a(*)

.ARM.attributes
                0x0000000000000000       0x30
 *(.ARM.attributes)
 .ARM.attributes
                0x0000000000000000       0x1e c:/st/stm32cubeide_1.10.1/stm32cubeide/plugins/com.st.stm32cube.ide.mcu.externaltools.gnu-tools-for-stm32.10.3-2021.10.win32_1.0.0.202111181127/tools/bin/../lib/gcc/arm-none-eabi/10.3.1/thumb/v7e-m+fp/hard/crti.o
 .ARM.attributes
                0x000000000000001e       0x34 c:/st/stm32cubeide_1.10.1/stm32cubeide/plugins/com.st.stm32cube.ide.mcu.externaltools.gnu-tools-for-stm32.10.3-2021.10.win32_1.0.0.202111181127/tools/bin/../lib/gcc/arm-none-eabi/10.3.1/thumb/v7e-m+fp/hard/crtbegin.o
 .ARM.attributes
                0x0000000000000052       0x34 ./Core/Src/lcdIli9341/lcdIli9341.o
 .ARM.attributes
                0x0000000000000086       0x34 ./Core/Src/main.o
 .ARM.attributes
                0x00000000000000ba       0x34 ./Core/Src/retarget.o
 .ARM.attributes
                0x00000000000000ee       0x34 ./Core/Src/stm32f4xx_hal_msp.o
 .ARM.attributes
                0x0000000000000122       0x34 ./Core/Src/stm32f4xx_it.o
 .ARM.attributes
                0x0000000000000156       0x34 ./Core/Src/syscalls.o
 .ARM.attributes
                0x000000000000018a       0x34 ./Core/Src/sysmem.o
 .ARM.attributes
                0x00000000000001be       0x34 ./Core/Src/system_stm32f4xx.o
 .ARM.attributes
                0x00000000000001f2       0x34 ./Core/Src/ov7670/ov7670.o
 .ARM.attributes
                0x0000000000000226       0x34 ./Core/Src/uartTerminal/uartTerminal.o
 .ARM.attributes
                0x000000000000025a       0x21 ./Core/Startup/startup_stm32f407vgtx.o
 .ARM.attributes
                0x000000000000027b       0x34 ./Drivers/STM32F4xx_HAL_Driver/Src/stm32f4xx_hal.o
 .ARM.attributes
                0x00000000000002af       0x34 ./Drivers/STM32F4xx_HAL_Driver/Src/stm32f4xx_hal_cortex.o
 .ARM.attributes
                0x00000000000002e3       0x34 ./Drivers/STM32F4xx_HAL_Driver/Src/stm32f4xx_hal_dcmi.o
 .ARM.attributes
                0x0000000000000317       0x34 ./Drivers/STM32F4xx_HAL_Driver/Src/stm32f4xx_hal_dcmi_ex.o
 .ARM.attributes
                0x000000000000034b       0x34 ./Drivers/STM32F4xx_HAL_Driver/Src/stm32f4xx_hal_dma.o
 .ARM.attributes
                0x000000000000037f       0x34 ./Drivers/STM32F4xx_HAL_Driver/Src/stm32f4xx_hal_dma_ex.o
 .ARM.attributes
                0x00000000000003b3       0x34 ./Drivers/STM32F4xx_HAL_Driver/Src/stm32f4xx_hal_gpio.o
 .ARM.attributes
                0x00000000000003e7       0x34 ./Drivers/STM32F4xx_HAL_Driver/Src/stm32f4xx_hal_hcd.o
 .ARM.attributes
                0x000000000000041b       0x34 ./Drivers/STM32F4xx_HAL_Driver/Src/stm32f4xx_hal_i2c.o
 .ARM.attributes
                0x000000000000044f       0x34 ./Drivers/STM32F4xx_HAL_Driver/Src/stm32f4xx_hal_rcc.o
 .ARM.attributes
                0x0000000000000483       0x34 ./Drivers/STM32F4xx_HAL_Driver/Src/stm32f4xx_hal_spi.o
 .ARM.attributes
                0x00000000000004b7       0x34 ./Drivers/STM32F4xx_HAL_Driver/Src/stm32f4xx_hal_sram.o
 .ARM.attributes
                0x00000000000004eb       0x34 ./Drivers/STM32F4xx_HAL_Driver/Src/stm32f4xx_hal_tim.o
 .ARM.attributes
                0x000000000000051f       0x34 ./Drivers/STM32F4xx_HAL_Driver/Src/stm32f4xx_hal_tim_ex.o
 .ARM.attributes
                0x0000000000000553       0x34 ./Drivers/STM32F4xx_HAL_Driver/Src/stm32f4xx_hal_uart.o
 .ARM.attributes
                0x0000000000000587       0x34 ./Drivers/STM32F4xx_HAL_Driver/Src/stm32f4xx_ll_fsmc.o
 .ARM.attributes
                0x00000000000005bb       0x34 ./Drivers/STM32F4xx_HAL_Driver/Src/stm32f4xx_ll_usb.o
 .ARM.attributes
                0x00000000000005ef       0x34 ./Middlewares/ST/STM32_USB_Host_Library/Class/CDC/Src/usbh_cdc.o
 .ARM.attributes
                0x0000000000000623       0x34 ./Middlewares/ST/STM32_USB_Host_Library/Core/Src/usbh_core.o
 .ARM.attributes
                0x0000000000000657       0x34 ./Middlewares/ST/STM32_USB_Host_Library/Core/Src/usbh_ctlreq.o
 .ARM.attributes
                0x000000000000068b       0x34 ./Middlewares/ST/STM32_USB_Host_Library/Core/Src/usbh_ioreq.o