Archive member included to satisfy reference by file (symbol)

c:/st/stm32cubeide_1.8.0/stm32cubeide/plugins/com.st.stm32cube.ide.mcu.externaltools.gnu-tools-for-stm32.10.3-2021.10.win32_1.0.0.202111181127/tools/bin/../lib/gcc/arm-none-eabi/10.3.1/../../../../arm-none-eabi/lib/thumb/v7e-m+fp/hard\libc_nano.a(lib_a-errno.o)
                              ./Core/Src/syscalls.o (__errno)
c:/st/stm32cubeide_1.8.0/stm32cubeide/plugins/com.st.stm32cube.ide.mcu.externaltools.gnu-tools-for-stm32.10.3-2021.10.win32_1.0.0.202111181127/tools/bin/../lib/gcc/arm-none-eabi/10.3.1/../../../../arm-none-eabi/lib/thumb/v7e-m+fp/hard\libc_nano.a(lib_a-exit.o)
                              c:/st/stm32cubeide_1.8.0/stm32cubeide/plugins/com.st.stm32cube.ide.mcu.externaltools.gnu-tools-for-stm32.10.3-2021.10.win32_1.0.0.202111181127/tools/bin/../lib/gcc/arm-none-eabi/10.3.1/../../../../arm-none-eabi/lib/thumb/v7e-m+fp/hard/crt0.o (exit)
c:/st/stm32cubeide_1.8.0/stm32cubeide/plugins/com.st.stm32cube.ide.mcu.externaltools.gnu-tools-for-stm32.10.3-2021.10.win32_1.0.0.202111181127/tools/bin/../lib/gcc/arm-none-eabi/10.3.1/../../../../arm-none-eabi/lib/thumb/v7e-m+fp/hard\libc_nano.a(lib_a-impure.o)
                              c:/st/stm32cubeide_1.8.0/stm32cubeide/plugins/com.st.stm32cube.ide.mcu.externaltools.gnu-tools-for-stm32.10.3-2021.10.win32_1.0.0.202111181127/tools/bin/../lib/gcc/arm-none-eabi/10.3.1/../../../../arm-none-eabi/lib/thumb/v7e-m+fp/hard\libc_nano.a(lib_a-exit.o) (_global_impure_ptr)
c:/st/stm32cubeide_1.8.0/stm32cubeide/plugins/com.st.stm32cube.ide.mcu.externaltools.gnu-tools-for-stm32.10.3-2021.10.win32_1.0.0.202111181127/tools/bin/../lib/gcc/arm-none-eabi/10.3.1/../../../../arm-none-eabi/lib/thumb/v7e-m+fp/hard\libc_nano.a(lib_a-init.o)
                              c:/st/stm32cubeide_1.8.0/stm32cubeide/plugins/com.st.stm32cube.ide.mcu.externaltools.gnu-tools-for-stm32.10.3-2021.10.win32_1.0.0.202111181127/tools/bin/../lib/gcc/arm-none-eabi/10.3.1/../../../../arm-none-eabi/lib/thumb/v7e-m+fp/hard/crt0.o (__libc_init_array)
c:/st/stm32cubeide_1.8.0/stm32cubeide/plugins/com.st.stm32cube.ide.mcu.externaltools.gnu-tools-for-stm32.10.3-2021.10.win32_1.0.0.202111181127/tools/bin/../lib/gcc/arm-none-eabi/10.3.1/../../../../arm-none-eabi/lib/thumb/v7e-m+fp/hard\libc_nano.a(lib_a-memset.o)
                              c:/st/stm32cubeide_1.8.0/stm32cubeide/plugins/com.st.stm32cube.ide.mcu.externaltools.gnu-tools-for-stm32.10.3-2021.10.win32_1.0.0.202111181127/tools/bin/../lib/gcc/arm-none-eabi/10.3.1/../../../../arm-none-eabi/lib/thumb/v7e-m+fp/hard/crt0.o (memset)
c:/st/stm32cubeide_1.8.0/stm32cubeide/plugins/com.st.stm32cube.ide.mcu.externaltools.gnu-tools-for-stm32.10.3-2021.10.win32_1.0.0.202111181127/tools/bin/../lib/gcc/arm-none-eabi/10.3.1/thumb/v7e-m+fp/hard\libgcc.a(_arm_muldf3.o)
                              ./Core/Src/printf.o (__aeabi_dmul)
c:/st/stm32cubeide_1.8.0/stm32cubeide/plugins/com.st.stm32cube.ide.mcu.externaltools.gnu-tools-for-stm32.10.3-2021.10.win32_1.0.0.202111181127/tools/bin/../lib/gcc/arm-none-eabi/10.3.1/thumb/v7e-m+fp/hard\libgcc.a(_arm_addsubdf3.o)
                              ./Core/Src/printf.o (__aeabi_dsub)
c:/st/stm32cubeide_1.8.0/stm32cubeide/plugins/com.st.stm32cube.ide.mcu.externaltools.gnu-tools-for-stm32.10.3-2021.10.win32_1.0.0.202111181127/tools/bin/../lib/gcc/arm-none-eabi/10.3.1/thumb/v7e-m+fp/hard\libgcc.a(_arm_muldivdf3.o)
                              ./Core/Src/printf.o (__aeabi_ddiv)
c:/st/stm32cubeide_1.8.0/stm32cubeide/plugins/com.st.stm32cube.ide.mcu.externaltools.gnu-tools-for-stm32.10.3-2021.10.win32_1.0.0.202111181127/tools/bin/../lib/gcc/arm-none-eabi/10.3.1/thumb/v7e-m+fp/hard\libgcc.a(_arm_cmpdf2.o)
                              ./Core/Src/printf.o (__aeabi_dcmpeq)
c:/st/stm32cubeide_1.8.0/stm32cubeide/plugins/com.st.stm32cube.ide.mcu.externaltools.gnu-tools-for-stm32.10.3-2021.10.win32_1.0.0.202111181127/tools/bin/../lib/gcc/arm-none-eabi/10.3.1/thumb/v7e-m+fp/hard\libgcc.a(_arm_fixdfsi.o)
                              ./Core/Src/printf.o (__aeabi_d2iz)
c:/st/stm32cubeide_1.8.0/stm32cubeide/plugins/com.st.stm32cube.ide.mcu.externaltools.gnu-tools-for-stm32.10.3-2021.10.win32_1.0.0.202111181127/tools/bin/../lib/gcc/arm-none-eabi/10.3.1/thumb/v7e-m+fp/hard\libgcc.a(_arm_fixunsdfsi.o)
                              ./Core/Src/printf.o (__aeabi_d2uiz)
c:/st/stm32cubeide_1.8.0/stm32cubeide/plugins/com.st.stm32cube.ide.mcu.externaltools.gnu-tools-for-stm32.10.3-2021.10.win32_1.0.0.202111181127/tools/bin/../lib/gcc/arm-none-eabi/10.3.1/thumb/v7e-m+fp/hard\libgcc.a(_aeabi_uldivmod.o)
                              ./Core/Src/printf.o (__aeabi_uldivmod)
c:/st/stm32cubeide_1.8.0/stm32cubeide/plugins/com.st.stm32cube.ide.mcu.externaltools.gnu-tools-for-stm32.10.3-2021.10.win32_1.0.0.202111181127/tools/bin/../lib/gcc/arm-none-eabi/10.3.1/thumb/v7e-m+fp/hard\libgcc.a(_udivmoddi4.o)
[...]
Memory Configuration

Name             Origin             Length             Attributes
RAM              0x0000000020000000 0x0000000000020000 xrw
FLASH            0x0000000008000000 0x0000000000080000 xr
*default*        0x0000000000000000 0xffffffffffffffff

Linker script and memory map

LOAD c:/st/stm32cubeide_1.8.0/stm32cubeide/plugins/com.st.stm32cube.ide.mcu.externaltools.gnu-tools-for-stm32.10.3-2021.10.win32_1.0.0.202111181127/tools/bin/../lib/gcc/arm-none-eabi/10.3.1/thumb/v7e-m+fp/hard/crti.o
LOAD c:/st/stm32cubeide_1.8.0/stm32cubeide/plugins/com.st.stm32cube.ide.mcu.externaltools.gnu-tools-for-stm32.10.3-2021.10.win32_1.0.0.202111181127/tools/bin/../lib/gcc/arm-none-eabi/10.3.1/thumb/v7e-m+fp/hard/crtbegin.o
LOAD c:/st/stm32cubeide_1.8.0/stm32cubeide/plugins/com.st.stm32cube.ide.mcu.externaltools.gnu-tools-for-stm32.10.3-2021.10.win32_1.0.0.202111181127/tools/bin/../lib/gcc/arm-none-eabi/10.3.1/../../../../arm-none-eabi/lib/thumb/v7e-m+fp/hard/crt0.o
LOAD ./Core/Src/lcd_touch.o
LOAD ./Core/Src/main.o
LOAD ./Core/Src/printf.o
LOAD ./Core/Src/stm32f4xx_hal_msp.o
LOAD ./Core/Src/stm32f4xx_it.o
LOAD ./Core/Src/syscalls.o
LOAD ./Core/Src/sysmem.o
LOAD ./Core/Src/system_stm32f4xx.o
LOAD ./Core/Startup/startup_stm32f446retx.o
LOAD ./Drivers/STM32F4xx_HAL_Driver/Src/stm32f4xx_hal.o
LOAD ./Drivers/STM32F4xx_HAL_Driver/Src/stm32f4xx_hal_adc.o
LOAD ./Drivers/STM32F4xx_HAL_Driver/Src/stm32f4xx_hal_adc_ex.o
LOAD ./Drivers/STM32F4xx_HAL_Driver/Src/stm32f4xx_hal_cortex.o
LOAD ./Drivers/STM32F4xx_HAL_Driver/Src/stm32f4xx_hal_dma.o
LOAD ./Drivers/STM32F4xx_HAL_Driver/Src/stm32f4xx_hal_dma_ex.o
LOAD ./Drivers/STM32F4xx_HAL_Driver/Src/stm32f4xx_hal_exti.o
LOAD ./Drivers/STM32F4xx_HAL_Driver/Src/stm32f4xx_hal_flash.o
LOAD ./Drivers/STM32F4xx_HAL_Driver/Src/stm32f4xx_hal_flash_ex.o
LOAD ./Drivers/STM32F4xx_HAL_Driver/Src/stm32f4xx_hal_flash_ramfunc.o
LOAD ./Drivers/STM32F4xx_HAL_Driver/Src/stm32f4xx_hal_gpio.o
LOAD ./Drivers/STM32F4xx_HAL_Driver/Src/stm32f4xx_hal_pwr.o
LOAD ./Drivers/STM32F4xx_HAL_Driver/Src/stm32f4xx_hal_pwr_ex.o
LOAD ./Drivers/STM32F4xx_HAL_Driver/Src/stm32f4xx_hal_rcc.o
LOAD ./Drivers/STM32F4xx_HAL_Driver/Src/stm32f4xx_hal_rcc_ex.o
LOAD ./Drivers/STM32F4xx_HAL_Driver/Src/stm32f4xx_hal_tim.o
LOAD ./Drivers/STM32F4xx_HAL_Driver/Src/stm32f4xx_hal_tim_ex.o
LOAD ./Drivers/STM32F4xx_HAL_Driver/Src/stm32f4xx_ll_adc.o
START GROUP
LOAD c:/st/stm32cubeide_1.8.0/stm32cubeide/plugins/com.st.stm32cube.ide.mcu.externaltools.gnu-tools-for-stm32.10.3-2021.10.win32_1.0.0.202111181127/tools/bin/../lib/gcc/arm-none-eabi/10.3.1/../../../../arm-none-eabi/lib/thumb/v7e-m+fp/hard\libc_nano.a
LOAD c:/st/stm32cubeide_1.8.0/stm32cubeide/plugins/com.st.stm32cube.ide.mcu.externaltools.gnu-tools-for-stm32.10.3-2021.10.win32_1.0.0.202111181127/tools/bin/../lib/gcc/arm-none-eabi/10.3.1/../../../../arm-none-eabi/lib/thumb/v7e-m+fp/hard\libm.a
END GROUP
START GROUP
LOAD c:/st/stm32cubeide_1.8.0/stm32cubeide/plugins/com.st.stm32cube.ide.mcu.externaltools.gnu-tools-for-stm32.10.3-2021.10.win32_1.0.0.202111181127/tools/bin/../lib/gcc/arm-none-eabi/10.3.1/thumb/v7e-m+fp/hard\libgcc.a
LOAD c:/st/stm32cubeide_1.8.0/stm32cubeide/plugins/com.st.stm32cube.ide.mcu.externaltools.gnu-tools-for-stm32.10.3-2021.10.win32_1.0.0.202111181127/tools/bin/../lib/gcc/arm-none-eabi/10.3.1/../../../../arm-none-eabi/lib/thumb/v7e-m+fp/hard\libc_nano.a
END GROUP
START GROUP
LOAD c:/st/stm32cubeide_1.8.0/stm32cubeide/plugins/com.st.stm32cube.ide.mcu.externaltools.gnu-tools-for-stm32.10.3-2021.10.win32_1.0.0.202111181127/tools/bin/../lib/gcc/arm-none-eabi/10.3.1/thumb/v7e-m+fp/hard\libgcc.a
LOAD c:/st/stm32cubeide_1.8.0/stm32cubeide/plugins/com.st.stm32cube.ide.mcu.externaltools.gnu-tools-for-stm32.10.3-2021.10.win32_1.0.0.202111181127/tools/bin/../lib/gcc/arm-none-eabi/10.3.1/../../../../arm-none-eabi/lib/thumb/v7e-m+fp/hard\libc_nano.a
LOAD c:/st/stm32cubeide_1.8.0/stm32cubeide/plugins/com.st.stm32cube.ide.mcu.externaltools.gnu-tools-for-stm32.10.3-2021.10.win32_1.0.0.202111181127/tools/bin/../lib/gcc/arm-none-eabi/10.3.1/../../../../arm-none-eabi/lib/thumb/v7e-m+fp/hard\libnosys.a
END GROUP
START GROUP
LOAD c:/st/stm32cubeide_1.8.0/stm32cubeide/plugins/com.st.stm32cube.ide.mcu.externaltools.gnu-tools-for-stm32.10.3-2021.10.win32_1.0.0.202111181127/tools/bin/../lib/gcc/arm-none-eabi/10.3.1/thumb/v7e-m+fp/hard\libgcc.a
LOAD c:/st/stm32cubeide_1.8.0/stm32cubeide/plugins/com.st.stm32cube.ide.mcu.externaltools.gnu-tools-for-stm32.10.3-2021.10.win32_1.0.0.202111181127/tools/bin/../lib/gcc/arm-none-eabi/10.3.1/../../../../arm-none-eabi/lib/thumb/v7e-m+fp/hard\libc_nano.a
LOAD c:/st/stm32cubeide_1.8.0/stm32cubeide/plugins/com.st.stm32cube.ide.mcu.externaltools.gnu-tools-for-stm32.10.3-2021.10.win32_1.0.0.202111181127/tools/bin/../lib/gcc/arm-none-eabi/10.3.1/../../../../arm-none-eabi/lib/thumb/v7e-m+fp/hard\libnosys.a
END GROUP
LOAD c:/st/stm32cubeide_1.8.0/stm32cubeide/plugins/com.st.stm32cube.ide.mcu.externaltools.gnu-tools-for-stm32.10.3-2021.10.win32_1.0.0.202111181127/tools/bin/../lib/gcc/arm-none-eabi/10.3.1/thumb/v7e-m+fp/hard/crtend.o
LOAD c:/st/stm32cubeide_1.8.0/stm32cubeide/plugins/com.st.stm32cube.ide.mcu.externaltools.gnu-tools-for-stm32.10.3-2021.10.win32_1.0.0.202111181127/tools/bin/../lib/gcc/arm-none-eabi/10.3.1/thumb/v7e-m+fp/hard/crtn.o
                0x0000000020020000                _estack = (ORIGIN (RAM) + LENGTH (RAM))
                0x0000000000000200                _Min_Heap_Size = 0x200
                0x0000000000000400                _Min_Stack_Size = 0x400

.isr_vector     0x0000000008000000      0x1c4
                0x0000000008000000                . = ALIGN (0x4)
 *(.isr_vector)
 .isr_vector    0x0000000008000000      0x1c4 ./Core/Startup/startup_stm32f446retx.o
                0x0000000008000000                g_pfnVectors
                0x00000000080001c4                . = ALIGN (0x4)

.text           0x00000000080001c8     0x5604
                0x00000000080001c8                . = ALIGN (0x4)
 *(.text)
 .text          0x00000000080001c8       0x40 c:/st/stm32cubeide_1.8.0/stm32cubeide/plugins/com.st.stm32cube.ide.mcu.externaltools.gnu-tools-for-stm32.10.3-2021.10.win32_1.0.0.202111181127/tools/bin/../lib/gcc/arm-none-eabi/10.3.1/thumb/v7e-m+fp/hard/crtbegin.o
 .text          0x0000000008000208      0x378 c:/st/stm32cubeide_1.8.0/stm32cubeide/plugins/com.st.stm32cube.ide.mcu.externaltools.gnu-tools-for-stm32.10.3-2021.10.win32_1.0.0.202111181127/tools/bin/../lib/gcc/arm-none-eabi/10.3.1/thumb/v7e-m+fp/hard\libgcc.a(_arm_addsubdf3.o)
                0x0000000008000208                __aeabi_drsub
                0x0000000008000210                __aeabi_dsub
                0x0000000008000210                __subdf3
                0x0000000008000214                __aeabi_dadd
                0x0000000008000214                __adddf3
                0x000000000800048c                __floatunsidf
                0x000000000800048c                __aeabi_ui2d
                0x00000000080004ac                __floatsidf
                0x00000000080004ac                __aeabi_i2d
                0x00000000080004d0                __aeabi_f2d
                0x00000000080004d0                __extendsfdf2
                0x0000000008000514                __floatundidf
                0x0000000008000514                __aeabi_ul2d
                0x0000000008000524                __floatdidf
                0x0000000008000524                __aeabi_l2d
 .text          0x0000000008000580      0x424 c:/st/stm32cubeide_1.8.0/stm32cubeide/plugins/com.st.stm32cube.ide.mcu.externaltools.gnu-tools-for-stm32.10.3-2021.10.win32_1.0.0.202111181127/tools/bin/../lib/gcc/arm-none-eabi/10.3.1/thumb/v7e-m+fp/hard\libgcc.a(_arm_muldivdf3.o)
                0x0000000008000580                __aeabi_dmul
                0x0000000008000580                __muldf3
                0x00000000080007d4                __divdf3
                0x00000000080007d4                __aeabi_ddiv
 .text          0x00000000080009a4      0x110 c:/st/stm32cubeide_1.8.0/stm32cubeide/plugins/com.st.stm32cube.ide.mcu.externaltools.gnu-tools-for-stm32.10.3-2021.10.win32_1.0.0.202111181127/tools/bin/../lib/gcc/arm-none-eabi/10.3.1/thumb/v7e-m+fp/hard\libgcc.a(_arm_cmpdf2.o)
                0x00000000080009a4                __gtdf2
                0x00000000080009a4                __gedf2
                0x00000000080009ac                __ltdf2
                0x00000000080009ac                __ledf2
                0x00000000080009b4                __nedf2
                0x00000000080009b4                __eqdf2
                0x00000000080009b4                __cmpdf2
                0x0000000008000a30                __aeabi_cdrcmple
                0x0000000008000a40                __aeabi_cdcmpeq
                0x0000000008000a40                __aeabi_cdcmple
                0x0000000008000a50                __aeabi_dcmpeq
                0x0000000008000a64                __aeabi_dcmplt
                0x0000000008000a78                __aeabi_dcmple
                0x0000000008000a8c                __aeabi_dcmpge
                0x0000000008000aa0                __aeabi_dcmpgt
 .text          0x0000000008000ab4       0x50 c:/st/stm32cubeide_1.8.0/stm32cubeide/plugins/com.st.stm32cube.ide.mcu.externaltools.gnu-tools-for-stm32.10.3-2021.10.win32_1.0.0.202111181127/tools/bin/../lib/gcc/arm-none-eabi/10.3.1/thumb/v7e-m+fp/hard\libgcc.a(_arm_fixdfsi.o)
                0x0000000008000ab4                __aeabi_d2iz
                0x0000000008000ab4                __fixdfsi
 .text          0x0000000008000b04       0x40 c:/st/stm32cubeide_1.8.0/stm32cubeide/plugins/com.st.stm32cube.ide.mcu.externaltools.gnu-tools-for-stm32.10.3-2021.10.win32_1.0.0.202111181127/tools/bin/../lib/gcc/arm-none-eabi/10.3.1/thumb/v7e-m+fp/hard\libgcc.a(_arm_fixunsdfsi.o)
                0x0000000008000b04                __aeabi_d2uiz
                0x0000000008000b04                __fixunsdfsi
 .text          0x0000000008000b44       0x30 c:/st/stm32cubeide_1.8.0/stm32cubeide/plugins/com.st.stm32cube.ide.mcu.externaltools.gnu-tools-for-stm32.10.3-2021.10.win32_1.0.0.202111181127/tools/bin/../lib/gcc/arm-none-eabi/10.3.1/thumb/v7e-m+fp/hard\libgcc.a(_aeabi_uldivmod.o)
                0x0000000008000b44                __aeabi_uldivmod
 .text          0x0000000008000b74      0x2d0 c:/st/stm32cubeide_1.8.0/stm32cubeide/plugins/com.st.stm32cube.ide.mcu.externaltools.gnu-tools-for-stm32.10.3-2021.10.win32_1.0.0.202111181127/tools/bin/../lib/gcc/arm-none-eabi/10.3.1/thumb/v7e-m+fp/hard\libgcc.a(_udivmoddi4.o)
                0x0000000008000b74                __udivmoddi4
 .text          0x0000000008000e44        0x4 c:/st/stm32cubeide_1.8.0/stm32cubeide/plugins/com.st.stm32cube.ide.mcu.externaltools.gnu-tools-for-stm32.10.3-2021.10.win32_1.0.0.202111181127/tools/bin/../lib/gcc/arm-none-eabi/10.3.1/thumb/v7e-m+fp/hard\libgcc.a(_dvmd_tls.o)
                0x0000000008000e44                __aeabi_idiv0
                0x0000000008000e44                __aeabi_ldiv0
 *(.text*)
 .text.fclamp   0x0000000008000e48       0x52 ./Core/Src/lcd_touch.o
 *fill*         0x0000000008000e9a        0x2 
 .text.adc_norm_x
                0x0000000008000e9c       0x30 ./Core/Src/lcd_touch.o
 .text.adc_norm_y
                0x0000000008000ecc       0x30 ./Core/Src/lcd_touch.o
 .text.LCD_GPIO_Init
                0x0000000008000efc      0x14c ./Core/Src/lcd_touch.o
 .text.LCD_Write8
                0x0000000008001048       0xa8 ./Core/Src/lcd_touch.o
 .text.TFT_24S_Write_Command
                0x00000000080010f0       0x28 ./Core/Src/lcd_touch.o
                0x00000000080010f0                TFT_24S_Write_Command
 .text.TFT_24S_Write_Data
                0x0000000008001118       0x28 ./Core/Src/lcd_touch.o
                0x0000000008001118                TFT_24S_Write_Data
 .text.LCD_Write16Register8
                0x0000000008001140       0x4c ./Core/Src/lcd_touch.o
 .text.LCD_Write32Register8
                0x000000000800118c       0x5c ./Core/Src/lcd_touch.o
 .text.LCD_init
                0x00000000080011e8      0x218 ./Core/Src/lcd_touch.o
                0x00000000080011e8                LCD_init
 .text.LCD_Flood
                0x0000000008001400       0x84 ./Core/Src/lcd_touch.o
                0x0000000008001400                LCD_Flood
 .text.LCD_SetAddrWindow
                0x0000000008001484       0x58 ./Core/Src/lcd_touch.o
                0x0000000008001484                LCD_SetAddrWindow
 .text.LCD_FillScreen
                0x00000000080014dc       0x2c ./Core/Src/lcd_touch.o
                0x00000000080014dc                LCD_FillScreen
 .text.LCD_DrawPixel
                0x0000000008001508       0x94 ./Core/Src/lcd_touch.o
                0x0000000008001508                LCD_DrawPixel
 .text.LCD_FillRect
                0x000000000800159c      0x150 ./Core/Src/lcd_touch.o
                0x000000000800159c                LCD_FillRect
 .text.LCD_SetCursor
                0x00000000080016ec       0x34 ./Core/Src/lcd_touch.o
                0x00000000080016ec                LCD_SetCursor
 .text.LCD_DrawChar
                0x0000000008001720      0x250 ./Core/Src/lcd_touch.o
                0x0000000008001720                LCD_DrawChar
 .text.LCD_Printf
                0x0000000008001970      0x1a0 ./Core/Src/lcd_touch.o
                0x0000000008001970                LCD_Printf
 .text.GPIO_DrawMode
                0x0000000008001b10       0xb8 ./Core/Src/lcd_touch.o
                0x0000000008001b10                GPIO_DrawMode
 .text.ADC_GetValue
                0x0000000008001bc8       0x48 ./Core/Src/lcd_touch.o
 .text.GPIO_SetPinMode
                0x0000000008001c10       0x32 ./Core/Src/lcd_touch.o
 *fill*         0x0000000008001c42        0x2 
 .text.ADC_GPIOA_init
                0x0000000008001c44       0x30 ./Core/Src/lcd_touch.o
 .text.ADC_GPIOB_init
                0x0000000008001c74       0x30 ./Core/Src/lcd_touch.o
 .text.touchX   0x0000000008001ca4       0x9c ./Core/Src/lcd_touch.o
                0x0000000008001ca4                touchX
 .text.touchY   0x0000000008001d40       0xc0 ./Core/Src/lcd_touch.o
                0x0000000008001d40                touchY
 .text.main     0x0000000008001e00      0x138 ./Core/Src/main.o
                0x0000000008001e00                main
 .text.SystemClock_Config
                0x0000000008001f38       0xdc ./Core/Src/main.o
                0x0000000008001f38                SystemClock_Config
 .text.MX_ADC1_Init
                0x0000000008002014       0xa4 ./Core/Src/main.o
 .text.MX_ADC2_Init
                0x00000000080020b8       0xa4 ./Core/Src/main.o
 .text.MX_GPIO_Init
                0x000000000800215c       0x50 ./Core/Src/main.o
 .text.Error_Handler
                0x00000000080021ac        0xa ./Core/Src/main.o
                0x00000000080021ac                Error_Handler
 .text._out_buffer
                0x00000000080021b6       0x2e ./Core/Src/printf.o
 .text._out_null
                0x00000000080021e4       0x1c ./Core/Src/printf.o
 .text._strnlen_s
                0x0000000008002200       0x3a ./Core/Src/printf.o
 .text._is_digit
                0x000000000800223a       0x2e ./Core/Src/printf.o
 .text._atoi    0x0000000008002268       0x48 ./Core/Src/printf.o
 .text._out_rev
                0x00000000080022b0       0xa0 ./Core/Src/printf.o
 .text._ntoa_format
                0x0000000008002350      0x1b8 ./Core/Src/printf.o
 .text._ntoa_long
                0x0000000008002508       0xcc ./Core/Src/printf.o
 .text._ntoa_long_long
                0x00000000080025d4       0xda ./Core/Src/printf.o
 *fill*         0x00000000080026ae        0x2 
 .text._ftoa    0x00000000080026b0      0x4ac ./Core/Src/printf.o
 *fill*         0x0000000008002b5c        0x4 
 .text._etoa    0x0000000008002b60      0x510 ./Core/Src/printf.o
 .text._vsnprintf
                0x0000000008003070      0x9c8 ./Core/Src/printf.o
 .text.vsnprintf_
                0x0000000008003a38       0x2c ./Core/Src/printf.o
                0x0000000008003a38                vsnprintf_
 .text.HAL_MspInit
                0x0000000008003a64       0x50 ./Core/Src/stm32f4xx_hal_msp.o
                0x0000000008003a64                HAL_MspInit
 .text.HAL_ADC_MspInit
                0x0000000008003ab4       0xec ./Core/Src/stm32f4xx_hal_msp.o
                0x0000000008003ab4                HAL_ADC_MspInit
 .text.NMI_Handler
                0x0000000008003ba0        0x6 ./Core/Src/stm32f4xx_it.o
                0x0000000008003ba0                NMI_Handler
 .text.HardFault_Handler
                0x0000000008003ba6        0x6 ./Core/Src/stm32f4xx_it.o
                0x0000000008003ba6                HardFault_Handler
 .text.MemManage_Handler
                0x0000000008003bac        0x6 ./Core/Src/stm32f4xx_it.o
                0x0000000008003bac                MemManage_Handler
 .text.BusFault_Handler
                0x0000000008003bb2        0x6 ./Core/Src/stm32f4xx_it.o
                0x0000000008003bb2                BusFault_Handler
 .text.UsageFault_Handler
                0x0000000008003bb8        0x6 ./Core/Src/stm32f4xx_it.o
                0x0000000008003bb8                UsageFault_Handler
 .text.SVC_Handler
                0x0000000008003bbe        0xe ./Core/Src/stm32f4xx_it.o
                0x0000000008003bbe                SVC_Handler
 .text.DebugMon_Handler
                0x0000000008003bcc        0xe ./Core/Src/stm32f4xx_it.o
                0x0000000008003bcc                DebugMon_Handler
 .text.PendSV_Handler
                0x0000000008003bda        0xe ./Core/Src/stm32f4xx_it.o
                0x0000000008003bda                PendSV_Handler
 .text.SysTick_Handler
                0x0000000008003be8        0xc ./Core/Src/stm32f4xx_it.o
                0x0000000008003be8                SysTick_Handler
 .text.SystemInit
                0x0000000008003bf4       0x24 ./Core/Src/system_stm32f4xx.o
                0x0000000008003bf4                SystemInit
 .text.Reset_Handler
                0x0000000008003c18       0x50 ./Core/Startup/startup_stm32f446retx.o
                0x0000000008003c18                Reset_Handler
 .text.Default_Handler
                0x0000000008003c68        0x2 ./Core/Startup/startup_stm32f446retx.o
                0x0000000008003c68                RTC_Alarm_IRQHandler
                0x0000000008003c68                EXTI2_IRQHandler
                0x0000000008003c68                TIM8_CC_IRQHandler
                0x0000000008003c68                FMPI2C1_EV_IRQHandler
                0x0000000008003c68                SPI4_IRQHandler
                0x0000000008003c68                TIM1_CC_IRQHandler
                0x0000000008003c68                DMA2_Stream5_IRQHandler
                0x0000000008003c68                DMA1_Stream5_IRQHandler
                0x0000000008003c68                PVD_IRQHandler
                0x0000000008003c68                SDIO_IRQHandler
                0x0000000008003c68                TAMP_STAMP_IRQHandler
                0x0000000008003c68                CAN2_RX1_IRQHandler
                0x0000000008003c68                EXTI3_IRQHandler
                0x0000000008003c68                TIM8_TRG_COM_TIM14_IRQHandler
                0x0000000008003c68                TIM1_UP_TIM10_IRQHandler
                0x0000000008003c68                TIM8_UP_TIM13_IRQHandler
                0x0000000008003c68                I2C3_ER_IRQHandler
                0x0000000008003c68                EXTI0_IRQHandler
                0x0000000008003c68                I2C2_EV_IRQHandler
                0x0000000008003c68                DMA1_Stream2_IRQHandler
                0x0000000008003c68                CAN1_RX0_IRQHandler
                0x0000000008003c68                FPU_IRQHandler
                0x0000000008003c68                OTG_HS_WKUP_IRQHandler
                0x0000000008003c68                CAN2_SCE_IRQHandler
                0x0000000008003c68                DMA2_Stream2_IRQHandler
                0x0000000008003c68                SPI1_IRQHandler
                0x0000000008003c68                TIM6_DAC_IRQHandler
                0x0000000008003c68                TIM1_BRK_TIM9_IRQHandler
                0x0000000008003c68                DCMI_IRQHandler
                0x0000000008003c68                CAN2_RX0_IRQHandler
                0x0000000008003c68                DMA2_Stream3_IRQHandler
                0x0000000008003c68                SAI2_IRQHandler
                0x0000000008003c68                USART6_IRQHandler
                0x0000000008003c68                USART3_IRQHandler
                0x0000000008003c68                CAN1_RX1_IRQHandler
                0x0000000008003c68                UART5_IRQHandler
                0x0000000008003c68                DMA2_Stream0_IRQHandler
                0x0000000008003c68                TIM4_IRQHandler
                0x0000000008003c68                QUADSPI_IRQHandler
                0x0000000008003c68                I2C1_EV_IRQHandler
                0x0000000008003c68                DMA1_Stream6_IRQHandler
                0x0000000008003c68                DMA1_Stream1_IRQHandler
                0x0000000008003c68                UART4_IRQHandler
                0x0000000008003c68                TIM3_IRQHandler
                0x0000000008003c68                RCC_IRQHandler
                0x0000000008003c68                TIM8_BRK_TIM12_IRQHandler
                0x0000000008003c68                Default_Handler
                0x0000000008003c68                CEC_IRQHandler
                0x0000000008003c68                EXTI15_10_IRQHandler
                0x0000000008003c68                ADC_IRQHandler
                0x0000000008003c68                DMA1_Stream7_IRQHandler
                0x0000000008003c68                TIM7_IRQHandler
                0x0000000008003c68                CAN2_TX_IRQHandler
                0x0000000008003c68                TIM5_IRQHandler
                0x0000000008003c68                DMA2_Stream7_IRQHandler
                0x0000000008003c68                I2C3_EV_IRQHandler
                0x0000000008003c68                EXTI9_5_IRQHandler
                0x0000000008003c68                RTC_WKUP_IRQHandler
                0x0000000008003c68                SPDIF_RX_IRQHandler
                0x0000000008003c68                SPI2_IRQHandler
                0x0000000008003c68                OTG_HS_EP1_IN_IRQHandler
                0x0000000008003c68                DMA1_Stream0_IRQHandler
                0x0000000008003c68                CAN1_TX_IRQHandler
                0x0000000008003c68                FMPI2C1_ER_IRQHandler
                0x0000000008003c68                EXTI4_IRQHandler
                0x0000000008003c68                OTG_HS_EP1_OUT_IRQHandler
                0x0000000008003c68                WWDG_IRQHandler
                0x0000000008003c68                TIM2_IRQHandler
                0x0000000008003c68                OTG_FS_WKUP_IRQHandler
                0x0000000008003c68                TIM1_TRG_COM_TIM11_IRQHandler
                0x0000000008003c68                OTG_HS_IRQHandler
                0x0000000008003c68                EXTI1_IRQHandler
                0x0000000008003c68                USART2_IRQHandler
                0x0000000008003c68                I2C2_ER_IRQHandler
                0x0000000008003c68                DMA2_Stream1_IRQHandler
                0x0000000008003c68                CAN1_SCE_IRQHandler
                0x0000000008003c68                FLASH_IRQHandler
                0x0000000008003c68                DMA2_Stream4_IRQHandler
                0x0000000008003c68                USART1_IRQHandler
                0x0000000008003c68                OTG_FS_IRQHandler
                0x0000000008003c68                SPI3_IRQHandler
                0x0000000008003c68                DMA1_Stream4_IRQHandler
                0x0000000008003c68                I2C1_ER_IRQHandler
                0x0000000008003c68                FMC_IRQHandler
                0x0000000008003c68                DMA2_Stream6_IRQHandler
                0x0000000008003c68                SAI1_IRQHandler
                0x0000000008003c68                DMA1_Stream3_IRQHandler
 *fill*         0x0000000008003c6a        0x2 
 .text.HAL_Init
                0x0000000008003c6c       0x44 ./Drivers/STM32F4xx_HAL_Driver/Src/stm32f4xx_hal.o
                0x0000000008003c6c                HAL_Init
 .text.HAL_InitTick
                0x0000000008003cb0       0x60 ./Drivers/STM32F4xx_HAL_Driver/Src/stm32f4xx_hal.o
                0x0000000008003cb0                HAL_InitTick
 .text.HAL_IncTick
                0x0000000008003d10       0x28 ./Drivers/STM32F4xx_HAL_Driver/Src/stm32f4xx_hal.o
                0x0000000008003d10                HAL_IncTick
 .text.HAL_GetTick
                0x0000000008003d38       0x18 ./Drivers/STM32F4xx_HAL_Driver/Src/stm32f4xx_hal.o
                0x0000000008003d38                HAL_GetTick
 .text.HAL_Delay
                0x0000000008003d50       0x48 ./Drivers/STM32F4xx_HAL_Driver/Src/stm32f4xx_hal.o
                0x0000000008003d50                HAL_Delay
 .text.HAL_ADC_Init
                0x0000000008003d98       0x86 ./Drivers/STM32F4xx_HAL_Driver/Src/stm32f4xx_hal_adc.o
                0x0000000008003d98                HAL_ADC_Init
 *fill*         0x0000000008003e1e        0x2 
 .text.HAL_ADC_Start
                0x0000000008003e20      0x1a4 ./Drivers/STM32F4xx_HAL_Driver/Src/stm32f4xx_hal_adc.o
                0x0000000008003e20                HAL_ADC_Start
 .text.HAL_ADC_Stop
                0x0000000008003fc4       0x66 ./Drivers/STM32F4xx_HAL_Driver/Src/stm32f4xx_hal_adc.o
                0x0000000008003fc4                HAL_ADC_Stop
 .text.HAL_ADC_PollForConversion
                0x000000000800402a      0x116 ./Drivers/STM32F4xx_HAL_Driver/Src/stm32f4xx_hal_adc.o
                0x000000000800402a                HAL_ADC_PollForConversion
 .text.HAL_ADC_GetValue
                0x0000000008004140       0x1a ./Drivers/STM32F4xx_HAL_Driver/Src/stm32f4xx_hal_adc.o
                0x0000000008004140                HAL_ADC_GetValue
 *fill*         0x000000000800415a        0x2 
 .text.HAL_ADC_ConfigChannel
                0x000000000800415c      0x264 ./Drivers/STM32F4xx_HAL_Driver/Src/stm32f4xx_hal_adc.o
                0x000000000800415c                HAL_ADC_ConfigChannel
 .text.ADC_Init
                0x00000000080043c0      0x1f8 ./Drivers/STM32F4xx_HAL_Driver/Src/stm32f4xx_hal_adc.o
 .text.__NVIC_SetPriorityGrouping
                0x00000000080045b8       0x48 ./Drivers/STM32F4xx_HAL_Driver/Src/stm32f4xx_hal_cortex.o
 .text.__NVIC_GetPriorityGrouping
                0x0000000008004600       0x1c ./Drivers/STM32F4xx_HAL_Driver/Src/stm32f4xx_hal_cortex.o
 .text.__NVIC_EnableIRQ
                0x000000000800461c       0x3c ./Drivers/STM32F4xx_HAL_Driver/Src/stm32f4xx_hal_cortex.o
 .text.__NVIC_DisableIRQ
                0x0000000008004658       0x48 ./Drivers/STM32F4xx_HAL_Driver/Src/stm32f4xx_hal_cortex.o
 .text.__NVIC_ClearPendingIRQ
                0x00000000080046a0       0x3c ./Drivers/STM32F4xx_HAL_Driver/Src/stm32f4xx_hal_cortex.o
 .text.__NVIC_SetPriority
                0x00000000080046dc       0x54 ./Drivers/STM32F4xx_HAL_Driver/Src/stm32f4xx_hal_cortex.o
 .text.NVIC_EncodePriority
                0x0000000008004730       0x66 ./Drivers/STM32F4xx_HAL_Driver/Src/stm32f4xx_hal_cortex.o
 *fill*         0x0000000008004796        0x2 
 .text.SysTick_Config
                0x0000000008004798       0x44 ./Drivers/STM32F4xx_HAL_Driver/Src/stm32f4xx_hal_cortex.o
 .text.HAL_NVIC_SetPriorityGrouping
                0x00000000080047dc       0x16 ./Drivers/STM32F4xx_HAL_Driver/Src/stm32f4xx_hal_cortex.o
                0x00000000080047dc                HAL_NVIC_SetPriorityGrouping
 .text.HAL_NVIC_SetPriority
                0x00000000080047f2       0x38 ./Drivers/STM32F4xx_HAL_Driver/Src/stm32f4xx_hal_cortex.o
                0x00000000080047f2                HAL_NVIC_SetPriority
 .text.HAL_NVIC_EnableIRQ
                0x000000000800482a       0x1c ./Drivers/STM32F4xx_HAL_Driver/Src/stm32f4xx_hal_cortex.o
                0x000000000800482a                HAL_NVIC_EnableIRQ
 .text.HAL_NVIC_DisableIRQ
                0x0000000008004846       0x1c ./Drivers/STM32F4xx_HAL_Driver/Src/stm32f4xx_hal_cortex.o
                0x0000000008004846                HAL_NVIC_DisableIRQ
 .text.HAL_SYSTICK_Config
                0x0000000008004862       0x18 ./Drivers/STM32F4xx_HAL_Driver/Src/stm32f4xx_hal_cortex.o
                0x0000000008004862                HAL_SYSTICK_Config
 .text.HAL_NVIC_ClearPendingIRQ
                0x000000000800487a       0x1c ./Drivers/STM32F4xx_HAL_Driver/Src/stm32f4xx_hal_cortex.o
                0x000000000800487a                HAL_NVIC_ClearPendingIRQ
 *fill*         0x0000000008004896        0x2 
 .text.HAL_GPIO_Init
                0x0000000008004898      0x328 ./Drivers/STM32F4xx_HAL_Driver/Src/stm32f4xx_hal_gpio.o
                0x0000000008004898                HAL_GPIO_Init
 .text.HAL_GPIO_WritePin
                0x0000000008004bc0       0x32 ./Drivers/STM32F4xx_HAL_Driver/Src/stm32f4xx_hal_gpio.o
                0x0000000008004bc0                HAL_GPIO_WritePin
 *fill*         0x0000000008004bf2        0x2 
 .text.HAL_RCC_ClockConfig
                0x0000000008004bf4      0x1cc ./Drivers/STM32F4xx_HAL_Driver/Src/stm32f4xx_hal_rcc.o
                0x0000000008004bf4                HAL_RCC_ClockConfig
 .text.HAL_RCC_GetSysClockFreq
                0x0000000008004dc0      0x460 ./Drivers/STM32F4xx_HAL_Driver/Src/stm32f4xx_hal_rcc_ex.o
                0x0000000008004dc0                HAL_RCC_GetSysClockFreq
 .text.HAL_RCC_OscConfig
                0x0000000008005220      0x53c ./Drivers/STM32F4xx_HAL_Driver/Src/stm32f4xx_hal_rcc_ex.o
                0x0000000008005220                HAL_RCC_OscConfig
 .text.__libc_init_array
                0x000000000800575c       0x48 c:/st/stm32cubeide_1.8.0/stm32cubeide/plugins/com.st.stm32cube.ide.mcu.externaltools.gnu-tools-for-stm32.10.3-2021.10.win32_1.0.0.202111181127/tools/bin/../lib/gcc/arm-none-eabi/10.3.1/../../../../arm-none-eabi/lib/thumb/v7e-m+fp/hard\libc_nano.a(lib_a-init.o)
                0x000000000800575c                __libc_init_array
 .text.memset   0x00000000080057a4       0x10 c:/st/stm32cubeide_1.8.0/stm32cubeide/plugins/com.st.stm32cube.ide.mcu.externaltools.gnu-tools-for-stm32.10.3-2021.10.win32_1.0.0.202111181127/tools/bin/../lib/gcc/arm-none-eabi/10.3.1/../../../../arm-none-eabi/lib/thumb/v7e-m+fp/hard\libc_nano.a(lib_a-memset.o)
                0x00000000080057a4                memset
 *(.glue_7)
 .glue_7        0x00000000080057b4        0x0 linker stubs
 *(.glue_7t)
 .glue_7t       0x00000000080057b4        0x0 linker stubs
 *(.eh_frame)
 .eh_frame      0x00000000080057b4        0x0 c:/st/stm32cubeide_1.8.0/stm32cubeide/plugins/com.st.stm32cube.ide.mcu.externaltools.gnu-tools-for-stm32.10.3-2021.10.win32_1.0.0.202111181127/tools/bin/../lib/gcc/arm-none-eabi/10.3.1/thumb/v7e-m+fp/hard/crtbegin.o
 *(.init)
 .init          0x00000000080057b4        0x4 c:/st/stm32cubeide_1.8.0/stm32cubeide/plugins/com.st.stm32cube.ide.mcu.externaltools.gnu-tools-for-stm32.10.3-2021.10.win32_1.0.0.202111181127/tools/bin/../lib/gcc/arm-none-eabi/10.3.1/thumb/v7e-m+fp/hard/crti.o
                0x00000000080057b4                _init
 .init          0x00000000080057b8        0x8 c:/st/stm32cubeide_1.8.0/stm32cubeide/plugins/com.st.stm32cube.ide.mcu.externaltools.gnu-tools-for-stm32.10.3-2021.10.win32_1.0.0.202111181127/tools/bin/../lib/gcc/arm-none-eabi/10.3.1/thumb/v7e-m+fp/hard/crtn.o
 *(.fini)
 .fini          0x00000000080057c0        0x4 c:/st/stm32cubeide_1.8.0/stm32cubeide/plugins/com.st.stm32cube.ide.mcu.externaltools.gnu-tools-for-stm32.10.3-2021.10.win32_1.0.0.202111181127/tools/bin/../lib/gcc/arm-none-eabi/10.3.1/thumb/v7e-m+fp/hard/crti.o
                0x00000000080057c0                _fini
 .fini          0x00000000080057c4        0x8 c:/st/stm32cubeide_1.8.0/stm32cubeide/plugins/com.st.stm32cube.ide.mcu.externaltools.gnu-tools-for-stm32.10.3-2021.10.win32_1.0.0.202111181127/tools/bin/../lib/gcc/arm-none-eabi/10.3.1/thumb/v7e-m+fp/hard/crtn.o
                0x00000000080057cc                . = ALIGN (0x4)
                0x00000000080057cc                _etext = .

.vfp11_veneer   0x00000000080057cc        0x0
 .vfp11_veneer  0x00000000080057cc        0x0 linker stubs

.v4_bx          0x00000000080057cc        0x0
 .v4_bx         0x00000000080057cc        0x0 linker stubs

.iplt           0x00000000080057cc        0x0
 .iplt          0x00000000080057cc        0x0 c:/st/stm32cubeide_1.8.0/stm32cubeide/plugins/com.st.stm32cube.ide.mcu.externaltools.gnu-tools-for-stm32.10.3-2021.10.win32_1.0.0.202111181127/tools/bin/../lib/gcc/arm-none-eabi/10.3.1/thumb/v7e-m+fp/hard/crtbegin.o

.rodata         0x00000000080057d0     0x1c88
                0x00000000080057d0                . = ALIGN (0x4)
 *(.rodata)
 .rodata        0x00000000080057d0        0xf ./Core/Src/main.o
 *fill*         0x00000000080057df        0x1 
 .rodata        0x00000000080057e0       0x18 ./Core/Src/printf.o
 *(.rodata*)
 .rodata.Font16_Table
                0x00000000080057f8     0x1c00 ./Core/Src/lcd_touch.o
                0x00000000080057f8                Font16_Table
 .rodata.pow10.0
                0x00000000080073f8       0x50 ./Core/Src/printf.o
 .rodata.AHBPrescTable
                0x0000000008007448       0x10 ./Core/Src/system_stm32f4xx.o
                0x0000000008007448                AHBPrescTable
                0x0000000008007458                . = ALIGN (0x4)

.ARM.extab      0x0000000008007458        0x0
                0x0000000008007458                . = ALIGN (0x4)
 *(.ARM.extab* .gnu.linkonce.armextab.*)
                0x0000000008007458                . = ALIGN (0x4)

.ARM            0x0000000008007458        0x8
                0x0000000008007458                . = ALIGN (0x4)
                0x0000000008007458                __exidx_start = .
 *(.ARM.exidx*)
 .ARM.exidx     0x0000000008007458        0x8 c:/st/stm32cubeide_1.8.0/stm32cubeide/plugins/com.st.stm32cube.ide.mcu.externaltools.gnu-tools-for-stm32.10.3-2021.10.win32_1.0.0.202111181127/tools/bin/../lib/gcc/arm-none-eabi/10.3.1/thumb/v7e-m+fp/hard\libgcc.a(_udivmoddi4.o)
                0x0000000008007460                __exidx_end = .
                0x0000000008007460                . = ALIGN (0x4)

.rel.dyn        0x0000000008007460        0x0
 .rel.iplt      0x0000000008007460        0x0 c:/st/stm32cubeide_1.8.0/stm32cubeide/plugins/com.st.stm32cube.ide.mcu.externaltools.gnu-tools-for-stm32.10.3-2021.10.win32_1.0.0.202111181127/tools/bin/../lib/gcc/arm-none-eabi/10.3.1/thumb/v7e-m+fp/hard/crtbegin.o

.preinit_array  0x0000000008007460        0x0
                0x0000000008007460                . = ALIGN (0x4)
                0x0000000008007460                PROVIDE (__preinit_array_start = .)
 *(.preinit_array*)
                0x0000000008007460                PROVIDE (__preinit_array_end = .)
                0x0000000008007460                . = ALIGN (0x4)

.init_array     0x0000000008007460        0x4
                0x0000000008007460                . = ALIGN (0x4)
                0x0000000008007460                PROVIDE (__init_array_start = .)
 *(SORT_BY_NAME(.init_array.*))
 *(.init_array*)
 .init_array    0x0000000008007460        0x4 c:/st/stm32cubeide_1.8.0/stm32cubeide/plugins/com.st.stm32cube.ide.mcu.externaltools.gnu-tools-for-stm32.10.3-2021.10.win32_1.0.0.202111181127/tools/bin/../lib/gcc/arm-none-eabi/10.3.1/thumb/v7e-m+fp/hard/crtbegin.o
                0x0000000008007464                PROVIDE (__init_array_end = .)
                0x0000000008007464                . = ALIGN (0x4)

.fini_array     0x0000000008007464        0x4
                0x0000000008007464                . = ALIGN (0x4)
                [!provide]                        PROVIDE (__fini_array_start = .)
 *(SORT_BY_NAME(.fini_array.*))
 *(.fini_array*)
 .fini_array    0x0000000008007464        0x4 c:/st/stm32cubeide_1.8.0/stm32cubeide/plugins/com.st.stm32cube.ide.mcu.externaltools.gnu-tools-for-stm32.10.3-2021.10.win32_1.0.0.202111181127/tools/bin/../lib/gcc/arm-none-eabi/10.3.1/thumb/v7e-m+fp/hard/crtbegin.o
                [!provide]                        PROVIDE (__fini_array_end = .)
                0x0000000008007468                . = ALIGN (0x4)
                0x0000000008007468                _sidata = LOADADDR (.data)

.data           0x0000000020000000       0x18 load address 0x0000000008007468
                0x0000000020000000                . = ALIGN (0x4)
                0x0000000020000000                _sdata = .
 *(.data)
 *(.data*)
 .data.Font16   0x0000000020000000        0x8 ./Core/Src/lcd_touch.o
                0x0000000020000000                Font16
 .data.fonts    0x0000000020000008        0x4 ./Core/Src/lcd_touch.o
 .data.SystemCoreClock
                0x000000002000000c        0x4 ./Core/Src/system_stm32f4xx.o
                0x000000002000000c                SystemCoreClock
 .data.uwTickPrio
                0x0000000020000010        0x4 ./Drivers/STM32F4xx_HAL_Driver/Src/stm32f4xx_hal.o
                0x0000000020000010                uwTickPrio
 .data.uwTickFreq
                0x0000000020000014        0x1 ./Drivers/STM32F4xx_HAL_Driver/Src/stm32f4xx_hal.o
                0x0000000020000014                uwTickFreq
 *(.RamFunc)
 *(.RamFunc*)
                0x0000000020000018                . = ALIGN (0x4)
 *fill*         0x0000000020000015        0x3 
                0x0000000020000018                _edata = .

.igot.plt       0x0000000020000018        0x0 load address 0x0000000008007480
 .igot.plt      0x0000000020000018        0x0 c:/st/stm32cubeide_1.8.0/stm32cubeide/plugins/com.st.stm32cube.ide.mcu.externaltools.gnu-tools-for-stm32.10.3-2021.10.win32_1.0.0.202111181127/tools/bin/../lib/gcc/arm-none-eabi/10.3.1/thumb/v7e-m+fp/hard/crtbegin.o
                0x0000000020000018                . = ALIGN (0x4)

.bss            0x0000000020000018      0x1c8 load address 0x0000000008007480
                0x0000000020000018                _sbss = .
                0x0000000020000018                __bss_start__ = _sbss
 *(.bss)
 .bss           0x0000000020000018       0x1c c:/st/stm32cubeide_1.8.0/stm32cubeide/plugins/com.st.stm32cube.ide.mcu.externaltools.gnu-tools-for-stm32.10.3-2021.10.win32_1.0.0.202111181127/tools/bin/../lib/gcc/arm-none-eabi/10.3.1/thumb/v7e-m+fp/hard/crtbegin.o
 *(.bss*)
 .bss.m_width   0x0000000020000034        0x2 ./Core/Src/lcd_touch.o
 .bss.m_height  0x0000000020000036        0x2 ./Core/Src/lcd_touch.o
 .bss.m_cursor_x
                0x0000000020000038        0x2 ./Core/Src/lcd_touch.o
 .bss.m_cursor_y
                0x000000002000003a        0x2 ./Core/Src/lcd_touch.o
 .bss.m_textcolor
                0x000000002000003c        0x2 ./Core/Src/lcd_touch.o
 .bss.m_textbgcolor
                0x000000002000003e        0x2 ./Core/Src/lcd_touch.o
 .bss.m_font    0x0000000020000040        0x1 ./Core/Src/lcd_touch.o
 *fill*         0x0000000020000041        0x1 
 .bss.m_rotation
                0x0000000020000042        0x2 ./Core/Src/lcd_touch.o
 .bss.m_scale   0x0000000020000044        0x1 ./Core/Src/lcd_touch.o
 .bss.m_wrap    0x0000000020000045        0x1 ./Core/Src/lcd_touch.o
 *fill*         0x0000000020000046        0x2 
 .bss.buf.0     0x0000000020000048      0x100 ./Core/Src/lcd_touch.o
 .bss.x         0x0000000020000148        0x2 ./Core/Src/main.o
                0x0000000020000148                x
 .bss.y         0x000000002000014a        0x2 ./Core/Src/main.o
                0x000000002000014a                y
 .bss.hadc1     0x000000002000014c       0x48 ./Core/Src/main.o
                0x000000002000014c                hadc1
 .bss.hadc2     0x0000000020000194       0x48 ./Core/Src/main.o
                0x0000000020000194                hadc2
 .bss.uwTick    0x00000000200001dc        0x4 ./Drivers/STM32F4xx_HAL_Driver/Src/stm32f4xx_hal.o
                0x00000000200001dc                uwTick
 *(COMMON)
                0x00000000200001e0                . = ALIGN (0x4)
                0x00000000200001e0                _ebss = .
                0x00000000200001e0                __bss_end__ = _ebss

._user_heap_stack
                0x00000000200001e0      0x600 load address 0x0000000008007480
                0x00000000200001e0                . = ALIGN (0x8)
                [!provide]                        PROVIDE (end = .)
                0x00000000200001e0                PROVIDE (_end = .)
                0x00000000200003e0                . = (. + _Min_Heap_Size)
 *fill*         0x00000000200001e0      0x200 
                0x00000000200007e0                . = (. + _Min_Stack_Size)
 *fill*         0x00000000200003e0      0x400 
                0x00000000200007e0                . = ALIGN (0x8)

/DISCARD/
 libc.a(*)
 libm.a(*)
 libgcc.a(*)

.ARM.attributes
                0x0000000000000000       0x30
 *(.ARM.attributes)
 .ARM.attributes
                0x0000000000000000       0x1e c:/st/stm32cubeide_1.8.0/stm32cubeide/plugins/com.st.stm32cube.ide.mcu.externaltools.gnu-tools-for-stm32.10.3-2021.10.win32_1.0.0.202111181127/tools/bin/../lib/gcc/arm-none-eabi/10.3.1/thumb/v7e-m+fp/hard/crti.o
 .ARM.attributes
                0x000000000000001e       0x34 c:/st/stm32cubeide_1.8.0/stm32cubeide/plugins/com.st.stm32cube.ide.mcu.externaltools.gnu-tools-for-stm32.10.3-2021.10.win32_1.0.0.202111181127/tools/bin/../lib/gcc/arm-none-eabi/10.3.1/thumb/v7e-m+fp/hard/crtbegin.o
 .ARM.attributes
                0x0000000000000052       0x34 ./Core/Src/lcd_touch.o
 .ARM.attributes
                0x0000000000000086       0x34 ./Core/Src/main.o
 .ARM.attributes
                0x00000000000000ba       0x34 ./Core/Src/printf.o
 .ARM.attributes
                0x00000000000000ee       0x34 ./Core/Src/stm32f4xx_hal_msp.o
 .ARM.attributes
                0x0000000000000122       0x34 ./Core/Src/stm32f4xx_it.o
 .ARM.attributes
                0x0000000000000156       0x34 ./Core/Src/system_stm32f4xx.o
 .ARM.attributes
                0x000000000000018a       0x21 ./Core/Startup/startup_stm32f446retx.o
 .ARM.attributes
                0x00000000000001ab       0x34 ./Drivers/STM32F4xx_HAL_Driver/Src/stm32f4xx_hal.o
 .ARM.attributes
                0x00000000000001df       0x34 ./Drivers/STM32F4xx_HAL_Driver/Src/stm32f4xx_hal_adc.o
 .ARM.attributes
                0x0000000000000213       0x34 ./Drivers/STM32F4xx_HAL_Driver/Src/stm32f4xx_hal_cortex.o
 .ARM.attributes
                0x0000000000000247       0x34 ./Drivers/STM32F4xx_HAL_Driver/Src/stm32f4xx_hal_gpio.o
 .ARM.attributes
                0x000000000000027b       0x34 ./Drivers/STM32F4xx_HAL_Driver/Src/stm32f4xx_hal_rcc.o
 .ARM.attributes
                0x00000000000002af       0x34 ./Drivers/STM32F4xx_HAL_Driver/Src/stm32f4xx_hal_rcc_ex.o
 .ARM.attributes
                0x00000000000002e3       0x34 c:/st/stm32cubeide_1.8.0/stm32cubeide/plugins/com.st.stm32cube.ide.mcu.externaltools.gnu-tools-for-stm32.10.3-2021.10.win32_1.0.0.202111181127/tools/bin/../lib/gcc/arm-none-eabi/10.3.1/../../../../arm-none-eabi/lib/thumb/v7e-m+fp/hard\libc_nano.a(lib_a-init.o)
 .ARM.attributes
                0x0000000000000317       0x34 c:/st/stm32cubeide_1.8.0/stm32cubeide/plugins/com.st.stm32cube.ide.mcu.externaltools.gnu-tools-for-stm32.10.3-2021.10.win32_1.0.0.202111181127/tools/bin/../lib/gcc/arm-none-eabi/10.3.1/../../../../arm-none-eabi/lib/thumb/v7e-m+fp/hard\libc_nano.a(lib_a-memset.o)
 .ARM.attributes
                0x000000000000034b       0x1e c:/st/stm32cubeide_1.8.0/stm32cubeide/plugins/com.st.stm32cube.ide.mcu.externaltools.gnu-tools-for-stm32.10.3-2021.10.win32_1.0.0.202111181127/tools/bin/../lib/gcc/arm-none-eabi/10.3.1/thumb/v7e-m+fp/hard\libgcc.a(_arm_addsubdf3.o)
 .ARM.attributes
                0x0000000000000369       0x1e c:/st/stm32cubeide_1.8.0/stm32cubeide/plugins/com.st.stm32cube.ide.mcu.externaltools.gnu-tools-for-stm32.10.3-2021.10.win32_1.0.0.202111181127/tools/bin/../lib/gcc/arm-none-eabi/10.3.1/thumb/v7e-m+fp/hard\libgcc.a(_arm_muldivdf3.o)
 .ARM.attributes
                0x0000000000000387       0x1e c:/st/stm32cubeide_1.8.0/stm32cubeide/plugins/com.st.stm32cube.ide.mcu.externaltools.gnu-tools-for-stm32.10.3-2021.10.win32_1.0.0.202111181127/tools/bin/../lib/gcc/arm-none-eabi/10.3.1/thumb/v7e-m+fp/hard\libgcc.a(_arm_cmpdf2.o)
 .ARM.attributes
                0x00000000000003a5       0x1e c:/st/stm32cubeide_1.8.0/stm32cubeide/plugins/com.st.stm32cube.ide.mcu.externaltools.gnu-tools-for-stm32.10.3-2021.10.win32_1.0.0.202111181127/tools/bin/../lib/gcc/arm-none-eabi/10.3.1/thumb/v7e-m+fp/hard\libgcc.a(_arm_fixdfsi.o)
 .ARM.attributes
                0x00000000000003c3       0x1e c:/st/stm32cubeide_1.8.0/stm32cubeide/plugins/com.st.stm32cube.ide.mcu.externaltools.gnu-tools-for-stm32.10.3-2021.10.win32_1.0.0.202111181127/tools/bin/../lib/gcc/arm-none-eabi/10.3.1/thumb/v7e-m+fp/hard\libgcc.a(_arm_fixunsdfsi.o)
 .ARM.attributes
                0x00000000000003e1       0x1e c:/st/stm32cubeide_1.8.0/stm32cubeide/plugins/com.st.stm32cube.ide.mcu.externaltools.gnu-tools-for-stm32.10.3-2021.10.win32_1.0.0.202111181127/tools/bin/../lib/gcc/arm-none-eabi/10.3.1/thumb/v7e-m+fp/hard\libgcc.a(_aeabi_uldivmod.o)
 .ARM.attributes
                0x00000000000003ff       0x34 c:/st/stm32cubeide_1.8.0/stm32cubeide/plugins/com.st.stm32cube.ide.mcu.externaltools.gnu-tools-for-stm32.10.3-2021.10.win32_1.0.0.202111181127/tools/bin/../lib/gcc/arm-none-eabi/10.3.1/thumb/v7e-m+fp/hard\libgcc.a(_udivmoddi4.o)
 .ARM.attributes
                0x0000000000000433       0x1e c:/st/stm32cubeide_1.8.0/stm32cubeide/plugins/com.st.stm32cube.ide.mcu.externaltools.gnu-tools-for-stm32.10.3-2021.10.win32_1.0.0.202111181127/tools/bin/../lib/gcc/arm-none-eabi/10.3.1/thumb/v7e-m+fp/hard\libgcc.a(_dvmd_tls.o)
 .ARM.attributes
                0x0000000000000451       0x1e c:/st/stm32cubeide_1.8.0/stm32cubeide/plugins/com.st.stm32cube.ide.mcu.externaltools.gnu-tools-for-stm32.10.3-2021.10.win32_1.0.0.202111181127/tools/bin/../lib/gcc/arm-none-eabi/10.3.1/thumb/v7e-m+fp/hard/crtn.o
OUTPUT(ili9341 8bit.elf elf32-littlearm)
LOAD linker stubs
LOAD c:/st/stm32cubeide_1.8.0/stm32cubeide/plugins/com.st.stm32cube.ide.mcu.externaltools.gnu-tools-for-stm32.10.3-2021.10.win32_1.0.0.202111181127/tools/bin/../lib/gcc/arm-none-eabi/10.3.1/../../../../arm-none-eabi/lib/thumb/v7e-m+fp/hard\libc.a
LOAD c:/st/stm32cubeide_1.8.0/stm32cubeide/plugins/com.st.stm32cube.ide.mcu.externaltools.gnu-tools-for-stm32.10.3-2021.10.win32_1.0.0.202111181127/tools/bin/../lib/gcc/arm-none-eabi/10.3.1/../../../../arm-none-eabi/lib/thumb/v7e-m+fp/hard\libm.a
LOAD c:/st/stm32cubeide_1.8.0/stm32cubeide/plugins/com.st.stm32cube.ide.mcu.externaltools.gnu-tools-for-stm32.10.3-2021.10.win32_1.0.0.202111181127/tools/bin/../lib/gcc/arm-none-eabi/10.3.1/thumb/v7e-m+fp/hard\libgcc.a

.debug_info     0x0000000000000000     0x8e08
 .debug_info    0x0000000000000000     0x21d2 ./Core/Src/lcd_touch.o
 .debug_info    0x00000000000021d2      0xc71 ./Core/Src/main.o
 .debug_info    0x0000000000002e43      0xe5a ./Core/Src/printf.o
 .debug_info    0x0000000000003c9d      0x9fd ./Core/Src/stm32f4xx_hal_msp.o
 .debug_info    0x000000000000469a      0x121 ./Core/Src/stm32f4xx_it.o
 .debug_info    0x00000000000047bb      0x55b ./Core/Src/system_stm32f4xx.o
 .debug_info    0x0000000000004d16       0x22 ./Core/Startup/startup_stm32f446retx.o
 .debug_info    0x0000000000004d38      0x9d2 ./Drivers/STM32F4xx_HAL_Driver/Src/stm32f4xx_hal.o
 .debug_info    0x000000000000570a      0xd70 ./Drivers/STM32F4xx_HAL_Driver/Src/stm32f4xx_hal_adc.o
 .debug_info    0x000000000000647a      0xe39 ./Drivers/STM32F4xx_HAL_Driver/Src/stm32f4xx_hal_cortex.o
 .debug_info    0x00000000000072b3      0x7be ./Drivers/STM32F4xx_HAL_Driver/Src/stm32f4xx_hal_gpio.o
 .debug_info    0x0000000000007a71      0x9ab ./Drivers/STM32F4xx_HAL_Driver/Src/stm32f4xx_hal_rcc.o
 .debug_info    0x000000000000841c      0x9ec ./Drivers/STM32F4xx_HAL_Driver/Src/stm32f4xx_hal_rcc_ex.o

.debug_abbrev   0x0000000000000000     0x19bb
 .debug_abbrev  0x0000000000000000      0x3d5 ./Core/Src/lcd_touch.o
 .debug_abbrev  0x00000000000003d5      0x28e ./Core/Src/main.o
 .debug_abbrev  0x0000000000000663      0x243 ./Core/Src/printf.o
 .debug_abbrev  0x00000000000008a6      0x1a9 ./Core/Src/stm32f4xx_hal_msp.o
 .debug_abbrev  0x0000000000000a4f       0x74 ./Core/Src/stm32f4xx_it.o
 .debug_abbrev  0x0000000000000ac3      0x116 ./Core/Src/system_stm32f4xx.o
 .debug_abbrev  0x0000000000000bd9       0x12 ./Core/Startup/startup_stm32f446retx.o
 .debug_abbrev  0x0000000000000beb      0x20d ./Drivers/STM32F4xx_HAL_Driver/Src/stm32f4xx_hal.o
 .debug_abbrev  0x0000000000000df8      0x244 ./Drivers/STM32F4xx_HAL_Driver/Src/stm32f4xx_hal_adc.o
 .debug_abbrev  0x000000000000103c      0x316 ./Drivers/STM32F4xx_HAL_Driver/Src/stm32f4xx_hal_cortex.o
 .debug_abbrev  0x0000000000001352      0x1c4 ./Drivers/STM32F4xx_HAL_Driver/Src/stm32f4xx_hal_gpio.o
 .debug_abbrev  0x0000000000001516      0x2aa ./Drivers/STM32F4xx_HAL_Driver/Src/stm32f4xx_hal_rcc.o
 .debug_abbrev  0x00000000000017c0      0x1fb ./Drivers/STM32F4xx_HAL_Driver/Src/stm32f4xx_hal_rcc_ex.o

.debug_aranges  0x0000000000000000      0x790
 .debug_aranges
                0x0000000000000000      0x160 ./Core/Src/lcd_touch.o
 .debug_aranges
                0x0000000000000160       0x48 ./Core/Src/main.o
 .debug_aranges
                0x00000000000001a8       0xc0 ./Core/Src/printf.o
 .debug_aranges
                0x0000000000000268       0x30 ./Core/Src/stm32f4xx_hal_msp.o
 .debug_aranges
                0x0000000000000298       0x60 ./Core/Src/stm32f4xx_it.o
 .debug_aranges
                0x00000000000002f8       0x28 ./Core/Src/system_stm32f4xx.o
 .debug_aranges
                0x0000000000000320       0x28 ./Core/Startup/startup_stm32f446retx.o
 .debug_aranges
                0x0000000000000348       0xf0 ./Drivers/STM32F4xx_HAL_Driver/Src/stm32f4xx_hal.o
 .debug_aranges
                0x0000000000000438       0xe8 ./Drivers/STM32F4xx_HAL_Driver/Src/stm32f4xx_hal_adc.o
 .debug_aranges
                0x0000000000000520      0x118 ./Drivers/STM32F4xx_HAL_Driver/Src/stm32f4xx_hal_cortex.o
 .debug_aranges
                0x0000000000000638       0x58 ./Drivers/STM32F4xx_HAL_Driver/Src/stm32f4xx_hal_gpio.o
 .debug_aranges
                0x0000000000000690       0x88 ./Drivers/STM32F4xx_HAL_Driver/Src/stm32f4xx_hal_rcc.o
 .debug_aranges
                0x0000000000000718       0x78 ./Drivers/STM32F4xx_HAL_Driver/Src/stm32f4xx_hal_rcc_ex.o

.debug_ranges   0x0000000000000000      0x6c8
 .debug_ranges  0x0000000000000000      0x150 ./Core/Src/lcd_touch.o
 .debug_ranges  0x0000000000000150       0x38 ./Core/Src/main.o
 .debug_ranges  0x0000000000000188       0xb0 ./Core/Src/printf.o
 .debug_ranges  0x0000000000000238       0x20 ./Core/Src/stm32f4xx_hal_msp.o
 .debug_ranges  0x0000000000000258       0x50 ./Core/Src/stm32f4xx_it.o
 .debug_ranges  0x00000000000002a8       0x18 ./Core/Src/system_stm32f4xx.o
 .debug_ranges  0x00000000000002c0       0x20 ./Core/Startup/startup_stm32f446retx.o
 .debug_ranges  0x00000000000002e0       0xe0 ./Drivers/STM32F4xx_HAL_Driver/Src/stm32f4xx_hal.o
 .debug_ranges  0x00000000000003c0       0xd8 ./Drivers/STM32F4xx_HAL_Driver/Src/stm32f4xx_hal_adc.o
 .debug_ranges  0x0000000000000498      0x108 ./Drivers/STM32F4xx_HAL_Driver/Src/stm32f4xx_hal_cortex.o
 .debug_ranges  0x00000000000005a0       0x48 ./Drivers/STM32F4xx_HAL_Driver/Src/stm32f4xx_hal_gpio.o
 .debug_ranges  0x00000000000005e8       0x78 ./Drivers/STM32F4xx_HAL_Driver/Src/stm32f4xx_hal_rcc.o
 .debug_ranges  0x0000000000000660       0x68 ./Drivers/STM32F4xx_HAL_Driver/Src/stm32f4xx_hal_rcc_ex.o

.debug_macro    0x0000000000000000    0x225f4
 .debug_macro   0x0000000000000000      0x3a7 ./Core/Src/lcd_touch.o
 .debug_macro   0x00000000000003a7      0xa78 ./Core/Src/lcd_touch.o
 .debug_macro   0x0000000000000e1f      0x295 ./Core/Src/lcd_touch.o
 .debug_macro   0x00000000000010b4       0x2e ./Core/Src/lcd_touch.o
 .debug_macro   0x00000000000010e2       0x28 ./Core/Src/lcd_touch.o
 .debug_macro   0x000000000000110a       0x22 ./Core/Src/lcd_touch.o
 .debug_macro   0x000000000000112c       0x8e ./Core/Src/lcd_touch.o
 .debug_macro   0x00000000000011ba       0x51 ./Core/Src/lcd_touch.o
 .debug_macro   0x000000000000120b      0x103 ./Core/Src/lcd_touch.o
 .debug_macro   0x000000000000130e       0x6a ./Core/Src/lcd_touch.o
 .debug_macro   0x0000000000001378      0x1df ./Core/Src/lcd_touch.o
 .debug_macro   0x0000000000001557       0x1c ./Core/Src/lcd_touch.o
 .debug_macro   0x0000000000001573       0x22 ./Core/Src/lcd_touch.o
 .debug_macro   0x0000000000001595       0xd9 ./Core/Src/lcd_touch.o
 .debug_macro   0x000000000000166e     0x102d ./Core/Src/lcd_touch.o
 .debug_macro   0x000000000000269b      0x11f ./Core/Src/lcd_touch.o
 .debug_macro   0x00000000000027ba    0x16749 ./Core/Src/lcd_touch.o
 .debug_macro   0x0000000000018f03       0x6d ./Core/Src/lcd_touch.o
 .debug_macro   0x0000000000018f70     0x367e ./Core/Src/lcd_touch.o
 .debug_macro   0x000000000001c5ee      0x174 ./Core/Src/lcd_touch.o
 .debug_macro   0x000000000001c762       0x5c ./Core/Src/lcd_touch.o
 .debug_macro   0x000000000001c7be      0xc90 ./Core/Src/lcd_touch.o
 .debug_macro   0x000000000001d44e      0x9fe ./Core/Src/lcd_touch.o
 .debug_macro   0x000000000001de4c      0x115 ./Core/Src/lcd_touch.o
 .debug_macro   0x000000000001df61      0x1a0 ./Core/Src/lcd_touch.o
 .debug_macro   0x000000000001e101       0xa5 ./Core/Src/lcd_touch.o
 .debug_macro   0x000000000001e1a6      0x16d ./Core/Src/lcd_touch.o
 .debug_macro   0x000000000001e313      0x287 ./Core/Src/lcd_touch.o
 .debug_macro   0x000000000001e59a       0x5f ./Core/Src/lcd_touch.o
 .debug_macro   0x000000000001e5f9      0x236 ./Core/Src/lcd_touch.o
 .debug_macro   0x000000000001e82f      0xb5b ./Core/Src/lcd_touch.o
 .debug_macro   0x000000000001f38a      0x38b ./Core/Src/lcd_touch.o
 .debug_macro   0x000000000001f715      0x17d ./Core/Src/lcd_touch.o
 .debug_macro   0x000000000001f892       0xf9 ./Core/Src/lcd_touch.o
 .debug_macro   0x000000000001f98b      0x132 ./Core/Src/lcd_touch.o
 .debug_macro   0x000000000001fabd      0x29c ./Core/Src/lcd_touch.o
 .debug_macro   0x000000000001fd59       0x2e ./Core/Src/lcd_touch.o
 .debug_macro   0x000000000001fd87      0x11a ./Core/Src/lcd_touch.o
 .debug_macro   0x000000000001fea1       0xe8 ./Core/Src/lcd_touch.o
 .debug_macro   0x000000000001ff89       0x89 ./Core/Src/lcd_touch.o
 .debug_macro   0x0000000000020012      0x126 ./Core/Src/lcd_touch.o
 .debug_macro   0x0000000000020138      0x652 ./Core/Src/lcd_touch.o
 .debug_macro   0x000000000002078a       0x1e ./Core/Src/lcd_touch.o
 .debug_macro   0x00000000000207a8       0x52 ./Core/Src/lcd_touch.o
 .debug_macro   0x00000000000207fa       0x3c ./Core/Src/lcd_touch.o
 .debug_macro   0x0000000000020836       0x34 ./Core/Src/lcd_touch.o
 .debug_macro   0x000000000002086a       0x16 ./Core/Src/lcd_touch.o
 .debug_macro   0x0000000000020880       0x35 ./Core/Src/lcd_touch.o
 .debug_macro   0x00000000000208b5       0x16 ./Core/Src/lcd_touch.o
 .debug_macro   0x00000000000208cb       0x43 ./Core/Src/lcd_touch.o
 .debug_macro   0x000000000002090e       0x34 ./Core/Src/lcd_touch.o
 .debug_macro   0x0000000000020942       0x10 ./Core/Src/lcd_touch.o
 .debug_macro   0x0000000000020952       0x58 ./Core/Src/lcd_touch.o
 .debug_macro   0x00000000000209aa       0x71 ./Core/Src/lcd_touch.o
 .debug_macro   0x0000000000020a1b       0x1c ./Core/Src/lcd_touch.o
 .debug_macro   0x0000000000020a37      0x12a ./Core/Src/lcd_touch.o
 .debug_macro   0x0000000000020b61      0x341 ./Core/Src/lcd_touch.o
 .debug_macro   0x0000000000020ea2       0x16 ./Core/Src/lcd_touch.o
 .debug_macro   0x0000000000020eb8       0x29 ./Core/Src/lcd_touch.o
 .debug_macro   0x0000000000020ee1       0x58 ./Core/Src/lcd_touch.o
 .debug_macro   0x0000000000020f39       0x28 ./Core/Src/lcd_touch.o
 .debug_macro   0x0000000000020f61       0x16 ./Core/Src/lcd_touch.o
 .debug_macro   0x0000000000020f77       0x20 ./Core/Src/lcd_touch.o
 .debug_macro   0x0000000000020f97      0x1eb ./Core/Src/main.o
 .debug_macro   0x0000000000021182      0x10e ./Core/Src/printf.o
 .debug_macro   0x0000000000021290       0x22 ./Core/Src/printf.o
 .debug_macro   0x00000000000212b2      0x201 ./Core/Src/printf.o
 .debug_macro   0x00000000000214b3      0x1e2 ./Core/Src/stm32f4xx_hal_msp.o
 .debug_macro   0x0000000000021695      0x1ec ./Core/Src/stm32f4xx_it.o
 .debug_macro   0x0000000000021881      0x1d8 ./Core/Src/system_stm32f4xx.o
 .debug_macro   0x0000000000021a59      0x238 ./Drivers/STM32F4xx_HAL_Driver/Src/stm32f4xx_hal.o
 .debug_macro   0x0000000000021c91      0x1d9 ./Drivers/STM32F4xx_HAL_Driver/Src/stm32f4xx_hal_adc.o
 .debug_macro   0x0000000000021e6a      0x1d8 ./Drivers/STM32F4xx_HAL_Driver/Src/stm32f4xx_hal_cortex.o
 .debug_macro   0x0000000000022042      0x1de ./Drivers/STM32F4xx_HAL_Driver/Src/stm32f4xx_hal_gpio.o
 .debug_macro   0x0000000000022220      0x1fc ./Drivers/STM32F4xx_HAL_Driver/Src/stm32f4xx_hal_rcc.o
 .debug_macro   0x000000000002241c      0x1d8 ./Drivers/STM32F4xx_HAL_Driver/Src/stm32f4xx_hal_rcc_ex.o

.debug_line     0x0000000000000000     0x9a35
 .debug_line    0x0000000000000000     0x1814 ./Core/Src/lcd_touch.o
 .debug_line    0x0000000000001814      0x87f ./Core/Src/main.o
 .debug_line    0x0000000000002093      0xf6e ./Core/Src/printf.o
 .debug_line    0x0000000000003001      0x729 ./Core/Src/stm32f4xx_hal_msp.o
 .debug_line    0x000000000000372a      0x778 ./Core/Src/stm32f4xx_it.o
 .debug_line    0x0000000000003ea2      0x737 ./Core/Src/system_stm32f4xx.o
 .debug_line    0x00000000000045d9       0x88 ./Core/Startup/startup_stm32f446retx.o
 .debug_line    0x0000000000004661      0x99d ./Drivers/STM32F4xx_HAL_Driver/Src/stm32f4xx_hal.o
 .debug_line    0x0000000000004ffe     0x1219 ./Drivers/STM32F4xx_HAL_Driver/Src/stm32f4xx_hal_adc.o
 .debug_line    0x0000000000006217      0xc4c ./Drivers/STM32F4xx_HAL_Driver/Src/stm32f4xx_hal_cortex.o
 .debug_line    0x0000000000006e63      0xafd ./Drivers/STM32F4xx_HAL_Driver/Src/stm32f4xx_hal_gpio.o
 .debug_line    0x0000000000007960      0xd25 ./Drivers/STM32F4xx_HAL_Driver/Src/stm32f4xx_hal_rcc.o
 .debug_line    0x0000000000008685     0x13b0 ./Drivers/STM32F4xx_HAL_Driver/Src/stm32f4xx_hal_rcc_ex.o

.debug_str      0x0000000000000000    0xd3e70
 .debug_str     0x0000000000000000    0xd1ec4 ./Core/Src/lcd_touch.o
                                      0xd22a5 (size before relaxing)
 .debug_str     0x00000000000d1ec4      0x1c4 ./Core/Src/main.o
                                      0xce412 (size before relaxing)
 .debug_str     0x00000000000d2088      0x9ac ./Core/Src/printf.o
                                       0x4b8d (size before relaxing)
 .debug_str     0x00000000000d2a34       0x7b ./Core/Src/stm32f4xx_hal_msp.o
                                      0xccc9e (size before relaxing)
 .debug_str     0x00000000000d2aaf       0xc9 ./Core/Src/stm32f4xx_it.o
                                      0xcc74f (size before relaxing)
 .debug_str     0x00000000000d2b78       0xdb ./Core/Src/system_stm32f4xx.o
                                      0xcc89e (size before relaxing)
 .debug_str     0x00000000000d2c53       0x36 ./Core/Startup/startup_stm32f446retx.o
                                         0x72 (size before relaxing)
 .debug_str     0x00000000000d2c89      0x605 ./Drivers/STM32F4xx_HAL_Driver/Src/stm32f4xx_hal.o
                                      0xcd463 (size before relaxing)
 .debug_str     0x00000000000d328e      0x299 ./Drivers/STM32F4xx_HAL_Driver/Src/stm32f4xx_hal_adc.o
                                      0xcce66 (size before relaxing)
 .debug_str     0x00000000000d3527      0x308 ./Drivers/STM32F4xx_HAL_Driver/Src/stm32f4xx_hal_cortex.o
                                      0xcd171 (size before relaxing)
 .debug_str     0x00000000000d382f       0xf5 ./Drivers/STM32F4xx_HAL_Driver/Src/stm32f4xx_hal_gpio.o
                                      0xcca19 (size before relaxing)
 .debug_str     0x00000000000d3924      0x228 ./Drivers/STM32F4xx_HAL_Driver/Src/stm32f4xx_hal_rcc.o
                                      0xcccd7 (size before relaxing)
 .debug_str     0x00000000000d3b4c      0x324 ./Drivers/STM32F4xx_HAL_Driver/Src/stm32f4xx_hal_rcc_ex.o
                                      0xccd0a (size before relaxing)

.comment        0x0000000000000000       0x50
 .comment       0x0000000000000000       0x50 ./Core/Src/lcd_touch.o
                                         0x51 (size before relaxing)
 .comment       0x0000000000000050       0x51 ./Core/Src/main.o
 .comment       0x0000000000000050       0x51 ./Core/Src/printf.o
 .comment       0x0000000000000050       0x51 ./Core/Src/stm32f4xx_hal_msp.o
 .comment       0x0000000000000050       0x51 ./Core/Src/stm32f4xx_it.o
 .comment       0x0000000000000050       0x51 ./Core/Src/system_stm32f4xx.o
 .comment       0x0000000000000050       0x51 ./Drivers/STM32F4xx_HAL_Driver/Src/stm32f4xx_hal.o
 .comment       0x0000000000000050       0x51 ./Drivers/STM32F4xx_HAL_Driver/Src/stm32f4xx_hal_adc.o
 .comment       0x0000000000000050       0x51 ./Drivers/STM32F4xx_HAL_Driver/Src/stm32f4xx_hal_cortex.o
 .comment       0x0000000000000050       0x51 ./Drivers/STM32F4xx_HAL_Driver/Src/stm32f4xx_hal_gpio.o
 .comment       0x0000000000000050       0x51 ./Drivers/STM32F4xx_HAL_Driver/Src/stm32f4xx_hal_rcc.o
 .comment       0x0000000000000050       0x51 ./Drivers/STM32F4xx_HAL_Driver/Src/stm32f4xx_hal_rcc_ex.o

.debug_frame    0x0000000000000000     0x2078
 .debug_frame   0x0000000000000000      0x638 ./Core/Src/lcd_touch.o
 .debug_frame   0x0000000000000638       0xdc ./Core/Src/main.o
 .debug_frame   0x0000000000000714      0x3a8 ./Core/Src/printf.o
 .debug_frame   0x0000000000000abc       0x7c ./Core/Src/stm32f4xx_hal_msp.o
 .debug_frame   0x0000000000000b38      0x104 ./Core/Src/stm32f4xx_it.o
 .debug_frame   0x0000000000000c3c       0x58 ./Core/Src/system_stm32f4xx.o
 .debug_frame   0x0000000000000c94      0x374 ./Drivers/STM32F4xx_HAL_Driver/Src/stm32f4xx_hal.o
 .debug_frame   0x0000000000001008      0x3fc ./Drivers/STM32F4xx_HAL_Driver/Src/stm32f4xx_hal_adc.o
 .debug_frame   0x0000000000001404      0x498 ./Drivers/STM32F4xx_HAL_Driver/Src/stm32f4xx_hal_cortex.o
 .debug_frame   0x000000000000189c      0x14c ./Drivers/STM32F4xx_HAL_Driver/Src/stm32f4xx_hal_gpio.o
 .debug_frame   0x00000000000019e8      0x1f4 ./Drivers/STM32F4xx_HAL_Driver/Src/stm32f4xx_hal_rcc.o
 .debug_frame   0x0000000000001bdc      0x1e8 ./Drivers/STM32F4xx_HAL_Driver/Src/stm32f4xx_hal_rcc_ex.o
 .debug_frame   0x0000000000001dc4       0x2c c:/st/stm32cubeide_1.8.0/stm32cubeide/plugins/com.st.stm32cube.ide.mcu.externaltools.gnu-tools-for-stm32.10.3-2021.10.win32_1.0.0.202111181127/tools/bin/../lib/gcc/arm-none-eabi/10.3.1/../../../../arm-none-eabi/lib/thumb/v7e-m+fp/hard\libc_nano.a(lib_a-init.o)
 .debug_frame   0x0000000000001df0       0x20 c:/st/stm32cubeide_1.8.0/stm32cubeide/plugins/com.st.stm32cube.ide.mcu.externaltools.gnu-tools-for-stm32.10.3-2021.10.win32_1.0.0.202111181127/tools/bin/../lib/gcc/arm-none-eabi/10.3.1/../../../../arm-none-eabi/lib/thumb/v7e-m+fp/hard\libc_nano.a(lib_a-memset.o)
 .debug_frame   0x0000000000001e10       0xac c:/st/stm32cubeide_1.8.0/stm32cubeide/plugins/com.st.stm32cube.ide.mcu.externaltools.gnu-tools-for-stm32.10.3-2021.10.win32_1.0.0.202111181127/tools/bin/../lib/gcc/arm-none-eabi/10.3.1/thumb/v7e-m+fp/hard\libgcc.a(_arm_addsubdf3.o)
 .debug_frame   0x0000000000001ebc       0x50 c:/st/stm32cubeide_1.8.0/stm32cubeide/plugins/com.st.stm32cube.ide.mcu.externaltools.gnu-tools-for-stm32.10.3-2021.10.win32_1.0.0.202111181127/tools/bin/../lib/gcc/arm-none-eabi/10.3.1/thumb/v7e-m+fp/hard\libgcc.a(_arm_muldivdf3.o)
 .debug_frame   0x0000000000001f0c       0xc4 c:/st/stm32cubeide_1.8.0/stm32cubeide/plugins/com.st.stm32cube.ide.mcu.externaltools.gnu-tools-for-stm32.10.3-2021.10.win32_1.0.0.202111181127/tools/bin/../lib/gcc/arm-none-eabi/10.3.1/thumb/v7e-m+fp/hard\libgcc.a(_arm_cmpdf2.o)
 .debug_frame   0x0000000000001fd0       0x24 c:/st/stm32cubeide_1.8.0/stm32cubeide/plugins/com.st.stm32cube.ide.mcu.externaltools.gnu-tools-for-stm32.10.3-2021.10.win32_1.0.0.202111181127/tools/bin/../lib/gcc/arm-none-eabi/10.3.1/thumb/v7e-m+fp/hard\libgcc.a(_arm_fixdfsi.o)
 .debug_frame   0x0000000000001ff4       0x24 c:/st/stm32cubeide_1.8.0/stm32cubeide/plugins/com.st.stm32cube.ide.mcu.externaltools.gnu-tools-for-stm32.10.3-2021.10.win32_1.0.0.202111181127/tools/bin/../lib/gcc/arm-none-eabi/10.3.1/thumb/v7e-m+fp/hard\libgcc.a(_arm_fixunsdfsi.o)
 .debug_frame   0x0000000000002018       0x2c c:/st/stm32cubeide_1.8.0/stm32cubeide/plugins/com.st.stm32cube.ide.mcu.externaltools.gnu-tools-for-stm32.10.3-2021.10.win32_1.0.0.202111181127/tools/bin/../lib/gcc/arm-none-eabi/10.3.1/thumb/v7e-m+fp/hard\libgcc.a(_aeabi_uldivmod.o)
 .debug_frame   0x0000000000002044       0x34 c:/st/stm32cubeide_1.8.0/stm32cubeide/plugins/com.st.stm32cube.ide.mcu.externaltools.gnu-tools-for-stm32.10.3-2021.10.win32_1.0.0.202111181127/tools/bin/../lib/gcc/arm-none-eabi/10.3.1/thumb/v7e-m+fp/hard\libgcc.a(_udivmoddi4.o)
