../Core/Src/main.c:116:5:main	16	static
../Core/Src/main.c:291:6:SystemClock_Config	88	static
../Core/Src/main.c:338:13:MX_DCMI_Init	8	static
../Core/Src/main.c:371:13:MX_I2C2_Init	8	static
../Core/Src/main.c:405:13:MX_SPI1_Init	8	static
../Core/Src/main.c:443:13:MX_TIM5_Init	56	static
../Core/Src/main.c:492:13:MX_USART2_UART_Init	8	static
../Core/Src/main.c:525:13:MX_USART3_UART_Init	8	static
../Core/Src/main.c:556:13:MX_DMA_Init	16	static
../Core/Src/main.c:581:13:MX_GPIO_Init	56	static
../Core/Src/main.c:659:13:MX_FSMC_Init	40	static
../Core/Src/main.c:719:6:Error_Handler	4	static,ignoring_inline_asm
