../Core/Src/lcdIli9341/lcdIli9341.c:42:17:lcdIli9341_getDrawAddress	4	static
../Core/Src/lcdIli9341/lcdIli9341.c:53:6:ILI9341_SendCommand	16	static
../Core/Src/lcdIli9341/lcdIli9341.c:59:6:ILI9341_SendData	16	static
../Core/Src/lcdIli9341/lcdIli9341.c:67:6:ILI9341_SetCursorPosition	24	static
../Core/Src/lcdIli9341/lcdIli9341.c:83:6:ILI9341_Init	8	static
../Core/Src/lcdIli9341/lcdIli9341.c:158:6:ILI9341_DrawPixel	16	static
../Core/Src/lcdIli9341/lcdIli9341.c:164:6:ILI9341_Fill	24	static
../Core/Src/lcdIli9341/lcdIli9341.c:183:6:ILI9341_Fill_Rect	32	static
../Core/Src/lcdIli9341/lcdIli9341.c:195:6:ILI9341_drawCircle	40	static
../Core/Src/lcdIli9341/lcdIli9341.c:228:13:drawCircleHelper	40	static
../Core/Src/lcdIli9341/lcdIli9341.c:263:13:fillCircleHelper	40	static
../Core/Src/lcdIli9341/lcdIli9341.c:291:6:ILI9341_fillCircle	32	static
../Core/Src/lcdIli9341/lcdIli9341.c:298:6:ILI9341_drawLine	48	static
../Core/Src/lcdIli9341/lcdIli9341.c:338:6:ILI9341_drawFastHLine	32	static
../Core/Src/lcdIli9341/lcdIli9341.c:343:6:ILI9341_drawFastVLine	32	static
../Core/Src/lcdIli9341/lcdIli9341.c:348:6:ILI9341_drawTriangle	32	static
../Core/Src/lcdIli9341/lcdIli9341.c:354:6:ILI9341_fillTriangle	64	static
../Core/Src/lcdIli9341/lcdIli9341.c:424:6:ILI9341_drawChar	40	static
../Core/Src/lcdIli9341/lcdIli9341.c:458:6:ILI9341_printText	48	static
../Core/Src/lcdIli9341/lcdIli9341.c:469:6:ILI9341_printImage	32	static
../Core/Src/lcdIli9341/lcdIli9341.c:480:6:ILI9341_setRotation	16	static
